<?xml version="1.0" encoding="ISO-8859-1" ?>
<link_info>
   <banner>TI ARM Linker PC v20.2.7.LTS</banner>
   <copyright>Copyright (c) 1996-2018 Texas Instruments Incorporated</copyright>
   <link_time>0x69df2ce4</link_time>
   <link_errors>0x0</link_errors>
   <output_file>ece3849_lab1_hesmith.out</output_file>
   <entry_point>
      <name>_c_int00_noargs</name>
      <address>0xa27d</address>
   </entry_point>
   <input_file_list>
      <input_file id="fl-2">
         <path>.\</path>
         <kind>object</kind>
         <file>buzzer.obj</file>
         <name>buzzer.obj</name>
      </input_file>
      <input_file id="fl-3">
         <path>.\</path>
         <kind>object</kind>
         <file>joystick.obj</file>
         <name>joystick.obj</name>
      </input_file>
      <input_file id="fl-4">
         <path>.\</path>
         <kind>object</kind>
         <file>main.obj</file>
         <name>main.obj</name>
      </input_file>
      <input_file id="fl-5">
         <path>.\</path>
         <kind>object</kind>
         <file>screenMic.obj</file>
         <name>screenMic.obj</name>
      </input_file>
      <input_file id="fl-6">
         <path>.\</path>
         <kind>object</kind>
         <file>startup_ccs.obj</file>
         <name>startup_ccs.obj</name>
      </input_file>
      <input_file id="fl-7">
         <path>.\</path>
         <kind>object</kind>
         <file>stopwatch.obj</file>
         <name>stopwatch.obj</name>
      </input_file>
      <input_file id="fl-8">
         <path>.\FreeRTOS\</path>
         <kind>object</kind>
         <file>croutine.obj</file>
         <name>croutine.obj</name>
      </input_file>
      <input_file id="fl-9">
         <path>.\FreeRTOS\</path>
         <kind>object</kind>
         <file>event_groups.obj</file>
         <name>event_groups.obj</name>
      </input_file>
      <input_file id="fl-a">
         <path>.\FreeRTOS\</path>
         <kind>object</kind>
         <file>list.obj</file>
         <name>list.obj</name>
      </input_file>
      <input_file id="fl-b">
         <path>.\FreeRTOS\</path>
         <kind>object</kind>
         <file>queue.obj</file>
         <name>queue.obj</name>
      </input_file>
      <input_file id="fl-c">
         <path>.\FreeRTOS\</path>
         <kind>object</kind>
         <file>stream_buffer.obj</file>
         <name>stream_buffer.obj</name>
      </input_file>
      <input_file id="fl-d">
         <path>.\FreeRTOS\</path>
         <kind>object</kind>
         <file>tasks.obj</file>
         <name>tasks.obj</name>
      </input_file>
      <input_file id="fl-e">
         <path>.\FreeRTOS\</path>
         <kind>object</kind>
         <file>timers.obj</file>
         <name>timers.obj</name>
      </input_file>
      <input_file id="fl-f">
         <path>.\FreeRTOS\portable\CCS\ARM_CM4F\</path>
         <kind>object</kind>
         <file>port.obj</file>
         <name>port.obj</name>
      </input_file>
      <input_file id="fl-10">
         <path>.\FreeRTOS\portable\CCS\ARM_CM4F\</path>
         <kind>object</kind>
         <file>portasm.obj</file>
         <name>portasm.obj</name>
      </input_file>
      <input_file id="fl-11">
         <path>.\FreeRTOS\portable\MemMang\</path>
         <kind>object</kind>
         <file>heap_4.obj</file>
         <name>heap_4.obj</name>
      </input_file>
      <input_file id="fl-12">
         <path>.\libraries\OPT3001\</path>
         <kind>object</kind>
         <file>OPT3001.obj</file>
         <name>OPT3001.obj</name>
      </input_file>
      <input_file id="fl-13">
         <path>.\libraries\buttonsDriver\</path>
         <kind>object</kind>
         <file>button.obj</file>
         <name>button.obj</name>
      </input_file>
      <input_file id="fl-14">
         <path>.\libraries\display\</path>
         <kind>object</kind>
         <file>Crystalfontz128x128_ST7735.obj</file>
         <name>Crystalfontz128x128_ST7735.obj</name>
      </input_file>
      <input_file id="fl-15">
         <path>.\libraries\display\</path>
         <kind>object</kind>
         <file>HAL_EK_TM4C1294XL_Crystalfontz128x128_ST7735.obj</file>
         <name>HAL_EK_TM4C1294XL_Crystalfontz128x128_ST7735.obj</name>
      </input_file>
      <input_file id="fl-16">
         <path>.\libraries\joystickDriver\</path>
         <kind>object</kind>
         <file>joystick.obj</file>
         <name>joystick.obj</name>
      </input_file>
      <input_file id="fl-17">
         <path>.\libraries\</path>
         <kind>object</kind>
         <file>sysctl_pll.obj</file>
         <name>sysctl_pll.obj</name>
      </input_file>
      <input_file id="fl-18">
         <path>.\libraries\timerLib\</path>
         <kind>object</kind>
         <file>timerLib.obj</file>
         <name>timerLib.obj</name>
      </input_file>
      <input_file id="fl-1e">
         <kind>object</kind>
         <file>&lt;internal&gt;</file>
         <name>&lt;internal&gt;</name>
      </input_file>
      <input_file id="fl-d4">
         <path>C:\ti\ccs1281\ccs\tools\compiler\ti-cgt-arm_20.2.7.LTS\lib\</path>
         <kind>archive</kind>
         <file>rtsv7M4_T_le_v4SPD16_eabi.lib</file>
         <name>e_atan2f.c.obj</name>
      </input_file>
      <input_file id="fl-d5">
         <path>C:\ti\ccs1281\ccs\tools\compiler\ti-cgt-arm_20.2.7.LTS\lib\</path>
         <kind>archive</kind>
         <file>rtsv7M4_T_le_v4SPD16_eabi.lib</file>
         <name>e_log10f.c.obj</name>
      </input_file>
      <input_file id="fl-d6">
         <path>C:\ti\ccs1281\ccs\tools\compiler\ti-cgt-arm_20.2.7.LTS\lib\</path>
         <kind>archive</kind>
         <file>rtsv7M4_T_le_v4SPD16_eabi.lib</file>
         <name>e_sqrtf.c.obj</name>
      </input_file>
      <input_file id="fl-d7">
         <path>C:\ti\ccs1281\ccs\tools\compiler\ti-cgt-arm_20.2.7.LTS\lib\</path>
         <kind>archive</kind>
         <file>rtsv7M4_T_le_v4SPD16_eabi.lib</file>
         <name>s_atanf.c.obj</name>
      </input_file>
      <input_file id="fl-d8">
         <path>C:\ti\ccs1281\ccs\tools\compiler\ti-cgt-arm_20.2.7.LTS\lib\</path>
         <kind>archive</kind>
         <file>rtsv7M4_T_le_v4SPD16_eabi.lib</file>
         <name>s_floorf.c.obj</name>
      </input_file>
      <input_file id="fl-d9">
         <path>C:\ti\ccs1281\ccs\tools\compiler\ti-cgt-arm_20.2.7.LTS\lib\</path>
         <kind>archive</kind>
         <file>rtsv7M4_T_le_v4SPD16_eabi.lib</file>
         <name>guard.c.obj</name>
      </input_file>
      <input_file id="fl-da">
         <path>C:\ti\ccs1281\ccs\tools\compiler\ti-cgt-arm_20.2.7.LTS\lib\</path>
         <kind>archive</kind>
         <file>rtsv7M4_T_le_v4SPD16_eabi.lib</file>
         <name>snprintf.c.obj</name>
      </input_file>
      <input_file id="fl-db">
         <path>C:\ti\ccs1281\ccs\tools\compiler\ti-cgt-arm_20.2.7.LTS\lib\</path>
         <kind>archive</kind>
         <file>rtsv7M4_T_le_v4SPD16_eabi.lib</file>
         <name>fd_add_t2.asm.obj</name>
      </input_file>
      <input_file id="fl-dc">
         <path>C:\ti\ccs1281\ccs\tools\compiler\ti-cgt-arm_20.2.7.LTS\lib\</path>
         <kind>archive</kind>
         <file>rtsv7M4_T_le_v4SPD16_eabi.lib</file>
         <name>fd_cmp_t2.asm.obj</name>
      </input_file>
      <input_file id="fl-dd">
         <path>C:\ti\ccs1281\ccs\tools\compiler\ti-cgt-arm_20.2.7.LTS\lib\</path>
         <kind>archive</kind>
         <file>rtsv7M4_T_le_v4SPD16_eabi.lib</file>
         <name>fd_div_t2.asm.obj</name>
      </input_file>
      <input_file id="fl-de">
         <path>C:\ti\ccs1281\ccs\tools\compiler\ti-cgt-arm_20.2.7.LTS\lib\</path>
         <kind>archive</kind>
         <file>rtsv7M4_T_le_v4SPD16_eabi.lib</file>
         <name>fd_mul_t2.asm.obj</name>
      </input_file>
      <input_file id="fl-df">
         <path>C:\ti\ccs1281\ccs\tools\compiler\ti-cgt-arm_20.2.7.LTS\lib\</path>
         <kind>archive</kind>
         <file>rtsv7M4_T_le_v4SPD16_eabi.lib</file>
         <name>fd_toi_t2.asm.obj</name>
      </input_file>
      <input_file id="fl-e0">
         <path>C:\ti\ccs1281\ccs\tools\compiler\ti-cgt-arm_20.2.7.LTS\lib\</path>
         <kind>archive</kind>
         <file>rtsv7M4_T_le_v4SPD16_eabi.lib</file>
         <name>fd_tos_t2.asm.obj</name>
      </input_file>
      <input_file id="fl-e1">
         <path>C:\ti\ccs1281\ccs\tools\compiler\ti-cgt-arm_20.2.7.LTS\lib\</path>
         <kind>archive</kind>
         <file>rtsv7M4_T_le_v4SPD16_eabi.lib</file>
         <name>fs_tod_t2.asm.obj</name>
      </input_file>
      <input_file id="fl-e2">
         <path>C:\ti\ccs1281\ccs\tools\compiler\ti-cgt-arm_20.2.7.LTS\lib\</path>
         <kind>archive</kind>
         <file>rtsv7M4_T_le_v4SPD16_eabi.lib</file>
         <name>i_tofd_t2.asm.obj</name>
      </input_file>
      <input_file id="fl-e3">
         <path>C:\ti\ccs1281\ccs\tools\compiler\ti-cgt-arm_20.2.7.LTS\lib\</path>
         <kind>archive</kind>
         <file>rtsv7M4_T_le_v4SPD16_eabi.lib</file>
         <name>memcpy_t2.asm.obj</name>
      </input_file>
      <input_file id="fl-e4">
         <path>C:\ti\ccs1281\ccs\tools\compiler\ti-cgt-arm_20.2.7.LTS\lib\</path>
         <kind>archive</kind>
         <file>rtsv7M4_T_le_v4SPD16_eabi.lib</file>
         <name>memset_t2.asm.obj</name>
      </input_file>
      <input_file id="fl-e5">
         <path>C:\ti\ccs1281\ccs\tools\compiler\ti-cgt-arm_20.2.7.LTS\lib\</path>
         <kind>archive</kind>
         <file>rtsv7M4_T_le_v4SPD16_eabi.lib</file>
         <name>ull_div_t2.asm.obj</name>
      </input_file>
      <input_file id="fl-e6">
         <path>C:\ti\ccs1281\ccs\tools\compiler\ti-cgt-arm_20.2.7.LTS\lib\</path>
         <kind>archive</kind>
         <file>rtsv7M4_T_le_v4SPD16_eabi.lib</file>
         <name>copy_zero_init.c.obj</name>
      </input_file>
      <input_file id="fl-e7">
         <path>C:\ti\ccs1281\ccs\tools\compiler\ti-cgt-arm_20.2.7.LTS\lib\</path>
         <kind>archive</kind>
         <file>rtsv7M4_T_le_v4SPD16_eabi.lib</file>
         <name>copy_decompress_none.c.obj</name>
      </input_file>
      <input_file id="fl-e8">
         <path>C:\ti\ccs1281\ccs\tools\compiler\ti-cgt-arm_20.2.7.LTS\lib\</path>
         <kind>archive</kind>
         <file>rtsv7M4_T_le_v4SPD16_eabi.lib</file>
         <name>copy_decompress_lzss.c.obj</name>
      </input_file>
      <input_file id="fl-e9">
         <path>C:\ti\ccs1281\ccs\tools\compiler\ti-cgt-arm_20.2.7.LTS\lib\</path>
         <kind>archive</kind>
         <file>rtsv7M4_T_le_v4SPD16_eabi.lib</file>
         <name>boot_cortex_m.c.obj</name>
      </input_file>
      <input_file id="fl-ea">
         <path>C:\ti\ccs1281\ccs\tools\compiler\ti-cgt-arm_20.2.7.LTS\lib\</path>
         <kind>archive</kind>
         <file>rtsv7M4_T_le_v4SPD16_eabi.lib</file>
         <name>errno.c.obj</name>
      </input_file>
      <input_file id="fl-eb">
         <path>C:\ti\ccs1281\ccs\tools\compiler\ti-cgt-arm_20.2.7.LTS\lib\</path>
         <kind>archive</kind>
         <file>rtsv7M4_T_le_v4SPD16_eabi.lib</file>
         <name>_printfi.c.obj</name>
      </input_file>
      <input_file id="fl-ec">
         <path>C:\ti\ccs1281\ccs\tools\compiler\ti-cgt-arm_20.2.7.LTS\lib\</path>
         <kind>archive</kind>
         <file>rtsv7M4_T_le_v4SPD16_eabi.lib</file>
         <name>div0.asm.obj</name>
      </input_file>
      <input_file id="fl-ed">
         <path>C:\ti\ccs1281\ccs\tools\compiler\ti-cgt-arm_20.2.7.LTS\lib\</path>
         <kind>archive</kind>
         <file>rtsv7M4_T_le_v4SPD16_eabi.lib</file>
         <name>autoinit.c.obj</name>
      </input_file>
      <input_file id="fl-ee">
         <path>C:\ti\ccs1281\ccs\tools\compiler\ti-cgt-arm_20.2.7.LTS\lib\</path>
         <kind>archive</kind>
         <file>rtsv7M4_T_le_v4SPD16_eabi.lib</file>
         <name>pre_init.c.obj</name>
      </input_file>
      <input_file id="fl-ef">
         <path>C:\ti\ccs1281\ccs\tools\compiler\ti-cgt-arm_20.2.7.LTS\lib\</path>
         <kind>archive</kind>
         <file>rtsv7M4_T_le_v4SPD16_eabi.lib</file>
         <name>cpy_tbl.c.obj</name>
      </input_file>
      <input_file id="fl-f0">
         <path>C:\ti\ccs1281\ccs\tools\compiler\ti-cgt-arm_20.2.7.LTS\lib\</path>
         <kind>archive</kind>
         <file>rtsv7M4_T_le_v4SPD16_eabi.lib</file>
         <name>exit.c.obj</name>
      </input_file>
      <input_file id="fl-f1">
         <path>C:\ti\ccs1281\ccs\tools\compiler\ti-cgt-arm_20.2.7.LTS\lib\</path>
         <kind>archive</kind>
         <file>rtsv7M4_T_le_v4SPD16_eabi.lib</file>
         <name>_lock.c.obj</name>
      </input_file>
      <input_file id="fl-f2">
         <path>C:\ti\ccs1281\ccs\tools\compiler\ti-cgt-arm_20.2.7.LTS\lib\</path>
         <kind>archive</kind>
         <file>rtsv7M4_T_le_v4SPD16_eabi.lib</file>
         <name>_ltoa.c.obj</name>
      </input_file>
      <input_file id="fl-f3">
         <path>C:\ti\ccs1281\ccs\tools\compiler\ti-cgt-arm_20.2.7.LTS\lib\</path>
         <kind>archive</kind>
         <file>rtsv7M4_T_le_v4SPD16_eabi.lib</file>
         <name>args_main.c.obj</name>
      </input_file>
      <input_file id="fl-f4">
         <path>C:\ti\ccs1281\ccs\tools\compiler\ti-cgt-arm_20.2.7.LTS\lib\</path>
         <kind>archive</kind>
         <file>rtsv7M4_T_le_v4SPD16_eabi.lib</file>
         <name>atoi.c.obj</name>
      </input_file>
      <input_file id="fl-f5">
         <path>C:\ti\ccs1281\ccs\tools\compiler\ti-cgt-arm_20.2.7.LTS\lib\</path>
         <kind>archive</kind>
         <file>rtsv7M4_T_le_v4SPD16_eabi.lib</file>
         <name>ctype.c.obj</name>
      </input_file>
      <input_file id="fl-f6">
         <path>C:\ti\ccs1281\ccs\tools\compiler\ti-cgt-arm_20.2.7.LTS\lib\</path>
         <kind>archive</kind>
         <file>rtsv7M4_T_le_v4SPD16_eabi.lib</file>
         <name>memccpy.c.obj</name>
      </input_file>
      <input_file id="fl-f7">
         <path>C:\ti\ccs1281\ccs\tools\compiler\ti-cgt-arm_20.2.7.LTS\lib\</path>
         <kind>archive</kind>
         <file>rtsv7M4_T_le_v4SPD16_eabi.lib</file>
         <name>strchr.c.obj</name>
      </input_file>
      <input_file id="fl-f8">
         <path>C:\ti\ccs1281\ccs\tools\compiler\ti-cgt-arm_20.2.7.LTS\lib\</path>
         <kind>archive</kind>
         <file>rtsv7M4_T_le_v4SPD16_eabi.lib</file>
         <name>strlen.c.obj</name>
      </input_file>
      <input_file id="fl-f9">
         <path>C:\ti\ccs1281\ccs\tools\compiler\ti-cgt-arm_20.2.7.LTS\lib\</path>
         <kind>archive</kind>
         <file>rtsv7M4_T_le_v4SPD16_eabi.lib</file>
         <name>wcslen.c.obj</name>
      </input_file>
      <input_file id="fl-fa">
         <path>C:\ti\ccs1281\ccs\tools\compiler\ti-cgt-arm_20.2.7.LTS\lib\</path>
         <kind>archive</kind>
         <file>rtsv7M4_T_le_v4SPD16_eabi.lib</file>
         <name>s_frexp.c.obj</name>
      </input_file>
      <input_file id="fl-fb">
         <path>C:\ti\ccs1281\ccs\tools\compiler\ti-cgt-arm_20.2.7.LTS\lib\</path>
         <kind>archive</kind>
         <file>rtsv7M4_T_le_v4SPD16_eabi.lib</file>
         <name>s_scalbn.c.obj</name>
      </input_file>
      <input_file id="fl-fc">
         <path>C:\ti\ccs1281\ccs\tools\compiler\ti-cgt-arm_20.2.7.LTS\lib\</path>
         <kind>archive</kind>
         <file>rtsv7M4_T_le_v4SPD16_eabi.lib</file>
         <name>s_copysign.c.obj</name>
      </input_file>
      <input_file id="fl-fd">
         <path>C:\ti\TivaWare_C_Series-2.2.0.295\grlib\ccs\Debug\</path>
         <kind>archive</kind>
         <file>grlib.lib</file>
         <name>context.obj</name>
      </input_file>
      <input_file id="fl-fe">
         <path>C:\ti\TivaWare_C_Series-2.2.0.295\grlib\ccs\Debug\</path>
         <kind>archive</kind>
         <file>grlib.lib</file>
         <name>rectangle.obj</name>
      </input_file>
      <input_file id="fl-ff">
         <path>C:\ti\TivaWare_C_Series-2.2.0.295\grlib\ccs\Debug\</path>
         <kind>archive</kind>
         <file>grlib.lib</file>
         <name>string.obj</name>
      </input_file>
      <input_file id="fl-100">
         <path>C:\ti\TivaWare_C_Series-2.2.0.295\grlib\ccs\Debug\</path>
         <kind>archive</kind>
         <file>grlib.lib</file>
         <name>fontfixed6x8.obj</name>
      </input_file>
      <input_file id="fl-101">
         <path>C:\ti\TivaWare_C_Series-2.2.0.295\grlib\ccs\Debug\</path>
         <kind>archive</kind>
         <file>grlib.lib</file>
         <name>charmap.obj</name>
      </input_file>
      <input_file id="fl-102">
         <path>C:\ti\TivaWare_C_Series-2.2.0.295\grlib\ccs\Debug\</path>
         <kind>archive</kind>
         <file>grlib.lib</file>
         <name>line.obj</name>
      </input_file>
      <input_file id="fl-103">
         <path>C:\ti\TivaWare_C_Series-2.2.0.295\driverlib\ccs\Debug\</path>
         <kind>archive</kind>
         <file>driverlib.lib</file>
         <name>adc.obj</name>
      </input_file>
      <input_file id="fl-104">
         <path>C:\ti\TivaWare_C_Series-2.2.0.295\driverlib\ccs\Debug\</path>
         <kind>archive</kind>
         <file>driverlib.lib</file>
         <name>fpu.obj</name>
      </input_file>
      <input_file id="fl-105">
         <path>C:\ti\TivaWare_C_Series-2.2.0.295\driverlib\ccs\Debug\</path>
         <kind>archive</kind>
         <file>driverlib.lib</file>
         <name>gpio.obj</name>
      </input_file>
      <input_file id="fl-106">
         <path>C:\ti\TivaWare_C_Series-2.2.0.295\driverlib\ccs\Debug\</path>
         <kind>archive</kind>
         <file>driverlib.lib</file>
         <name>i2c.obj</name>
      </input_file>
      <input_file id="fl-107">
         <path>C:\ti\TivaWare_C_Series-2.2.0.295\driverlib\ccs\Debug\</path>
         <kind>archive</kind>
         <file>driverlib.lib</file>
         <name>interrupt.obj</name>
      </input_file>
      <input_file id="fl-108">
         <path>C:\ti\TivaWare_C_Series-2.2.0.295\driverlib\ccs\Debug\</path>
         <kind>archive</kind>
         <file>driverlib.lib</file>
         <name>pwm.obj</name>
      </input_file>
      <input_file id="fl-109">
         <path>C:\ti\TivaWare_C_Series-2.2.0.295\driverlib\ccs\Debug\</path>
         <kind>archive</kind>
         <file>driverlib.lib</file>
         <name>ssi.obj</name>
      </input_file>
      <input_file id="fl-10a">
         <path>C:\ti\TivaWare_C_Series-2.2.0.295\driverlib\ccs\Debug\</path>
         <kind>archive</kind>
         <file>driverlib.lib</file>
         <name>sysctl.obj</name>
      </input_file>
      <input_file id="fl-10b">
         <path>C:\ti\TivaWare_C_Series-2.2.0.295\driverlib\ccs\Debug\</path>
         <kind>archive</kind>
         <file>driverlib.lib</file>
         <name>timer.obj</name>
      </input_file>
      <input_file id="fl-10c">
         <path>C:\ti\TivaWare_C_Series-2.2.0.295\driverlib\ccs\Debug\</path>
         <kind>archive</kind>
         <file>driverlib.lib</file>
         <name>cpu.obj</name>
      </input_file>
   </input_file_list>
   <object_component_list>
      <object_component id="oc-12">
         <name>.intvecs</name>
         <load_address>0x0</load_address>
         <run_address>0x0</run_address>
         <size>0x200</size>
         <input_file_ref idref="fl-6"/>
      </object_component>
      <object_component id="oc-a2">
         <name>.text</name>
         <load_address>0x200</load_address>
         <run_address>0x200</run_address>
         <size>0x2510</size>
         <input_file_ref idref="fl-d"/>
      </object_component>
      <object_component id="oc-12d">
         <name>.text</name>
         <load_address>0x2710</load_address>
         <run_address>0x2710</run_address>
         <size>0xdd0</size>
         <input_file_ref idref="fl-b"/>
      </object_component>
      <object_component id="oc-156">
         <name>.text</name>
         <load_address>0x34e0</load_address>
         <run_address>0x34e0</run_address>
         <size>0xbf4</size>
         <input_file_ref idref="fl-16"/>
      </object_component>
      <object_component id="oc-87">
         <name>.text</name>
         <load_address>0x40d4</load_address>
         <run_address>0x40d4</run_address>
         <size>0xad0</size>
         <input_file_ref idref="fl-4"/>
      </object_component>
      <object_component id="oc-133">
         <name>.text</name>
         <load_address>0x4ba4</load_address>
         <run_address>0x4ba4</run_address>
         <size>0xa5e</size>
         <input_file_ref idref="fl-13"/>
      </object_component>
      <object_component id="oc-81d">
         <name>.text</name>
         <load_address>0x5602</load_address>
         <run_address>0x5602</run_address>
         <size>0x2</size>
         <input_file_ref idref="fl-ec"/>
      </object_component>
      <object_component id="oc-4f8">
         <name>.text:__TI_printfi</name>
         <load_address>0x5604</load_address>
         <run_address>0x5604</run_address>
         <size>0xa4e</size>
         <input_file_ref idref="fl-eb"/>
      </object_component>
      <object_component id="oc-299">
         <name>.text</name>
         <load_address>0x6054</load_address>
         <run_address>0x6054</run_address>
         <size>0x684</size>
         <input_file_ref idref="fl-e"/>
      </object_component>
      <object_component id="oc-1b0">
         <name>.text</name>
         <load_address>0x66d8</load_address>
         <run_address>0x66d8</run_address>
         <size>0x5e4</size>
         <input_file_ref idref="fl-14"/>
      </object_component>
      <object_component id="oc-2cc">
         <name>.text</name>
         <load_address>0x6cbc</load_address>
         <run_address>0x6cbc</run_address>
         <size>0x420</size>
         <input_file_ref idref="fl-11"/>
      </object_component>
      <object_component id="oc-8d">
         <name>.text</name>
         <load_address>0x70dc</load_address>
         <run_address>0x70dc</run_address>
         <size>0x2a8</size>
         <input_file_ref idref="fl-5"/>
      </object_component>
      <object_component id="oc-6f2">
         <name>.text:_pconv_a</name>
         <load_address>0x7384</load_address>
         <run_address>0x7384</run_address>
         <size>0x270</size>
         <input_file_ref idref="fl-eb"/>
      </object_component>
      <object_component id="oc-69d">
         <name>.text:GrFontGlyphRender</name>
         <load_address>0x75f4</load_address>
         <run_address>0x75f4</run_address>
         <size>0x252</size>
         <input_file_ref idref="fl-ff"/>
      </object_component>
      <object_component id="oc-93">
         <name>.text</name>
         <load_address>0x7848</load_address>
         <run_address>0x7848</run_address>
         <size>0x214</size>
         <input_file_ref idref="fl-7"/>
      </object_component>
      <object_component id="oc-18c">
         <name>.text:SysCtlClockFreqSet</name>
         <load_address>0x7a5c</load_address>
         <run_address>0x7a5c</run_address>
         <size>0x200</size>
         <input_file_ref idref="fl-10a"/>
      </object_component>
      <object_component id="oc-6e0">
         <name>.text:_pconv_g</name>
         <load_address>0x7c5c</load_address>
         <run_address>0x7c5c</run_address>
         <size>0x1d0</size>
         <input_file_ref idref="fl-eb"/>
      </object_component>
      <object_component id="oc-208">
         <name>.text</name>
         <load_address>0x7e2c</load_address>
         <run_address>0x7e2c</run_address>
         <size>0x1b6</size>
         <input_file_ref idref="fl-db"/>
      </object_component>
      <object_component id="oc-37b">
         <name>.text:GPIOPadConfigSet</name>
         <load_address>0x7fe4</load_address>
         <run_address>0x7fe4</run_address>
         <size>0x16c</size>
         <input_file_ref idref="fl-105"/>
      </object_component>
      <object_component id="oc-551">
         <name>.text:log10f</name>
         <load_address>0x8150</load_address>
         <run_address>0x8150</run_address>
         <size>0x15c</size>
         <input_file_ref idref="fl-d5"/>
      </object_component>
      <object_component id="oc-422">
         <name>.text:atan2f</name>
         <load_address>0x82ac</load_address>
         <run_address>0x82ac</run_address>
         <size>0x158</size>
         <input_file_ref idref="fl-d4"/>
      </object_component>
      <object_component id="oc-62d">
         <name>.text:atanf</name>
         <load_address>0x8404</load_address>
         <run_address>0x8404</run_address>
         <size>0x150</size>
         <input_file_ref idref="fl-d7"/>
      </object_component>
      <object_component id="oc-4a8">
         <name>.text</name>
         <load_address>0x8554</load_address>
         <run_address>0x8554</run_address>
         <size>0x144</size>
         <input_file_ref idref="fl-15"/>
      </object_component>
      <object_component id="oc-6ec">
         <name>.text:_pconv_e</name>
         <load_address>0x8698</load_address>
         <run_address>0x8698</run_address>
         <size>0x13c</size>
         <input_file_ref idref="fl-eb"/>
      </object_component>
      <object_component id="oc-37">
         <name>.text</name>
         <load_address>0x87d4</load_address>
         <run_address>0x87d4</run_address>
         <size>0x13c</size>
         <input_file_ref idref="fl-f"/>
      </object_component>
      <object_component id="oc-251">
         <name>.text</name>
         <load_address>0x8910</load_address>
         <run_address>0x8910</run_address>
         <size>0x136</size>
         <input_file_ref idref="fl-dd"/>
      </object_component>
      <object_component id="oc-2d2">
         <name>.text</name>
         <load_address>0x8a46</load_address>
         <run_address>0x8a46</run_address>
         <size>0x130</size>
         <input_file_ref idref="fl-a"/>
      </object_component>
      <object_component id="oc-7c1">
         <name>.text:fcvt</name>
         <load_address>0x8b78</load_address>
         <run_address>0x8b78</run_address>
         <size>0x124</size>
         <input_file_ref idref="fl-eb"/>
      </object_component>
      <object_component id="oc-7b">
         <name>.text</name>
         <load_address>0x8c9c</load_address>
         <run_address>0x8c9c</run_address>
         <size>0x114</size>
         <input_file_ref idref="fl-2"/>
      </object_component>
      <object_component id="oc-7d5">
         <name>.text:scalbn</name>
         <load_address>0x8db0</load_address>
         <run_address>0x8db0</run_address>
         <size>0x110</size>
         <input_file_ref idref="fl-fb"/>
      </object_component>
      <object_component id="oc-203">
         <name>.text</name>
         <load_address>0x8ec0</load_address>
         <run_address>0x8ec0</run_address>
         <size>0xfc</size>
         <input_file_ref idref="fl-de"/>
      </object_component>
      <object_component id="oc-81">
         <name>.text</name>
         <load_address>0x8fbc</load_address>
         <run_address>0x8fbc</run_address>
         <size>0xf4</size>
         <input_file_ref idref="fl-3"/>
      </object_component>
      <object_component id="oc-32">
         <name>.text</name>
         <load_address>0x90b0</load_address>
         <run_address>0x90b0</run_address>
         <size>0xda</size>
         <input_file_ref idref="fl-10"/>
      </object_component>
      <object_component id="oc-4bc">
         <name>.text:GrDefaultStringRenderer</name>
         <load_address>0x918a</load_address>
         <run_address>0x918a</run_address>
         <size>0xc0</size>
         <input_file_ref idref="fl-ff"/>
      </object_component>
      <object_component id="oc-6da">
         <name>.text:_ltostr</name>
         <load_address>0x924c</load_address>
         <run_address>0x924c</run_address>
         <size>0xb1</size>
         <input_file_ref idref="fl-eb"/>
      </object_component>
      <object_component id="oc-4b">
         <name>.text</name>
         <load_address>0x92fe</load_address>
         <run_address>0x92fe</run_address>
         <size>0x9c</size>
         <input_file_ref idref="fl-e3"/>
      </object_component>
      <object_component id="oc-7a8">
         <name>.text</name>
         <load_address>0x939a</load_address>
         <run_address>0x939a</run_address>
         <size>0x96</size>
         <input_file_ref idref="fl-e5"/>
      </object_component>
      <object_component id="oc-1c2">
         <name>.text:GrRectFill</name>
         <load_address>0x9430</load_address>
         <run_address>0x9430</run_address>
         <size>0x86</size>
         <input_file_ref idref="fl-fe"/>
      </object_component>
      <object_component id="oc-21d">
         <name>.text:__aeabi_cdcmple</name>
         <load_address>0x94b6</load_address>
         <run_address>0x94b6</run_address>
         <size>0x86</size>
         <input_file_ref idref="fl-dc"/>
      </object_component>
      <object_component id="oc-222">
         <name>.text:__aeabi_cdrcmple</name>
         <load_address>0x953c</load_address>
         <run_address>0x953c</run_address>
         <size>0x86</size>
         <input_file_ref idref="fl-dc"/>
      </object_component>
      <object_component id="oc-459">
         <name>.text:floorf</name>
         <load_address>0x95c4</load_address>
         <run_address>0x95c4</run_address>
         <size>0x80</size>
         <input_file_ref idref="fl-d8"/>
      </object_component>
      <object_component id="oc-275">
         <name>.text:ADCSequenceStepConfigure</name>
         <load_address>0x9644</load_address>
         <run_address>0x9644</run_address>
         <size>0x7a</size>
         <input_file_ref idref="fl-103"/>
      </object_component>
      <object_component id="oc-d9">
         <name>.text</name>
         <load_address>0x96be</load_address>
         <run_address>0x96be</run_address>
         <size>0x7a</size>
         <input_file_ref idref="fl-e4"/>
      </object_component>
      <object_component id="oc-7ba">
         <name>.text:_mcpy</name>
         <load_address>0x9738</load_address>
         <run_address>0x9738</run_address>
         <size>0x6e</size>
         <input_file_ref idref="fl-eb"/>
      </object_component>
      <object_component id="oc-256">
         <name>.text</name>
         <load_address>0x97a6</load_address>
         <run_address>0x97a6</run_address>
         <size>0x6e</size>
         <input_file_ref idref="fl-e0"/>
      </object_component>
      <object_component id="oc-1b6">
         <name>.text:GrContextInit</name>
         <load_address>0x9814</load_address>
         <run_address>0x9814</run_address>
         <size>0x68</size>
         <input_file_ref idref="fl-fd"/>
      </object_component>
      <object_component id="oc-1d3">
         <name>.text:GrStringWidthGet</name>
         <load_address>0x987c</load_address>
         <run_address>0x987c</run_address>
         <size>0x68</size>
         <input_file_ref idref="fl-ff"/>
      </object_component>
      <object_component id="oc-1aa">
         <name>.text:IntEnable</name>
         <load_address>0x98e4</load_address>
         <run_address>0x98e4</run_address>
         <size>0x68</size>
         <input_file_ref idref="fl-107"/>
      </object_component>
      <object_component id="oc-15">
         <name>.text:decompress:lzss:__TI_decompress_lzss</name>
         <load_address>0x994c</load_address>
         <run_address>0x994c</run_address>
         <size>0x68</size>
         <input_file_ref idref="fl-e8"/>
      </object_component>
      <object_component id="oc-239">
         <name>.text:GrRectDraw</name>
         <load_address>0x99b4</load_address>
         <run_address>0x99b4</run_address>
         <size>0x66</size>
         <input_file_ref idref="fl-fe"/>
      </object_component>
      <object_component id="oc-7cf">
         <name>.text:frexp</name>
         <load_address>0x9a1c</load_address>
         <run_address>0x9a1c</run_address>
         <size>0x64</size>
         <input_file_ref idref="fl-fa"/>
      </object_component>
      <object_component id="oc-33c">
         <name>.text:__TI_auto_init_nobinit:__TI_auto_init_nobinit</name>
         <load_address>0x9a80</load_address>
         <run_address>0x9a80</run_address>
         <size>0x60</size>
         <input_file_ref idref="fl-ed"/>
      </object_component>
      <object_component id="oc-6c0">
         <name>.text:FontWideGlyphDataGet</name>
         <load_address>0x9ae0</load_address>
         <run_address>0x9ae0</run_address>
         <size>0x5a</size>
         <input_file_ref idref="fl-ff"/>
      </object_component>
      <object_component id="oc-19e">
         <name>.text:GPIOIntTypeSet</name>
         <load_address>0x9b3a</load_address>
         <run_address>0x9b3a</run_address>
         <size>0x58</size>
         <input_file_ref idref="fl-105"/>
      </object_component>
      <object_component id="oc-6e6">
         <name>.text:_pconv_f</name>
         <load_address>0x9b92</load_address>
         <run_address>0x9b92</run_address>
         <size>0x56</size>
         <input_file_ref idref="fl-eb"/>
      </object_component>
      <object_component id="oc-7ae">
         <name>.text:__TI_ltoa</name>
         <load_address>0x9be8</load_address>
         <run_address>0x9be8</run_address>
         <size>0x54</size>
         <input_file_ref idref="fl-f2"/>
      </object_component>
      <object_component id="oc-7b4">
         <name>.text:_ecpy</name>
         <load_address>0x9c3c</load_address>
         <run_address>0x9c3c</run_address>
         <size>0x52</size>
         <input_file_ref idref="fl-eb"/>
      </object_component>
      <object_component id="oc-26f">
         <name>.text:ADCSequenceConfigure</name>
         <load_address>0x9c8e</load_address>
         <run_address>0x9c8e</run_address>
         <size>0x4e</size>
         <input_file_ref idref="fl-103"/>
      </object_component>
      <object_component id="oc-fd">
         <name>.text:GPIOPinConfigure</name>
         <load_address>0x9cdc</load_address>
         <run_address>0x9cdc</run_address>
         <size>0x4c</size>
         <input_file_ref idref="fl-105"/>
      </object_component>
      <object_component id="oc-6d4">
         <name>.text:atoi</name>
         <load_address>0x9d28</load_address>
         <run_address>0x9d28</run_address>
         <size>0x4c</size>
         <input_file_ref idref="fl-f4"/>
      </object_component>
      <object_component id="oc-1e5">
         <name>.text:snprintf</name>
         <load_address>0x9d74</load_address>
         <run_address>0x9d74</run_address>
         <size>0x4c</size>
         <input_file_ref idref="fl-da"/>
      </object_component>
      <object_component id="oc-4ca">
         <name>.text:UpdateContextCharMapping</name>
         <load_address>0x9dc0</load_address>
         <run_address>0x9dc0</run_address>
         <size>0x4a</size>
         <input_file_ref idref="fl-ff"/>
      </object_component>
      <object_component id="oc-47d">
         <name>.text:_SysCtlFrequencyGet</name>
         <load_address>0x9e0c</load_address>
         <run_address>0x9e0c</run_address>
         <size>0x48</size>
         <input_file_ref idref="fl-10a"/>
      </object_component>
      <object_component id="oc-20d">
         <name>.text</name>
         <load_address>0x9e54</load_address>
         <run_address>0x9e54</run_address>
         <size>0x48</size>
         <input_file_ref idref="fl-df"/>
      </object_component>
      <object_component id="oc-53a">
         <name>.text:GrLineDrawH</name>
         <load_address>0x9e9c</load_address>
         <run_address>0x9e9c</run_address>
         <size>0x46</size>
         <input_file_ref idref="fl-102"/>
      </object_component>
      <object_component id="oc-540">
         <name>.text:GrLineDrawV</name>
         <load_address>0x9ee2</load_address>
         <run_address>0x9ee2</run_address>
         <size>0x46</size>
         <input_file_ref idref="fl-102"/>
      </object_component>
      <object_component id="oc-494">
         <name>.text:_GPIOIntNumberGet</name>
         <load_address>0x9f28</load_address>
         <run_address>0x9f28</run_address>
         <size>0x44</size>
         <input_file_ref idref="fl-105"/>
      </object_component>
      <object_component id="oc-436">
         <name>.text:_ZN8Joystick10emitCenterEv</name>
         <load_address>0x9f6c</load_address>
         <run_address>0x9f6c</run_address>
         <size>0x40</size>
         <input_file_ref idref="fl-16"/>
      </object_component>
      <object_component id="oc-452">
         <name>.text:_ZN8Joystick10emitRepeatEv</name>
         <load_address>0x9fac</load_address>
         <run_address>0x9fac</run_address>
         <size>0x40</size>
         <input_file_ref idref="fl-16"/>
      </object_component>
      <object_component id="oc-42f">
         <name>.text:_ZN8Joystick12emitTiltStopEv</name>
         <load_address>0x9fec</load_address>
         <run_address>0x9fec</run_address>
         <size>0x40</size>
         <input_file_ref idref="fl-16"/>
      </object_component>
      <object_component id="oc-428">
         <name>.text:_ZN8Joystick13emitTiltStartEv</name>
         <load_address>0xa02c</load_address>
         <run_address>0xa02c</run_address>
         <size>0x40</size>
         <input_file_ref idref="fl-16"/>
      </object_component>
      <object_component id="oc-43d">
         <name>.text:_ZN8Joystick14emitDirChangedEv</name>
         <load_address>0xa06c</load_address>
         <run_address>0xa06c</run_address>
         <size>0x40</size>
         <input_file_ref idref="fl-16"/>
      </object_component>
      <object_component id="oc-44b">
         <name>.text:_ZN8Joystick8emitMoveEv</name>
         <load_address>0xa0ac</load_address>
         <run_address>0xa0ac</run_address>
         <size>0x40</size>
         <input_file_ref idref="fl-16"/>
      </object_component>
      <object_component id="oc-7c7">
         <name>.text:_fcpy</name>
         <load_address>0xa0ec</load_address>
         <run_address>0xa0ec</run_address>
         <size>0x3e</size>
         <input_file_ref idref="fl-eb"/>
      </object_component>
      <object_component id="oc-6c6">
         <name>.text:FontGlyphDataGet</name>
         <load_address>0xa12a</load_address>
         <run_address>0xa12a</run_address>
         <size>0x3c</size>
         <input_file_ref idref="fl-ff"/>
      </object_component>
      <object_component id="oc-675">
         <name>.text:SSIConfigSetExpClk</name>
         <load_address>0xa166</load_address>
         <run_address>0xa166</run_address>
         <size>0x3c</size>
         <input_file_ref idref="fl-109"/>
      </object_component>
      <object_component id="oc-f7">
         <name>.text:SysCtlPeripheralReady</name>
         <load_address>0xa1a4</load_address>
         <run_address>0xa1a4</run_address>
         <size>0x38</size>
         <input_file_ref idref="fl-10a"/>
      </object_component>
      <object_component id="oc-218">
         <name>.text</name>
         <load_address>0xa1dc</load_address>
         <run_address>0xa1dc</run_address>
         <size>0x38</size>
         <input_file_ref idref="fl-e1"/>
      </object_component>
      <object_component id="oc-49a">
         <name>.text:IntRegister</name>
         <load_address>0xa214</load_address>
         <run_address>0xa214</run_address>
         <size>0x34</size>
         <input_file_ref idref="fl-107"/>
      </object_component>
      <object_component id="oc-f1">
         <name>.text:SysCtlPeripheralEnable</name>
         <load_address>0xa248</load_address>
         <run_address>0xa248</run_address>
         <size>0x34</size>
         <input_file_ref idref="fl-10a"/>
      </object_component>
      <object_component id="oc-69">
         <name>.text:_c_int00_noargs:_c_int00_noargs</name>
         <load_address>0xa27c</load_address>
         <run_address>0xa27c</run_address>
         <size>0x34</size>
         <input_file_ref idref="fl-e9"/>
      </object_component>
      <object_component id="oc-403">
         <name>.text:_ZN8Joystick6EventsC1Ev</name>
         <load_address>0xa2b0</load_address>
         <run_address>0xa2b0</run_address>
         <size>0x30</size>
         <input_file_ref idref="fl-16"/>
      </object_component>
      <object_component id="oc-4fe">
         <name>.text:_outs</name>
         <load_address>0xa2e0</load_address>
         <run_address>0xa2e0</run_address>
         <size>0x30</size>
         <input_file_ref idref="fl-da"/>
      </object_component>
      <object_component id="oc-28d">
         <name>.text:ADCIntStatus</name>
         <load_address>0xa310</load_address>
         <run_address>0xa310</run_address>
         <size>0x2e</size>
         <input_file_ref idref="fl-103"/>
      </object_component>
      <object_component id="oc-4e3">
         <name>.text:GrStringNextCharGet</name>
         <load_address>0xa33e</load_address>
         <run_address>0xa33e</run_address>
         <size>0x2e</size>
         <input_file_ref idref="fl-ff"/>
      </object_component>
      <object_component id="oc-1fe">
         <name>.text</name>
         <load_address>0xa36c</load_address>
         <run_address>0xa36c</run_address>
         <size>0x2e</size>
         <input_file_ref idref="fl-e2"/>
      </object_component>
      <object_component id="oc-375">
         <name>.text:GPIODirModeSet</name>
         <load_address>0xa39a</load_address>
         <run_address>0xa39a</run_address>
         <size>0x2c</size>
         <input_file_ref idref="fl-105"/>
      </object_component>
      <object_component id="oc-1d9">
         <name>.text:GrFontBaselineGet</name>
         <load_address>0xa3c6</load_address>
         <run_address>0xa3c6</run_address>
         <size>0x2c</size>
         <input_file_ref idref="fl-ff"/>
      </object_component>
      <object_component id="oc-444">
         <name>.text:_ZN8Joystick10fabsf_fastEf</name>
         <load_address>0xa3f2</load_address>
         <run_address>0xa3f2</run_address>
         <size>0x28</size>
         <input_file_ref idref="fl-16"/>
      </object_component>
      <object_component id="oc-41c">
         <name>.text:sqrtf</name>
         <load_address>0xa41c</load_address>
         <run_address>0xa41c</run_address>
         <size>0x28</size>
         <input_file_ref idref="fl-d6"/>
      </object_component>
      <object_component id="oc-4ef">
         <name>.text:GrFontInfoGet</name>
         <load_address>0xa444</load_address>
         <run_address>0xa444</run_address>
         <size>0x26</size>
         <input_file_ref idref="fl-ff"/>
      </object_component>
      <object_component id="oc-4e9">
         <name>.text:GrFontGlyphDataGet</name>
         <load_address>0xa46a</load_address>
         <run_address>0xa46a</run_address>
         <size>0x22</size>
         <input_file_ref idref="fl-ff"/>
      </object_component>
      <object_component id="oc-10f">
         <name>.text:PWMGenConfigure</name>
         <load_address>0xa48c</load_address>
         <run_address>0xa48c</run_address>
         <size>0x22</size>
         <input_file_ref idref="fl-108"/>
      </object_component>
      <object_component id="oc-477">
         <name>.text:_SysCtlMemTimingGet</name>
         <load_address>0xa4b0</load_address>
         <run_address>0xa4b0</run_address>
         <size>0x20</size>
         <input_file_ref idref="fl-10a"/>
      </object_component>
      <object_component id="oc-293">
         <name>.text:ADCSequenceDataGet</name>
         <load_address>0xa4d0</load_address>
         <run_address>0xa4d0</run_address>
         <size>0x1e</size>
         <input_file_ref idref="fl-103"/>
      </object_component>
      <object_component id="oc-6b0">
         <name>.text:GrFontCodepageGet</name>
         <load_address>0xa4ee</load_address>
         <run_address>0xa4ee</run_address>
         <size>0x1e</size>
         <input_file_ref idref="fl-ff"/>
      </object_component>
      <object_component id="oc-11b">
         <name>.text:PWMPulseWidthSet</name>
         <load_address>0xa50c</load_address>
         <run_address>0xa50c</run_address>
         <size>0x1e</size>
         <input_file_ref idref="fl-108"/>
      </object_component>
      <object_component id="oc-6f8">
         <name>.text:memccpy</name>
         <load_address>0xa52a</load_address>
         <run_address>0xa52a</run_address>
         <size>0x1c</size>
         <input_file_ref idref="fl-f6"/>
      </object_component>
      <object_component id="oc-66f">
         <name>.text:GPIOPinTypeGPIOOutput</name>
         <load_address>0xa546</load_address>
         <run_address>0xa546</run_address>
         <size>0x1a</size>
         <input_file_ref idref="fl-105"/>
      </object_component>
      <object_component id="oc-82b">
         <name>.text:copysign</name>
         <load_address>0xa560</load_address>
         <run_address>0xa560</run_address>
         <size>0x1a</size>
         <input_file_ref idref="fl-fc"/>
      </object_component>
      <object_component id="oc-287">
         <name>.text:ADCProcessorTrigger</name>
         <load_address>0xa57a</load_address>
         <run_address>0xa57a</run_address>
         <size>0x18</size>
         <input_file_ref idref="fl-103"/>
      </object_component>
      <object_component id="oc-198">
         <name>.text:GPIOIntRegister</name>
         <load_address>0xa592</load_address>
         <run_address>0xa592</run_address>
         <size>0x18</size>
         <input_file_ref idref="fl-105"/>
      </object_component>
      <object_component id="oc-504">
         <name>.text:_outc</name>
         <load_address>0xa5aa</load_address>
         <run_address>0xa5aa</run_address>
         <size>0x18</size>
         <input_file_ref idref="fl-da"/>
      </object_component>
      <object_component id="oc-269">
         <name>.text:GPIOPinTypeADC</name>
         <load_address>0xa5c2</load_address>
         <run_address>0xa5c2</run_address>
         <size>0x16</size>
         <input_file_ref idref="fl-105"/>
      </object_component>
      <object_component id="oc-397">
         <name>.text:GPIOPinTypeGPIOInput</name>
         <load_address>0xa5d8</load_address>
         <run_address>0xa5d8</run_address>
         <size>0x16</size>
         <input_file_ref idref="fl-105"/>
      </object_component>
      <object_component id="oc-103">
         <name>.text:GPIOPinTypePWM</name>
         <load_address>0xa5ee</load_address>
         <run_address>0xa5ee</run_address>
         <size>0x16</size>
         <input_file_ref idref="fl-105"/>
      </object_component>
      <object_component id="oc-669">
         <name>.text:GPIOPinTypeSSI</name>
         <load_address>0xa604</load_address>
         <run_address>0xa604</run_address>
         <size>0x16</size>
         <input_file_ref idref="fl-105"/>
      </object_component>
      <object_component id="oc-1df">
         <name>.text:GrStringDraw</name>
         <load_address>0xa61a</load_address>
         <run_address>0xa61a</run_address>
         <size>0x16</size>
         <input_file_ref idref="fl-ff"/>
      </object_component>
      <object_component id="oc-7db">
         <name>.text:strchr</name>
         <load_address>0xa630</load_address>
         <run_address>0xa630</run_address>
         <size>0x16</size>
         <input_file_ref idref="fl-f7"/>
      </object_component>
      <object_component id="oc-109">
         <name>.text:PWMClockSet</name>
         <load_address>0xa648</load_address>
         <run_address>0xa648</run_address>
         <size>0x14</size>
         <input_file_ref idref="fl-108"/>
      </object_component>
      <object_component id="oc-6ce">
         <name>.text:strlen</name>
         <load_address>0xa65c</load_address>
         <run_address>0xa65c</run_address>
         <size>0x14</size>
         <input_file_ref idref="fl-f8"/>
      </object_component>
      <object_component id="oc-121">
         <name>.text:PWMOutputState</name>
         <load_address>0xa670</load_address>
         <run_address>0xa670</run_address>
         <size>0x12</size>
         <input_file_ref idref="fl-108"/>
      </object_component>
      <object_component id="oc-6fe">
         <name>.text:wcslen</name>
         <load_address>0xa682</load_address>
         <run_address>0xa682</run_address>
         <size>0x12</size>
         <input_file_ref idref="fl-f9"/>
      </object_component>
      <object_component id="oc-180">
         <name>.text:FPUEnable</name>
         <load_address>0xa694</load_address>
         <run_address>0xa694</run_address>
         <size>0x10</size>
         <input_file_ref idref="fl-104"/>
      </object_component>
      <object_component id="oc-186">
         <name>.text:FPULazyStackingEnable</name>
         <load_address>0xa6a4</load_address>
         <run_address>0xa6a4</run_address>
         <size>0x10</size>
         <input_file_ref idref="fl-104"/>
      </object_component>
      <object_component id="oc-17a">
         <name>.text:IntMasterDisable</name>
         <load_address>0xa6b4</load_address>
         <run_address>0xa6b4</run_address>
         <size>0x10</size>
         <input_file_ref idref="fl-107"/>
      </object_component>
      <object_component id="oc-192">
         <name>.text:IntMasterEnable</name>
         <load_address>0xa6c4</load_address>
         <run_address>0xa6c4</run_address>
         <size>0x10</size>
         <input_file_ref idref="fl-107"/>
      </object_component>
      <object_component id="oc-115">
         <name>.text:PWMGenPeriodSet</name>
         <load_address>0xa6d4</load_address>
         <run_address>0xa6d4</run_address>
         <size>0x10</size>
         <input_file_ref idref="fl-108"/>
      </object_component>
      <object_component id="oc-25b">
         <name>.text:_Z4sqrtf</name>
         <load_address>0xa6e4</load_address>
         <run_address>0xa6e4</run_address>
         <size>0x10</size>
         <input_file_ref idref="fl-5"/>
      </object_component>
      <object_component id="oc-262">
         <name>.text:_Z5log10f</name>
         <load_address>0xa6f4</load_address>
         <run_address>0xa6f4</run_address>
         <size>0x10</size>
         <input_file_ref idref="fl-5"/>
      </object_component>
      <object_component id="oc-15c">
         <name>.text:_ZNK8Joystick10direction8Ev</name>
         <load_address>0xa704</load_address>
         <run_address>0xa704</run_address>
         <size>0x10</size>
         <input_file_ref idref="fl-3"/>
      </object_component>
      <object_component id="oc-40a">
         <name>.text:ADCSequenceDisable</name>
         <load_address>0xa714</load_address>
         <run_address>0xa714</run_address>
         <size>0xe</size>
         <input_file_ref idref="fl-103"/>
      </object_component>
      <object_component id="oc-27b">
         <name>.text:ADCSequenceEnable</name>
         <load_address>0xa722</load_address>
         <run_address>0xa722</run_address>
         <size>0xe</size>
         <input_file_ref idref="fl-103"/>
      </object_component>
      <object_component id="oc-1b">
         <name>.text:decompress:none:__TI_decompress_none</name>
         <load_address>0xa730</load_address>
         <run_address>0xa730</run_address>
         <size>0xe</size>
         <input_file_ref idref="fl-e7"/>
      </object_component>
      <object_component id="oc-46e">
         <name>.text:CPUcpsid</name>
         <load_address>0xa73e</load_address>
         <run_address>0xa73e</run_address>
         <size>0xc</size>
         <input_file_ref idref="fl-10c"/>
      </object_component>
      <object_component id="oc-48d">
         <name>.text:CPUcpsie</name>
         <load_address>0xa74a</load_address>
         <run_address>0xa74a</run_address>
         <size>0xc</size>
         <input_file_ref idref="fl-10c"/>
      </object_component>
      <object_component id="oc-1a4">
         <name>.text:GPIOIntEnable</name>
         <load_address>0xa756</load_address>
         <run_address>0xa756</run_address>
         <size>0xc</size>
         <input_file_ref idref="fl-105"/>
      </object_component>
      <object_component id="oc-127">
         <name>.text:PWMGenEnable</name>
         <load_address>0xa762</load_address>
         <run_address>0xa762</run_address>
         <size>0xc</size>
         <input_file_ref idref="fl-108"/>
      </object_component>
      <object_component id="oc-1f8">
         <name>.text:__cxa_guard_acquire</name>
         <load_address>0xa76e</load_address>
         <run_address>0xa76e</run_address>
         <size>0xc</size>
         <input_file_ref idref="fl-d9"/>
      </object_component>
      <object_component id="oc-5d">
         <name>.text:decompress:ZI:__TI_zero_init</name>
         <load_address>0xa77a</load_address>
         <run_address>0xa77a</run_address>
         <size>0xc</size>
         <input_file_ref idref="fl-e6"/>
      </object_component>
      <object_component id="oc-2c">
         <name>.text</name>
         <load_address>0xa786</load_address>
         <run_address>0xa786</run_address>
         <size>0xc</size>
         <input_file_ref idref="fl-6"/>
      </object_component>
      <object_component id="oc-281">
         <name>.text:ADCIntClear</name>
         <load_address>0xa792</load_address>
         <run_address>0xa792</run_address>
         <size>0xa</size>
         <input_file_ref idref="fl-103"/>
      </object_component>
      <object_component id="oc-68d">
         <name>.text:SSIDataPut</name>
         <load_address>0xa79c</load_address>
         <run_address>0xa79c</run_address>
         <size>0xa</size>
         <input_file_ref idref="fl-109"/>
      </object_component>
      <object_component id="oc-67b">
         <name>.text:SSIEnable</name>
         <load_address>0xa7a6</load_address>
         <run_address>0xa7a6</run_address>
         <size>0xa</size>
         <input_file_ref idref="fl-109"/>
      </object_component>
      <object_component id="oc-212">
         <name>.text:__cxa_guard_release</name>
         <load_address>0xa7b0</load_address>
         <run_address>0xa7b0</run_address>
         <size>0xa</size>
         <input_file_ref idref="fl-d9"/>
      </object_component>
      <object_component id="oc-6a4">
         <name>.text:GrMapISO8859_1_Unicode</name>
         <load_address>0xa7ba</load_address>
         <run_address>0xa7ba</run_address>
         <size>0x8</size>
         <input_file_ref idref="fl-101"/>
      </object_component>
      <object_component id="oc-687">
         <name>.text:SSIBusy</name>
         <load_address>0xa7c2</load_address>
         <run_address>0xa7c2</run_address>
         <size>0x8</size>
         <input_file_ref idref="fl-109"/>
      </object_component>
      <object_component id="oc-625">
         <name>.text:__aeabi_errno_addr</name>
         <load_address>0xa7cc</load_address>
         <run_address>0xa7cc</run_address>
         <size>0x8</size>
         <input_file_ref idref="fl-ea"/>
      </object_component>
      <object_component id="oc-2b2">
         <name>.text:GPIOIntClear</name>
         <load_address>0xa7d4</load_address>
         <run_address>0xa7d4</run_address>
         <size>0x6</size>
         <input_file_ref idref="fl-105"/>
      </object_component>
      <object_component id="oc-3a6">
         <name>.text:GPIOPinRead</name>
         <load_address>0xa7da</load_address>
         <run_address>0xa7da</run_address>
         <size>0x6</size>
         <input_file_ref idref="fl-105"/>
      </object_component>
      <object_component id="oc-681">
         <name>.text:GPIOPinWrite</name>
         <load_address>0xa7e0</load_address>
         <run_address>0xa7e0</run_address>
         <size>0x6</size>
         <input_file_ref idref="fl-105"/>
      </object_component>
      <object_component id="oc-1bc">
         <name>.text:GrContextFontSet</name>
         <load_address>0xa7e6</load_address>
         <run_address>0xa7e6</run_address>
         <size>0x6</size>
         <input_file_ref idref="fl-ff"/>
      </object_component>
      <object_component id="oc-4ae">
         <name>.text:SysCtlDelay</name>
         <load_address>0xa7ec</load_address>
         <run_address>0xa7ec</run_address>
         <size>0x6</size>
         <input_file_ref idref="fl-10a"/>
      </object_component>
      <object_component id="oc-df">
         <name>.text:_system_pre_init</name>
         <load_address>0xa7f2</load_address>
         <run_address>0xa7f2</run_address>
         <size>0x4</size>
         <input_file_ref idref="fl-ee"/>
      </object_component>
      <object_component id="oc-32a">
         <name>.text:abort:abort</name>
         <load_address>0xa7f6</load_address>
         <run_address>0xa7f6</run_address>
         <size>0x4</size>
         <input_file_ref idref="fl-f0"/>
      </object_component>
      <object_component id="oc-4db">
         <name>.const:.string:g_pui8FontFixed6x8Data</name>
         <load_address>0xa7fc</load_address>
         <run_address>0xa7fc</run_address>
         <size>0x2f8</size>
         <input_file_ref idref="fl-100"/>
      </object_component>
      <object_component id="oc-486">
         <name>.const:g_pppui32XTALtoVCO</name>
         <load_address>0xaaf4</load_address>
         <run_address>0xaaf4</run_address>
         <size>0x1b0</size>
         <input_file_ref idref="fl-10a"/>
      </object_component>
      <object_component id="oc-410">
         <name>.const:digital_pin_to_analog_in</name>
         <load_address>0xaca4</load_address>
         <run_address>0xaca4</run_address>
         <size>0x180</size>
         <input_file_ref idref="fl-16"/>
      </object_component>
      <object_component id="oc-7a3">
         <name>.const:.string:_ctypes_</name>
         <load_address>0xae24</load_address>
         <run_address>0xae24</run_address>
         <size>0x101</size>
         <input_file_ref idref="fl-f5"/>
      </object_component>
      <object_component id="oc-65d">
         <name>.const:g_ppui32GPIOIntMapSnowflake</name>
         <load_address>0xaf28</load_address>
         <run_address>0xaf28</run_address>
         <size>0xd8</size>
         <input_file_ref idref="fl-105"/>
      </object_component>
      <object_component id="oc-1cd">
         <name>.const:g_sFontFixed6x8</name>
         <load_address>0xb000</load_address>
         <run_address>0xb000</run_address>
         <size>0xc8</size>
         <input_file_ref idref="fl-100"/>
      </object_component>
      <object_component id="oc-65a">
         <name>.const:g_ppui32GPIOIntMapBlizzard</name>
         <load_address>0xb0c8</load_address>
         <run_address>0xb0c8</run_address>
         <size>0xc0</size>
         <input_file_ref idref="fl-105"/>
      </object_component>
      <object_component id="oc-370">
         <name>.const:g_pui32GPIOBaseAddrs</name>
         <load_address>0xb188</load_address>
         <run_address>0xb188</run_address>
         <size>0x90</size>
         <input_file_ref idref="fl-105"/>
      </object_component>
      <object_component id="oc-483">
         <name>.const:g_pui32Xtals</name>
         <load_address>0xb218</load_address>
         <run_address>0xb218</run_address>
         <size>0x6c</size>
         <input_file_ref idref="fl-10a"/>
      </object_component>
      <object_component id="oc-419">
         <name>.const:.string:digital_pin_to_bit_mask</name>
         <load_address>0xb284</load_address>
         <run_address>0xb284</run_address>
         <size>0x60</size>
         <input_file_ref idref="fl-16"/>
      </object_component>
      <object_component id="oc-3a3">
         <name>.const:.string:digital_pin_to_bit_mask</name>
         <load_address>0xb2e4</load_address>
         <run_address>0xb2e4</run_address>
         <size>0x60</size>
         <input_file_ref idref="fl-13"/>
      </object_component>
      <object_component id="oc-413">
         <name>.const:.string:digital_pin_to_port</name>
         <load_address>0xb344</load_address>
         <run_address>0xb344</run_address>
         <size>0x60</size>
         <input_file_ref idref="fl-16"/>
      </object_component>
      <object_component id="oc-39d">
         <name>.const:.string:digital_pin_to_port</name>
         <load_address>0xb3a4</load_address>
         <run_address>0xb3a4</run_address>
         <size>0x60</size>
         <input_file_ref idref="fl-13"/>
      </object_component>
      <object_component id="oc-416">
         <name>.const:port_to_base</name>
         <load_address>0xb404</load_address>
         <run_address>0xb404</run_address>
         <size>0x40</size>
         <input_file_ref idref="fl-16"/>
      </object_component>
      <object_component id="oc-3a0">
         <name>.const:port_to_base</name>
         <load_address>0xb444</load_address>
         <run_address>0xb444</run_address>
         <size>0x40</size>
         <input_file_ref idref="fl-13"/>
      </object_component>
      <object_component id="oc-779">
         <name>.const:$O1$$</name>
         <load_address>0xb484</load_address>
         <run_address>0xb484</run_address>
         <size>0x34</size>
         <input_file_ref idref="fl-d7"/>
      </object_component>
      <object_component id="oc-64e">
         <name>.const:g_sXTALtoMEMTIM</name>
         <load_address>0xb4b8</load_address>
         <run_address>0xb4b8</run_address>
         <size>0x30</size>
         <input_file_ref idref="fl-10a"/>
      </object_component>
      <object_component id="oc-1ca">
         <name>.const:g_sCrystalfontz128x128</name>
         <load_address>0xb4e8</load_address>
         <run_address>0xb4e8</run_address>
         <size>0x28</size>
         <input_file_ref idref="fl-14"/>
      </object_component>
      <object_component id="oc-4a3">
         <name>.const:g_pui32EnRegs</name>
         <load_address>0xb510</load_address>
         <run_address>0xb510</run_address>
         <size>0x14</size>
         <input_file_ref idref="fl-107"/>
      </object_component>
      <object_component id="oc-4c2">
         <name>.const:g_psDefaultCodePointMapTable</name>
         <load_address>0xb524</load_address>
         <run_address>0xb524</run_address>
         <size>0x10</size>
         <input_file_ref idref="fl-fd"/>
      </object_component>
      <object_component id="oc-51d">
         <name>.const:.string</name>
         <load_address>0xb534</load_address>
         <run_address>0xb534</run_address>
         <size>0xe</size>
         <input_file_ref idref="fl-7"/>
      </object_component>
      <object_component id="oc-566">
         <name>.const:$P$T0$2</name>
         <load_address>0xb544</load_address>
         <run_address>0xb544</run_address>
         <size>0xc</size>
         <input_file_ref idref="fl-e"/>
      </object_component>
      <object_component id="oc-1d0">
         <name>.const:$P$T0$1</name>
         <load_address>0xb550</load_address>
         <run_address>0xb550</run_address>
         <size>0x8</size>
         <input_file_ref idref="fl-4"/>
      </object_component>
      <object_component id="oc-1ef">
         <name>.const:$P$T1$2</name>
         <load_address>0xb558</load_address>
         <run_address>0xb558</run_address>
         <size>0x8</size>
         <input_file_ref idref="fl-4"/>
      </object_component>
      <object_component id="oc-242">
         <name>.const:$P$T10$14</name>
         <load_address>0xb560</load_address>
         <run_address>0xb560</run_address>
         <size>0x8</size>
         <input_file_ref idref="fl-4"/>
      </object_component>
      <object_component id="oc-22a">
         <name>.const:$P$T4$8</name>
         <load_address>0xb568</load_address>
         <run_address>0xb568</run_address>
         <size>0x8</size>
         <input_file_ref idref="fl-4"/>
      </object_component>
      <object_component id="oc-22d">
         <name>.const:$P$T5$9</name>
         <load_address>0xb570</load_address>
         <run_address>0xb570</run_address>
         <size>0x8</size>
         <input_file_ref idref="fl-4"/>
      </object_component>
      <object_component id="oc-230">
         <name>.const:$P$T6$10</name>
         <load_address>0xb578</load_address>
         <run_address>0xb578</run_address>
         <size>0x8</size>
         <input_file_ref idref="fl-4"/>
      </object_component>
      <object_component id="oc-233">
         <name>.const:$P$T7$11</name>
         <load_address>0xb580</load_address>
         <run_address>0xb580</run_address>
         <size>0x8</size>
         <input_file_ref idref="fl-4"/>
      </object_component>
      <object_component id="oc-236">
         <name>.const:$P$T8$12</name>
         <load_address>0xb588</load_address>
         <run_address>0xb588</run_address>
         <size>0x8</size>
         <input_file_ref idref="fl-4"/>
      </object_component>
      <object_component id="oc-23f">
         <name>.const:$P$T9$13</name>
         <load_address>0xb590</load_address>
         <run_address>0xb590</run_address>
         <size>0x8</size>
         <input_file_ref idref="fl-4"/>
      </object_component>
      <object_component id="oc-489">
         <name>.const:g_pui32VCOFrequencies</name>
         <load_address>0xb598</load_address>
         <run_address>0xb598</run_address>
         <size>0x8</size>
         <input_file_ref idref="fl-10a"/>
      </object_component>
      <object_component id="oc-9f">
         <name>.const</name>
         <load_address>0xb5a0</load_address>
         <run_address>0xb5a0</run_address>
         <size>0x4</size>
         <input_file_ref idref="fl-f"/>
      </object_component>
      <object_component id="oc-2ed">
         <name>.const</name>
         <load_address>0xb5a4</load_address>
         <run_address>0xb5a4</run_address>
         <size>0x4</size>
         <input_file_ref idref="fl-d"/>
      </object_component>
      <object_component id="oc-87d">
         <name>.cinit..data.load</name>
         <load_address>0xb5c0</load_address>
         <run_address>0xb5c0</run_address>
         <size>0x3e</size>
      </object_component>
      <object_component id="oc-87a">
         <name>__TI_handler_table</name>
         <load_address>0xb600</load_address>
         <run_address>0xb600</run_address>
         <size>0xc</size>
      </object_component>
      <object_component id="oc-87e">
         <name>.cinit..bss.load</name>
         <load_address>0xb610</load_address>
         <run_address>0xb610</run_address>
         <size>0x8</size>
      </object_component>
      <object_component id="oc-87c">
         <name>.cinit..vtable.load</name>
         <load_address>0xb618</load_address>
         <run_address>0xb618</run_address>
         <size>0x8</size>
      </object_component>
      <object_component id="oc-87b">
         <name>__TI_cinit_table</name>
         <load_address>0xb620</load_address>
         <run_address>0xb620</run_address>
         <size>0x18</size>
      </object_component>
      <object_component id="oc-28">
         <name>.init_array</name>
         <load_address>0xb5a8</load_address>
         <run_address>0xb5a8</run_address>
         <size>0x4</size>
         <input_file_ref idref="fl-7"/>
      </object_component>
      <object_component id="oc-27">
         <name>.init_array</name>
         <load_address>0xb5ac</load_address>
         <run_address>0xb5ac</run_address>
         <size>0x4</size>
         <input_file_ref idref="fl-5"/>
      </object_component>
      <object_component id="oc-26">
         <name>.init_array</name>
         <load_address>0xb5b0</load_address>
         <run_address>0xb5b0</run_address>
         <size>0x4</size>
         <input_file_ref idref="fl-4"/>
      </object_component>
      <object_component id="oc-25">
         <name>.init_array</name>
         <load_address>0xb5b4</load_address>
         <run_address>0xb5b4</run_address>
         <size>0x4</size>
         <input_file_ref idref="fl-3"/>
      </object_component>
      <object_component id="oc-24">
         <name>.init_array</name>
         <load_address>0xb5b8</load_address>
         <run_address>0xb5b8</run_address>
         <size>0x4</size>
         <input_file_ref idref="fl-2"/>
      </object_component>
      <object_component id="oc-87f">
         <name>SHT$$INIT_ARRAY$$Limit</name>
         <load_address>0xb5bc</load_address>
         <run_address>0xb5bc</run_address>
         <size>0x0</size>
      </object_component>
      <object_component id="oc-661">
         <name>.vtable</name>
         <uninitialized>true</uninitialized>
         <run_address>0x20000000</run_address>
         <size>0x26c</size>
         <input_file_ref idref="fl-107"/>
      </object_component>
      <object_component id="oc-166">
         <name>.data</name>
         <load_address>0x200082f8</load_address>
         <run_address>0x200082f8</run_address>
         <size>0x8</size>
         <input_file_ref idref="fl-4"/>
      </object_component>
      <object_component id="oc-29f">
         <name>.data</name>
         <load_address>0x200082dc</load_address>
         <run_address>0x200082dc</run_address>
         <size>0x10</size>
         <input_file_ref idref="fl-5"/>
      </object_component>
      <object_component id="oc-2b8">
         <name>.data</name>
         <load_address>0x20008300</load_address>
         <run_address>0x20008300</run_address>
         <size>0x8</size>
         <input_file_ref idref="fl-7"/>
      </object_component>
      <object_component id="oc-1f2">
         <name>.data:btnStart</name>
         <load_address>0x200082b0</load_address>
         <run_address>0x200082b0</run_address>
         <size>0x18</size>
         <input_file_ref idref="fl-7"/>
      </object_component>
      <object_component id="oc-1f5">
         <name>.data:btnReset</name>
         <load_address>0x20008298</load_address>
         <run_address>0x20008298</run_address>
         <size>0x18</size>
         <input_file_ref idref="fl-7"/>
      </object_component>
      <object_component id="oc-9c">
         <name>.data</name>
         <load_address>0x2000826c</load_address>
         <run_address>0x2000826c</run_address>
         <size>0x2c</size>
         <input_file_ref idref="fl-d"/>
      </object_component>
      <object_component id="oc-2e7">
         <name>.data:xYieldPendings</name>
         <load_address>0x20008310</load_address>
         <run_address>0x20008310</run_address>
         <size>0x4</size>
         <input_file_ref idref="fl-d"/>
      </object_component>
      <object_component id="oc-560">
         <name>.data</name>
         <load_address>0x200082ec</load_address>
         <run_address>0x200082ec</run_address>
         <size>0xc</size>
         <input_file_ref idref="fl-e"/>
      </object_component>
      <object_component id="oc-a9">
         <name>.data</name>
         <load_address>0x20008308</load_address>
         <run_address>0x20008308</run_address>
         <size>0x4</size>
         <input_file_ref idref="fl-f"/>
      </object_component>
      <object_component id="oc-5a5">
         <name>.data</name>
         <load_address>0x200082c8</load_address>
         <run_address>0x200082c8</run_address>
         <size>0x14</size>
         <input_file_ref idref="fl-11"/>
      </object_component>
      <object_component id="oc-4b8">
         <name>.data:Lcd_buffer</name>
         <load_address>0x2000026c</load_address>
         <run_address>0x2000026c</run_address>
         <size>0x8000</size>
         <input_file_ref idref="fl-14"/>
      </object_component>
      <object_component id="oc-772">
         <name>.data</name>
         <load_address>0x2000830c</load_address>
         <run_address>0x2000830c</run_address>
         <size>0x4</size>
         <input_file_ref idref="fl-ea"/>
      </object_component>
      <object_component id="oc-14a">
         <name>.bss:btnPlayPause</name>
         <uninitialized>true</uninitialized>
         <run_address>0x2000d6a8</run_address>
         <size>0xb4</size>
         <input_file_ref idref="fl-2"/>
      </object_component>
      <object_component id="oc-14d">
         <name>.bss:btnRestart</name>
         <uninitialized>true</uninitialized>
         <run_address>0x2000da2c</run_address>
         <size>0xb4</size>
         <input_file_ref idref="fl-2"/>
      </object_component>
      <object_component id="oc-169">
         <name>.bss:btnPlayPause</name>
         <uninitialized>true</uninitialized>
         <run_address>0x2000d5f4</run_address>
         <size>0xb4</size>
         <input_file_ref idref="fl-3"/>
      </object_component>
      <object_component id="oc-16c">
         <name>.bss:btnRestart</name>
         <uninitialized>true</uninitialized>
         <run_address>0x2000d978</run_address>
         <size>0xb4</size>
         <input_file_ref idref="fl-3"/>
      </object_component>
      <object_component id="oc-163">
         <name>.bss:js</name>
         <uninitialized>true</uninitialized>
         <run_address>0x2000d224</run_address>
         <size>0x190</size>
         <input_file_ref idref="fl-3"/>
      </object_component>
      <object_component id="oc-245">
         <name>.bss:btnPlayPause</name>
         <uninitialized>true</uninitialized>
         <run_address>0x2000d75c</run_address>
         <size>0xb4</size>
         <input_file_ref idref="fl-4"/>
      </object_component>
      <object_component id="oc-248">
         <name>.bss:btnRestart</name>
         <uninitialized>true</uninitialized>
         <run_address>0x2000dae0</run_address>
         <size>0xb4</size>
         <input_file_ref idref="fl-4"/>
      </object_component>
      <object_component id="oc-227">
         <name>.bss</name>
         <uninitialized>true</uninitialized>
         <run_address>0x2000ddd8</run_address>
         <size>0x10</size>
         <input_file_ref idref="fl-4"/>
      </object_component>
      <object_component id="oc-2a6">
         <name>.bss:btnPlayPause</name>
         <uninitialized>true</uninitialized>
         <run_address>0x2000d810</run_address>
         <size>0xb4</size>
         <input_file_ref idref="fl-5"/>
      </object_component>
      <object_component id="oc-2a9">
         <name>.bss:btnRestart</name>
         <uninitialized>true</uninitialized>
         <run_address>0x2000db94</run_address>
         <size>0xb4</size>
         <input_file_ref idref="fl-5"/>
      </object_component>
      <object_component id="oc-2a2">
         <name>.bss:gMicSamples</name>
         <uninitialized>true</uninitialized>
         <run_address>0x2000d4f4</run_address>
         <size>0x100</size>
         <input_file_ref idref="fl-5"/>
      </object_component>
      <object_component id="oc-2a5">
         <name>.bss</name>
         <uninitialized>true</uninitialized>
         <run_address>0x2000dde8</run_address>
         <size>0x10</size>
         <input_file_ref idref="fl-5"/>
      </object_component>
      <object_component id="oc-2bb">
         <name>.bss:btnPlayPause</name>
         <uninitialized>true</uninitialized>
         <run_address>0x2000d8c4</run_address>
         <size>0xb4</size>
         <input_file_ref idref="fl-7"/>
      </object_component>
      <object_component id="oc-2be">
         <name>.bss:btnRestart</name>
         <uninitialized>true</uninitialized>
         <run_address>0x2000dc48</run_address>
         <size>0xb4</size>
         <input_file_ref idref="fl-7"/>
      </object_component>
      <object_component id="oc-2d8">
         <name>.bss:pxReadyTasksLists</name>
         <uninitialized>true</uninitialized>
         <run_address>0x2000d3b4</run_address>
         <size>0x140</size>
         <input_file_ref idref="fl-d"/>
      </object_component>
      <object_component id="oc-2f0">
         <name>.bss:xDelayedTaskList1</name>
         <uninitialized>true</uninitialized>
         <run_address>0x2000dd74</run_address>
         <size>0x14</size>
         <input_file_ref idref="fl-d"/>
      </object_component>
      <object_component id="oc-2f3">
         <name>.bss:xDelayedTaskList2</name>
         <uninitialized>true</uninitialized>
         <run_address>0x2000dd88</run_address>
         <size>0x14</size>
         <input_file_ref idref="fl-d"/>
      </object_component>
      <object_component id="oc-2de">
         <name>.bss</name>
         <uninitialized>true</uninitialized>
         <run_address>0x2000ddf8</run_address>
         <size>0x8</size>
         <input_file_ref idref="fl-d"/>
      </object_component>
      <object_component id="oc-2e1">
         <name>.bss:xPendingReadyList</name>
         <uninitialized>true</uninitialized>
         <run_address>0x2000dd9c</run_address>
         <size>0x14</size>
         <input_file_ref idref="fl-d"/>
      </object_component>
      <object_component id="oc-2db">
         <name>.bss:xTasksWaitingTermination</name>
         <uninitialized>true</uninitialized>
         <run_address>0x2000ddc4</run_address>
         <size>0x14</size>
         <input_file_ref idref="fl-d"/>
      </object_component>
      <object_component id="oc-2e4">
         <name>.bss:xSuspendedTaskList</name>
         <uninitialized>true</uninitialized>
         <run_address>0x2000ddb0</run_address>
         <size>0x14</size>
         <input_file_ref idref="fl-d"/>
      </object_component>
      <object_component id="oc-2ea">
         <name>.bss:xIdleTaskHandles</name>
         <uninitialized>true</uninitialized>
         <run_address>0x2000de14</run_address>
         <size>0x4</size>
         <input_file_ref idref="fl-d"/>
      </object_component>
      <object_component id="oc-569">
         <name>.bss:xActiveTimerList1</name>
         <uninitialized>true</uninitialized>
         <run_address>0x2000dd4c</run_address>
         <size>0x14</size>
         <input_file_ref idref="fl-e"/>
      </object_component>
      <object_component id="oc-56c">
         <name>.bss:xActiveTimerList2</name>
         <uninitialized>true</uninitialized>
         <run_address>0x2000dd60</run_address>
         <size>0x14</size>
         <input_file_ref idref="fl-e"/>
      </object_component>
      <object_component id="oc-563">
         <name>.bss</name>
         <uninitialized>true</uninitialized>
         <run_address>0x2000de00</run_address>
         <size>0x8</size>
         <input_file_ref idref="fl-e"/>
      </object_component>
      <object_component id="oc-5ab">
         <name>.bss:ucHeap</name>
         <uninitialized>true</uninitialized>
         <run_address>0x20008314</run_address>
         <size>0x4f10</size>
         <input_file_ref idref="fl-11"/>
      </object_component>
      <object_component id="oc-5a8">
         <name>.bss:xStart</name>
         <uninitialized>true</uninitialized>
         <run_address>0x2000de08</run_address>
         <size>0x8</size>
         <input_file_ref idref="fl-11"/>
      </object_component>
      <object_component id="oc-4c5">
         <name>.bss</name>
         <uninitialized>true</uninitialized>
         <run_address>0x2000de10</run_address>
         <size>0x4</size>
         <input_file_ref idref="fl-fd"/>
      </object_component>
      <object_component id="oc-139">
         <name>.common:gSysClk</name>
         <uninitialized>true</uninitialized>
         <run_address>0x2000de20</run_address>
         <size>0x4</size>
      </object_component>
      <object_component id="oc-149">
         <name>.common:xBuzzerSamples</name>
         <uninitialized>true</uninitialized>
         <run_address>0x2000de28</run_address>
         <size>0x4</size>
      </object_component>
      <object_component id="oc-229">
         <name>.common:gMicLevel</name>
         <uninitialized>true</uninitialized>
         <run_address>0x2000de1c</run_address>
         <size>0x4</size>
      </object_component>
      <object_component id="oc-228">
         <name>.common:gMicDb</name>
         <uninitialized>true</uninitialized>
         <run_address>0x2000de18</run_address>
         <size>0x4</size>
      </object_component>
      <object_component id="oc-1c9">
         <name>.common:timeKeepLastWake</name>
         <uninitialized>true</uninitialized>
         <run_address>0x2000de24</run_address>
         <size>0x4</size>
      </object_component>
      <object_component id="oc-1c8">
         <name>.common:gRunning</name>
         <uninitialized>true</uninitialized>
[...]
         <value>0x402d</value>
         <object_component_ref idref="oc-156"/>
      </symbol>
      <symbol id="sm-b44">
         <name>atan2f</name>
         <value>0x82ad</value>
         <object_component_ref idref="oc-422"/>
      </symbol>
      <symbol id="sm-b64">
         <name>log10f</name>
         <value>0x8151</value>
         <object_component_ref idref="oc-551"/>
      </symbol>
      <symbol id="sm-b74">
         <name>sqrtf</name>
         <value>0xa41d</value>
         <object_component_ref idref="oc-41c"/>
      </symbol>
      <symbol id="sm-ba1">
         <name>atanf</name>
         <value>0x8405</value>
         <object_component_ref idref="oc-62d"/>
      </symbol>
      <symbol id="sm-bc3">
         <name>floorf</name>
         <value>0x95c5</value>
         <object_component_ref idref="oc-459"/>
      </symbol>
      <symbol id="sm-bdd">
         <name>__cxa_guard_release</name>
         <value>0xa7b1</value>
         <object_component_ref idref="oc-212"/>
      </symbol>
      <symbol id="sm-bde">
         <name>__cxa_guard_acquire</name>
         <value>0xa76f</value>
         <object_component_ref idref="oc-1f8"/>
      </symbol>
      <symbol id="sm-c17">
         <name>snprintf</name>
         <value>0x9d75</value>
         <object_component_ref idref="oc-1e5"/>
      </symbol>
      <symbol id="sm-c2e">
         <name>__aeabi_dsub</name>
         <value>0x7e2d</value>
         <object_component_ref idref="oc-208"/>
      </symbol>
      <symbol id="sm-c2f">
         <name>__aeabi_dadd</name>
         <value>0x7e37</value>
         <object_component_ref idref="oc-208"/>
      </symbol>
      <symbol id="sm-c51">
         <name>__aeabi_cdcmpeq</name>
         <value>0x94b7</value>
         <object_component_ref idref="oc-21d"/>
      </symbol>
      <symbol id="sm-c52">
         <name>__aeabi_cdcmple</name>
         <value>0x94b7</value>
         <object_component_ref idref="oc-21d"/>
      </symbol>
      <symbol id="sm-c53">
         <name>__aeabi_cdrcmple</name>
         <value>0x953d</value>
         <object_component_ref idref="oc-222"/>
      </symbol>
      <symbol id="sm-c67">
         <name>__aeabi_ddiv</name>
         <value>0x8911</value>
         <object_component_ref idref="oc-251"/>
      </symbol>
      <symbol id="sm-c72">
         <name>__aeabi_dmul</name>
         <value>0x8ec1</value>
         <object_component_ref idref="oc-203"/>
      </symbol>
      <symbol id="sm-c7c">
         <name>__aeabi_d2iz</name>
         <value>0x9e55</value>
         <object_component_ref idref="oc-20d"/>
      </symbol>
      <symbol id="sm-c88">
         <name>__aeabi_d2f</name>
         <value>0x97a7</value>
         <object_component_ref idref="oc-256"/>
      </symbol>
      <symbol id="sm-c93">
         <name>__aeabi_f2d</name>
         <value>0xa1dd</value>
         <object_component_ref idref="oc-218"/>
      </symbol>
      <symbol id="sm-c9d">
         <name>__aeabi_i2d</name>
         <value>0xa36d</value>
         <object_component_ref idref="oc-1fe"/>
      </symbol>
      <symbol id="sm-cb8">
         <name>memcpy</name>
         <value>0x92ff</value>
         <object_component_ref idref="oc-4b"/>
      </symbol>
      <symbol id="sm-cb9">
         <name>__aeabi_memcpy</name>
         <value>0x92ff</value>
         <object_component_ref idref="oc-4b"/>
      </symbol>
      <symbol id="sm-cba">
         <name>__aeabi_memcpy8</name>
         <value>0x92ff</value>
         <object_component_ref idref="oc-4b"/>
      </symbol>
      <symbol id="sm-cbb">
         <name>__aeabi_memcpy4</name>
         <value>0x92ff</value>
         <object_component_ref idref="oc-4b"/>
      </symbol>
      <symbol id="sm-cca">
         <name>__aeabi_memset</name>
         <value>0x96c1</value>
         <object_component_ref idref="oc-d9"/>
      </symbol>
      <symbol id="sm-ccb">
         <name>memset</name>
         <value>0x96c7</value>
         <object_component_ref idref="oc-d9"/>
      </symbol>
      <symbol id="sm-ccc">
         <name>__aeabi_memset8</name>
         <value>0x96c1</value>
         <object_component_ref idref="oc-d9"/>
      </symbol>
      <symbol id="sm-ccd">
         <name>__aeabi_memset4</name>
         <value>0x96c1</value>
         <object_component_ref idref="oc-d9"/>
      </symbol>
      <symbol id="sm-cce">
         <name>__aeabi_memclr8</name>
         <value>0x96bf</value>
         <object_component_ref idref="oc-d9"/>
      </symbol>
      <symbol id="sm-ccf">
         <name>__aeabi_memclr4</name>
         <value>0x96bf</value>
         <object_component_ref idref="oc-d9"/>
      </symbol>
      <symbol id="sm-cd0">
         <name>__aeabi_memclr</name>
         <value>0x96bf</value>
         <object_component_ref idref="oc-d9"/>
      </symbol>
      <symbol id="sm-cdd">
         <name>__aeabi_uldivmod</name>
         <value>0x939b</value>
         <object_component_ref idref="oc-7a8"/>
      </symbol>
      <symbol id="sm-cef">
         <name>__TI_zero_init</name>
         <value>0xa77b</value>
         <object_component_ref idref="oc-5d"/>
      </symbol>
      <symbol id="sm-d06">
         <name>__TI_decompress_none</name>
         <value>0xa731</value>
         <object_component_ref idref="oc-1b"/>
      </symbol>
      <symbol id="sm-d29">
         <name>__TI_decompress_lzss</name>
         <value>0x994d</value>
         <object_component_ref idref="oc-15"/>
      </symbol>
      <symbol id="sm-d3c">
         <name>__stack</name>
         <value>0x2000de40</value>
         <object_component_ref idref="oc-29"/>
      </symbol>
      <symbol id="sm-d3d">
         <name>_c_int00_noargs</name>
         <value>0xa27d</value>
         <object_component_ref idref="oc-69"/>
      </symbol>
      <symbol id="sm-d53">
         <name>__aeabi_errno_addr</name>
         <value>0xa7cd</value>
         <object_component_ref idref="oc-625"/>
      </symbol>
      <symbol id="sm-d54">
         <name>errno</name>
         <value>0x2000830c</value>
         <object_component_ref idref="oc-772"/>
      </symbol>
      <symbol id="sm-eb9">
         <name>__TI_printfi</name>
         <value>0x5605</value>
         <object_component_ref idref="oc-4f8"/>
      </symbol>
      <symbol id="sm-ec3">
         <name>__aeabi_idiv0</name>
         <value>0x5603</value>
         <object_component_ref idref="oc-81d"/>
      </symbol>
      <symbol id="sm-ec4">
         <name>__aeabi_ldiv0</name>
         <value>0x5603</value>
         <object_component_ref idref="oc-81d"/>
      </symbol>
      <symbol id="sm-ef1">
         <name>__TI_auto_init_nobinit</name>
         <value>0x9a81</value>
         <object_component_ref idref="oc-33c"/>
      </symbol>
      <symbol id="sm-efb">
         <name>_system_pre_init</name>
         <value>0xa7f3</value>
         <object_component_ref idref="oc-df"/>
      </symbol>
      <symbol id="sm-f07">
         <name>C$$EXIT</name>
         <value>0xa7f7</value>
         <object_component_ref idref="oc-32a"/>
      </symbol>
      <symbol id="sm-f08">
         <name>abort</name>
         <value>0xa7f7</value>
         <object_component_ref idref="oc-32a"/>
      </symbol>
      <symbol id="sm-f18">
         <name>__TI_ltoa</name>
         <value>0x9be9</value>
         <object_component_ref idref="oc-7ae"/>
      </symbol>
      <symbol id="sm-f2f">
         <name>atoi</name>
         <value>0x9d29</value>
         <object_component_ref idref="oc-6d4"/>
      </symbol>
      <symbol id="sm-f3a">
         <name>_ctypes_</name>
         <value>0xae24</value>
         <object_component_ref idref="oc-7a3"/>
      </symbol>
      <symbol id="sm-f4a">
         <name>memccpy</name>
         <value>0xa52b</value>
         <object_component_ref idref="oc-6f8"/>
      </symbol>
      <symbol id="sm-f5a">
         <name>strchr</name>
         <value>0xa631</value>
         <object_component_ref idref="oc-7db"/>
      </symbol>
      <symbol id="sm-f68">
         <name>strlen</name>
         <value>0xa65d</value>
         <object_component_ref idref="oc-6ce"/>
      </symbol>
      <symbol id="sm-f81">
         <name>wcslen</name>
         <value>0xa683</value>
         <object_component_ref idref="oc-6fe"/>
      </symbol>
      <symbol id="sm-f97">
         <name>frexpl</name>
         <value>0x9a1d</value>
         <object_component_ref idref="oc-7cf"/>
      </symbol>
      <symbol id="sm-f98">
         <name>frexp</name>
         <value>0x9a1d</value>
         <object_component_ref idref="oc-7cf"/>
      </symbol>
      <symbol id="sm-fb5">
         <name>scalbn</name>
         <value>0x8db1</value>
         <object_component_ref idref="oc-7d5"/>
      </symbol>
      <symbol id="sm-fb6">
         <name>scalbnl</name>
         <value>0x8db1</value>
         <object_component_ref idref="oc-7d5"/>
      </symbol>
      <symbol id="sm-fb7">
         <name>ldexpl</name>
         <value>0x8db1</value>
         <object_component_ref idref="oc-7d5"/>
      </symbol>
      <symbol id="sm-fb8">
         <name>ldexp</name>
         <value>0x8db1</value>
         <object_component_ref idref="oc-7d5"/>
      </symbol>
      <symbol id="sm-fc2">
         <name>copysign</name>
         <value>0xa561</value>
         <object_component_ref idref="oc-82b"/>
      </symbol>
      <symbol id="sm-fc3">
         <name>copysignl</name>
         <value>0xa561</value>
         <object_component_ref idref="oc-82b"/>
      </symbol>
      <symbol id="sm-ffb">
         <name>GrContextInit</name>
         <value>0x9815</value>
         <object_component_ref idref="oc-1b6"/>
      </symbol>
      <symbol id="sm-ffc">
         <name>g_psDefaultCodePointMapTable</name>
         <value>0xb524</value>
         <object_component_ref idref="oc-4c2"/>
      </symbol>
      <symbol id="sm-1013">
         <name>GrRectFill</name>
         <value>0x9431</value>
         <object_component_ref idref="oc-1c2"/>
      </symbol>
      <symbol id="sm-1014">
         <name>GrRectDraw</name>
         <value>0x99b5</value>
         <object_component_ref idref="oc-239"/>
      </symbol>
      <symbol id="sm-10b8">
         <name>GrFontInfoGet</name>
         <value>0xa445</value>
         <object_component_ref idref="oc-4ef"/>
      </symbol>
      <symbol id="sm-10b9">
         <name>GrDefaultStringRenderer</name>
         <value>0x918b</value>
         <object_component_ref idref="oc-4bc"/>
      </symbol>
      <symbol id="sm-10ba">
         <name>GrFontGlyphRender</name>
         <value>0x75f5</value>
         <object_component_ref idref="oc-69d"/>
      </symbol>
      <symbol id="sm-10bb">
         <name>GrContextFontSet</name>
         <value>0xa7e7</value>
         <object_component_ref idref="oc-1bc"/>
      </symbol>
      <symbol id="sm-10bc">
         <name>GrFontGlyphDataGet</name>
         <value>0xa46b</value>
         <object_component_ref idref="oc-4e9"/>
      </symbol>
      <symbol id="sm-10bd">
         <name>GrStringDraw</name>
         <value>0xa61b</value>
         <object_component_ref idref="oc-1df"/>
      </symbol>
      <symbol id="sm-10be">
         <name>GrFontCodepageGet</name>
         <value>0xa4ef</value>
         <object_component_ref idref="oc-6b0"/>
      </symbol>
      <symbol id="sm-10bf">
         <name>GrStringNextCharGet</name>
         <value>0xa33f</value>
         <object_component_ref idref="oc-4e3"/>
      </symbol>
      <symbol id="sm-10c0">
         <name>GrStringWidthGet</name>
         <value>0x987d</value>
         <object_component_ref idref="oc-1d3"/>
      </symbol>
      <symbol id="sm-10c1">
         <name>GrFontBaselineGet</name>
         <value>0xa3c7</value>
         <object_component_ref idref="oc-1d9"/>
      </symbol>
      <symbol id="sm-10d3">
         <name>g_sFontFixed6x8</name>
         <value>0xb000</value>
         <object_component_ref idref="oc-1cd"/>
      </symbol>
      <symbol id="sm-10e0">
         <name>GrMapISO8859_1_Unicode</name>
         <value>0xa7bb</value>
         <object_component_ref idref="oc-6a4"/>
      </symbol>
      <symbol id="sm-10f9">
         <name>GrLineDrawH</name>
         <value>0x9e9d</value>
         <object_component_ref idref="oc-53a"/>
      </symbol>
      <symbol id="sm-10fa">
         <name>GrLineDrawV</name>
         <value>0x9ee3</value>
         <object_component_ref idref="oc-540"/>
      </symbol>
      <symbol id="sm-1147">
         <name>ADCProcessorTrigger</name>
         <value>0xa57b</value>
         <object_component_ref idref="oc-287"/>
      </symbol>
      <symbol id="sm-1148">
         <name>ADCSequenceEnable</name>
         <value>0xa723</value>
         <object_component_ref idref="oc-27b"/>
      </symbol>
      <symbol id="sm-1149">
         <name>ADCSequenceConfigure</name>
         <value>0x9c8f</value>
         <object_component_ref idref="oc-26f"/>
      </symbol>
      <symbol id="sm-114a">
         <name>ADCSequenceStepConfigure</name>
         <value>0x9645</value>
         <object_component_ref idref="oc-275"/>
      </symbol>
      <symbol id="sm-114b">
         <name>ADCIntClear</name>
         <value>0xa793</value>
         <object_component_ref idref="oc-281"/>
      </symbol>
      <symbol id="sm-114c">
         <name>ADCIntStatus</name>
         <value>0xa311</value>
         <object_component_ref idref="oc-28d"/>
      </symbol>
      <symbol id="sm-114d">
         <name>ADCSequenceDisable</name>
         <value>0xa715</value>
         <object_component_ref idref="oc-40a"/>
      </symbol>
      <symbol id="sm-114e">
         <name>ADCSequenceDataGet</name>
         <value>0xa4d1</value>
         <object_component_ref idref="oc-293"/>
      </symbol>
      <symbol id="sm-1164">
         <name>FPULazyStackingEnable</name>
         <value>0xa6a5</value>
         <object_component_ref idref="oc-186"/>
      </symbol>
      <symbol id="sm-1165">
         <name>FPUEnable</name>
         <value>0xa695</value>
         <object_component_ref idref="oc-180"/>
      </symbol>
      <symbol id="sm-120e">
         <name>GPIOPinTypePWM</name>
         <value>0xa5ef</value>
         <object_component_ref idref="oc-103"/>
      </symbol>
      <symbol id="sm-120f">
         <name>GPIOIntRegister</name>
         <value>0xa593</value>
         <object_component_ref idref="oc-198"/>
      </symbol>
      <symbol id="sm-1210">
         <name>GPIOPinConfigure</name>
         <value>0x9cdd</value>
         <object_component_ref idref="oc-fd"/>
      </symbol>
      <symbol id="sm-1211">
         <name>GPIOIntEnable</name>
         <value>0xa757</value>
         <object_component_ref idref="oc-1a4"/>
      </symbol>
      <symbol id="sm-1212">
         <name>GPIOIntTypeSet</name>
         <value>0x9b3b</value>
         <object_component_ref idref="oc-19e"/>
      </symbol>
      <symbol id="sm-1213">
         <name>GPIOPinTypeADC</name>
         <value>0xa5c3</value>
         <object_component_ref idref="oc-269"/>
      </symbol>
      <symbol id="sm-1214">
         <name>GPIOPinTypeGPIOInput</name>
         <value>0xa5d9</value>
         <object_component_ref idref="oc-397"/>
      </symbol>
      <symbol id="sm-1215">
         <name>GPIOIntClear</name>
         <value>0xa7d5</value>
         <object_component_ref idref="oc-2b2"/>
      </symbol>
      <symbol id="sm-1216">
         <name>GPIOPinTypeGPIOOutput</name>
         <value>0xa547</value>
         <object_component_ref idref="oc-66f"/>
      </symbol>
      <symbol id="sm-1217">
         <name>GPIOPinRead</name>
         <value>0xa7db</value>
         <object_component_ref idref="oc-3a6"/>
      </symbol>
      <symbol id="sm-1218">
         <name>GPIODirModeSet</name>
         <value>0xa39b</value>
         <object_component_ref idref="oc-375"/>
      </symbol>
      <symbol id="sm-1219">
         <name>GPIOPinWrite</name>
         <value>0xa7e1</value>
         <object_component_ref idref="oc-681"/>
      </symbol>
      <symbol id="sm-121a">
         <name>GPIOPadConfigSet</name>
         <value>0x7fe5</value>
         <object_component_ref idref="oc-37b"/>
      </symbol>
      <symbol id="sm-121b">
         <name>GPIOPinTypeSSI</name>
         <value>0xa605</value>
         <object_component_ref idref="oc-669"/>
      </symbol>
      <symbol id="sm-125f">
         <name>IntEnable</name>
         <value>0x98e5</value>
         <object_component_ref idref="oc-1aa"/>
      </symbol>
      <symbol id="sm-1260">
         <name>IntRegister</name>
         <value>0xa215</value>
         <object_component_ref idref="oc-49a"/>
      </symbol>
      <symbol id="sm-1261">
         <name>IntMasterDisable</name>
         <value>0xa6b5</value>
         <object_component_ref idref="oc-17a"/>
      </symbol>
      <symbol id="sm-1262">
         <name>g_pfnRAMVectors</name>
         <value>0x20000000</value>
         <object_component_ref idref="oc-661"/>
      </symbol>
      <symbol id="sm-1263">
         <name>IntMasterEnable</name>
         <value>0xa6c5</value>
         <object_component_ref idref="oc-192"/>
      </symbol>
      <symbol id="sm-129a">
         <name>PWMGenPeriodSet</name>
         <value>0xa6d5</value>
         <object_component_ref idref="oc-115"/>
      </symbol>
      <symbol id="sm-129b">
         <name>PWMClockSet</name>
         <value>0xa649</value>
         <object_component_ref idref="oc-109"/>
      </symbol>
      <symbol id="sm-129c">
         <name>PWMPulseWidthSet</name>
         <value>0xa50d</value>
         <object_component_ref idref="oc-11b"/>
      </symbol>
      <symbol id="sm-129d">
         <name>PWMOutputState</name>
         <value>0xa671</value>
         <object_component_ref idref="oc-121"/>
      </symbol>
      <symbol id="sm-129e">
         <name>PWMGenEnable</name>
         <value>0xa763</value>
         <object_component_ref idref="oc-127"/>
      </symbol>
      <symbol id="sm-129f">
         <name>PWMGenConfigure</name>
         <value>0xa48d</value>
         <object_component_ref idref="oc-10f"/>
      </symbol>
      <symbol id="sm-12c6">
         <name>SSIDataPut</name>
         <value>0xa79d</value>
         <object_component_ref idref="oc-68d"/>
      </symbol>
      <symbol id="sm-12c7">
         <name>SSIConfigSetExpClk</name>
         <value>0xa167</value>
         <object_component_ref idref="oc-675"/>
      </symbol>
      <symbol id="sm-12c8">
         <name>SSIEnable</name>
         <value>0xa7a7</value>
         <object_component_ref idref="oc-67b"/>
      </symbol>
      <symbol id="sm-12c9">
         <name>SSIBusy</name>
         <value>0xa7c3</value>
         <object_component_ref idref="oc-687"/>
      </symbol>
      <symbol id="sm-1344">
         <name>SysCtlDelay</name>
         <value>0xa7ed</value>
         <object_component_ref idref="oc-4ae"/>
      </symbol>
      <symbol id="sm-1345">
         <name>SysCtlPeripheralEnable</name>
         <value>0xa249</value>
         <object_component_ref idref="oc-f1"/>
      </symbol>
      <symbol id="sm-1346">
         <name>SysCtlPeripheralReady</name>
         <value>0xa1a5</value>
         <object_component_ref idref="oc-f7"/>
      </symbol>
      <symbol id="sm-1347">
         <name>SysCtlClockFreqSet</name>
         <value>0x7a5d</value>
         <object_component_ref idref="oc-18c"/>
      </symbol>
      <symbol id="sm-135a">
         <name>CPUcpsie</name>
         <value>0xa74b</value>
         <object_component_ref idref="oc-48d"/>
      </symbol>
      <symbol id="sm-135b">
         <name>CPUcpsid</name>
         <value>0xa73f</value>
         <object_component_ref idref="oc-46e"/>
      </symbol>
      <symbol id="sm-135c">
         <name>__TI_static_base__</name>
         <value>0x0</value>
      </symbol>
      <symbol id="sm-135f">
         <name>__mpu_init</name>
         <value>0x0</value>
      </symbol>
      <symbol id="sm-1360">
         <name>_system_post_cinit</name>
         <value>0x0</value>
      </symbol>
   </symbol_table>
   <title>Link successful</title>
</link_info>
