******************************************************************************
                  TI ARM Linker PC v20.2.7                     
******************************************************************************
>> Linked Thu Apr  2 22:49:45 2026

OUTPUT FILE NAME:   <Lab2_FreeRTOS.out>
ENTRY POINT SYMBOL: "_c_int00_noargs"  address: 00007ccd


MEMORY CONFIGURATION

         name            origin    length      used     unused   attr    fill
----------------------  --------  ---------  --------  --------  ----  --------
  FLASH                 00000000   00100000  00008a1c  000f75e4  R  X
  SRAM                  20000000   00040000  0000db22  000324de  RW X


SEGMENT ALLOCATION MAP

run origin  load origin   length   init length attrs members
----------  ----------- ---------- ----------- ----- -------
00000000    00000000    00008a20   00008a20    r-x
  00000000    00000000    00000200   00000200    r-- .intvecs
  00000200    00000200    00007eb8   00007eb8    r-x .text
  000080b8    000080b8    00000908   00000908    r-- .const
  000089c0    000089c0    00000004   00000004    r-- .init_array
  000089c8    000089c8    00000058   00000058    r-- .cinit
20000000    20000000    0000db28   00000000    rw-
  20000000    20000000    0000808c   00000000    rw- .data
  2000808c    2000808c    00005296   00000000    rw- .bss
  2000d328    2000d328    00000800   00000000    rw- .stack


SECTION ALLOCATION MAP

 output                                  attributes/
section   page    origin      length       input sections
--------  ----  ----------  ----------   ----------------
.intvecs   0    00000000    00000200     
                  00000000    00000200     startup_ccs.obj (.intvecs)

.text      0    00000200    00007eb8     
                  00000200    00002460     tasks.obj (.text)
                  00002660    00000d74     queue.obj (.text)
                  000033d4    00000a5e     button.obj (.text)
                  00003e32    00000002     rtsv7M4_T_le_v4SPD16_eabi.lib : div0.asm.obj (.text)
                  00003e34    00000a4e                                   : _printfi.c.obj (.text:__TI_printfi)
                  00004882    00000002     --HOLE-- [fill = 0]
                  00004884    00000810     main.obj (.text)
                  00005094    000005e4     Crystalfontz128x128_ST7735.obj (.text)
                  00005678    00000420     heap_4.obj (.text)
                  00005a98    00000270     rtsv7M4_T_le_v4SPD16_eabi.lib : _printfi.c.obj (.text:_pconv_a)
                  00005d08    00000252     grlib.lib : string.obj (.text:GrFontGlyphRender)
                  00005f5a    00000002     --HOLE-- [fill = 0]
                  00005f5c    00000200     driverlib.lib : sysctl.obj (.text:SysCtlClockFreqSet)
                  0000615c    000001d0     rtsv7M4_T_le_v4SPD16_eabi.lib : _printfi.c.obj (.text:_pconv_g)
                  0000632c    000001b6                                   : fd_add_t2.asm.obj (.text)
                  000064e2    00000002     --HOLE-- [fill = 0]
                  000064e4    0000016c     driverlib.lib : gpio.obj (.text:GPIOPadConfigSet)
                  00006650    00000144     HAL_EK_TM4C1294XL_Crystalfontz128x128_ST7735.obj (.text)
                  00006794    0000013c     rtsv7M4_T_le_v4SPD16_eabi.lib : _printfi.c.obj (.text:_pconv_e)
                  000068d0    0000013c     port.obj (.text)
                  00006a0c    00000136     rtsv7M4_T_le_v4SPD16_eabi.lib : fd_div_t2.asm.obj (.text)
                  00006b42    00000130     list.obj (.text)
                  00006c72    00000002     --HOLE-- [fill = 0]
                  00006c74    00000124     rtsv7M4_T_le_v4SPD16_eabi.lib : _printfi.c.obj (.text:fcvt)
                  00006d98    00000110                                   : s_scalbn.c.obj (.text:scalbn)
                  00006ea8    000000fc                                   : fd_mul_t2.asm.obj (.text)
                  00006fa4    000000da     portasm.obj (.text)
                  0000707e    000000c0     grlib.lib : string.obj (.text:GrDefaultStringRenderer)
                  0000713e    00000002     --HOLE-- [fill = 0]
                  00007140    000000b1     rtsv7M4_T_le_v4SPD16_eabi.lib : _printfi.c.obj (.text:_ltostr)
                  000071f1    00000001     --HOLE-- [fill = 0]
                  000071f2    0000009c                                   : memcpy_t2.asm.obj (.text)
                  0000728e    00000096                                   : ull_div_t2.asm.obj (.text)
                  00007324    00000086     grlib.lib : rectangle.obj (.text:GrRectFill)
                  000073aa    00000086     rtsv7M4_T_le_v4SPD16_eabi.lib : fd_cmp_t2.asm.obj (.text:__aeabi_cdcmple)
                  00007430    00000086                                   : fd_cmp_t2.asm.obj (.text:__aeabi_cdrcmple)
                  000074b6    0000007a                                   : memset_t2.asm.obj (.text)
                  00007530    0000006e                                   : _printfi.c.obj (.text:_mcpy)
                  0000759e    00000002     --HOLE-- [fill = 0]
                  000075a0    00000068     grlib.lib : context.obj (.text:GrContextInit)
                  00007608    00000068               : string.obj (.text:GrStringWidthGet)
                  00007670    00000068     rtsv7M4_T_le_v4SPD16_eabi.lib : copy_decompress_lzss.c.obj (.text:decompress:lzss:__TI_decompress_lzss)
                  000076d8    00000066     grlib.lib : rectangle.obj (.text:GrRectDraw)
                  0000773e    00000002     --HOLE-- [fill = 0]
                  00007740    00000064     rtsv7M4_T_le_v4SPD16_eabi.lib : s_frexp.c.obj (.text:frexp)
                  000077a4    00000060                                   : autoinit.c.obj (.text:__TI_auto_init_nobinit:__TI_auto_init_nobinit)
                  00007804    0000005a     grlib.lib : string.obj (.text:FontWideGlyphDataGet)
                  0000785e    00000056     rtsv7M4_T_le_v4SPD16_eabi.lib : _printfi.c.obj (.text:_pconv_f)
                  000078b4    00000054                                   : _ltoa.c.obj (.text:__TI_ltoa)
                  00007908    00000052                                   : _printfi.c.obj (.text:_ecpy)
                  0000795a    00000002     --HOLE-- [fill = 0]
                  0000795c    0000004c     driverlib.lib : gpio.obj (.text:GPIOPinConfigure)
                  000079a8    0000004c     rtsv7M4_T_le_v4SPD16_eabi.lib : atoi.c.obj (.text:atoi)
                  000079f4    0000004c                                   : snprintf.c.obj (.text:snprintf)
                  00007a40    0000004a     grlib.lib : string.obj (.text:UpdateContextCharMapping)
                  00007a8a    00000002     --HOLE-- [fill = 0]
                  00007a8c    00000048     driverlib.lib : sysctl.obj (.text:_SysCtlFrequencyGet)
                  00007ad4    00000048     rtsv7M4_T_le_v4SPD16_eabi.lib : fd_toi_t2.asm.obj (.text)
                  00007b1c    00000046     grlib.lib : line.obj (.text:GrLineDrawH)
                  00007b62    00000046               : line.obj (.text:GrLineDrawV)
                  00007ba8    0000003e     rtsv7M4_T_le_v4SPD16_eabi.lib : _printfi.c.obj (.text:_fcpy)
                  00007be6    0000003c     grlib.lib : string.obj (.text:FontGlyphDataGet)
                  00007c22    0000003c     driverlib.lib : ssi.obj (.text:SSIConfigSetExpClk)
                  00007c5e    00000002     --HOLE-- [fill = 0]
                  00007c60    00000038                   : sysctl.obj (.text:SysCtlPeripheralReady)
                  00007c98    00000034                   : sysctl.obj (.text:SysCtlPeripheralEnable)
                  00007ccc    00000034     rtsv7M4_T_le_v4SPD16_eabi.lib : boot_cortex_m.c.obj (.text:_c_int00_noargs:_c_int00_noargs)
                  00007d00    00000030                                   : snprintf.c.obj (.text:_outs)
                  00007d30    0000002e     grlib.lib : string.obj (.text:GrStringNextCharGet)
                  00007d5e    0000002e     rtsv7M4_T_le_v4SPD16_eabi.lib : i_tofd_t2.asm.obj (.text)
                  00007d8c    0000002c     driverlib.lib : gpio.obj (.text:GPIODirModeSet)
                  00007db8    0000002c     grlib.lib : string.obj (.text:GrFontBaselineGet)
                  00007de4    00000026               : string.obj (.text:GrFontInfoGet)
                  00007e0a    00000022               : string.obj (.text:GrFontGlyphDataGet)
                  00007e2c    00000022     driverlib.lib : pwm.obj (.text:PWMGenConfigure)
                  00007e4e    00000002     --HOLE-- [fill = 0]
                  00007e50    00000020                   : sysctl.obj (.text:_SysCtlMemTimingGet)
                  00007e70    0000001e     grlib.lib : string.obj (.text:GrFontCodepageGet)
                  00007e8e    0000001e     driverlib.lib : pwm.obj (.text:PWMPulseWidthSet)
                  00007eac    0000001c     rtsv7M4_T_le_v4SPD16_eabi.lib : memccpy.c.obj (.text:memccpy)
                  00007ec8    0000001a     driverlib.lib : gpio.obj (.text:GPIOPinTypeGPIOOutput)
                  00007ee2    0000001a     rtsv7M4_T_le_v4SPD16_eabi.lib : s_copysign.c.obj (.text:copysign)
                  00007efc    00000018                                   : snprintf.c.obj (.text:_outc)
                  00007f14    00000016     driverlib.lib : gpio.obj (.text:GPIOPinTypeGPIOInput)
                  00007f2a    00000016                   : gpio.obj (.text:GPIOPinTypePWM)
                  00007f40    00000016                   : gpio.obj (.text:GPIOPinTypeSSI)
                  00007f56    00000016     grlib.lib : string.obj (.text:GrStringDraw)
                  00007f6c    00000016     rtsv7M4_T_le_v4SPD16_eabi.lib : strchr.c.obj (.text:strchr)
                  00007f82    00000002     --HOLE-- [fill = 0]
                  00007f84    00000014     driverlib.lib : pwm.obj (.text:PWMClockSet)
                  00007f98    00000014     rtsv7M4_T_le_v4SPD16_eabi.lib : strlen.c.obj (.text:strlen)
                  00007fac    00000012     driverlib.lib : pwm.obj (.text:PWMOutputState)
                  00007fbe    00000012     rtsv7M4_T_le_v4SPD16_eabi.lib : wcslen.c.obj (.text:wcslen)
                  00007fd0    00000010     driverlib.lib : fpu.obj (.text:FPUEnable)
                  00007fe0    00000010                   : fpu.obj (.text:FPULazyStackingEnable)
                  00007ff0    00000010                   : interrupt.obj (.text:IntMasterDisable)
                  00008000    00000010                   : interrupt.obj (.text:IntMasterEnable)
                  00008010    00000010                   : pwm.obj (.text:PWMGenPeriodSet)
                  00008020    0000000e     rtsv7M4_T_le_v4SPD16_eabi.lib : copy_decompress_none.c.obj (.text:decompress:none:__TI_decompress_none)
                  0000802e    0000000c     driverlib.lib : cpu.obj (.text:CPUcpsid)
                  0000803a    0000000c                   : cpu.obj (.text:CPUcpsie)
                  00008046    0000000c                   : pwm.obj (.text:PWMGenEnable)
                  00008052    0000000c     rtsv7M4_T_le_v4SPD16_eabi.lib : copy_zero_init.c.obj (.text:decompress:ZI:__TI_zero_init)
                  0000805e    0000000c     startup_ccs.obj (.text)
                  0000806a    0000000a     driverlib.lib : ssi.obj (.text:SSIDataPut)
                  00008074    0000000a                   : ssi.obj (.text:SSIEnable)
                  0000807e    00000008     grlib.lib : charmap.obj (.text:GrMapISO8859_1_Unicode)
                  00008086    00000008     driverlib.lib : ssi.obj (.text:SSIBusy)
                  0000808e    00000002     --HOLE-- [fill = 0]
                  00008090    00000008     rtsv7M4_T_le_v4SPD16_eabi.lib : errno.c.obj (.text:__aeabi_errno_addr)
                  00008098    00000006     driverlib.lib : gpio.obj (.text:GPIOPinRead)
                  0000809e    00000006                   : gpio.obj (.text:GPIOPinWrite)
                  000080a4    00000006     grlib.lib : string.obj (.text:GrContextFontSet)
                  000080aa    00000006     driverlib.lib : sysctl.obj (.text:SysCtlDelay)
                  000080b0    00000004     rtsv7M4_T_le_v4SPD16_eabi.lib : pre_init.c.obj (.text:_system_pre_init)
                  000080b4    00000004                                   : exit.c.obj (.text:abort:abort)

.const     0    000080b8    00000908     
                  000080b8    000002f8     grlib.lib : fontfixed6x8.obj (.const:.string:g_pui8FontFixed6x8Data)
                  000083b0    000001b0     driverlib.lib : sysctl.obj (.const:g_pppui32XTALtoVCO)
                  00008560    00000101     rtsv7M4_T_le_v4SPD16_eabi.lib : ctype.c.obj (.const:.string:_ctypes_)
                  00008661    00000003     --HOLE-- [fill = 0]
                  00008664    000000c8     grlib.lib : fontfixed6x8.obj (.const:g_sFontFixed6x8)
                  0000872c    00000090     driverlib.lib : gpio.obj (.const:g_pui32GPIOBaseAddrs)
                  000087bc    0000006c                   : sysctl.obj (.const:g_pui32Xtals)
                  00008828    00000060     button.obj (.const:.string:digital_pin_to_bit_mask)
                  00008888    00000060     button.obj (.const:.string:digital_pin_to_port)
                  000088e8    00000040     button.obj (.const:port_to_base)
                  00008928    00000030     driverlib.lib : sysctl.obj (.const:g_sXTALtoMEMTIM)
                  00008958    00000028     Crystalfontz128x128_ST7735.obj (.const:g_sCrystalfontz128x128)
                  00008980    00000010     grlib.lib : context.obj (.const:g_psDefaultCodePointMapTable)
                  00008990    0000000e     main.obj (.const:.string)
                  0000899e    00000008     main.obj (.const:$P$T0$3)
                  000089a6    00000008     main.obj (.const:$P$T1$4)
                  000089ae    00000002     --HOLE-- [fill = 0]
                  000089b0    00000008     driverlib.lib : sysctl.obj (.const:g_pui32VCOFrequencies)
                  000089b8    00000004     port.obj (.const)
                  000089bc    00000004     tasks.obj (.const)

.cinit     0    000089c8    00000058     
                  000089c8    00000034     (.cinit..data.load) [load image, compression = lzss]
                  000089fc    0000000c     (__TI_handler_table)
                  00008a08    00000008     (.cinit..bss.load) [load image, compression = zero_init]
                  00008a10    00000010     (__TI_cinit_table)

.init_array 
*          0    000089c0    00000004     
                  000089c0    00000004     main.obj (.init_array)

.data      0    20000000    0000808c     UNINITIALIZED
                  20000000    00008000     Crystalfontz128x128_ST7735.obj (.data:Lcd_buffer)
                  20008000    0000002c     tasks.obj (.data)
                  2000802c    00000018     main.obj (.data:btnReset)
                  20008044    00000018     main.obj (.data:btnStart)
                  2000805c    00000014     heap_4.obj (.data)
                  20008070    00000010     main.obj (.data)
                  20008080    00000004     port.obj (.data)
                  20008084    00000004     rtsv7M4_T_le_v4SPD16_eabi.lib : errno.c.obj (.data)
                  20008088    00000004     tasks.obj (.data:xYieldPendings)

.bss       0    2000808c    00005296     UNINITIALIZED
                  2000808c    00004f10     heap_4.obj (.bss:ucHeap)
                  2000cf9c    00000140     tasks.obj (.bss:pxReadyTasksLists)
                  2000d0dc    000000b4     main.obj (.bss:btnPlayPause)
                  2000d190    000000b4     main.obj (.bss:btnRestart)
                  2000d244    00000050     (.common:xQueueRegistry)
                  2000d294    00000014     tasks.obj (.bss:xDelayedTaskList1)
                  2000d2a8    00000014     tasks.obj (.bss:xDelayedTaskList2)
                  2000d2bc    00000014     tasks.obj (.bss:xPendingReadyList)
                  2000d2d0    00000014     tasks.obj (.bss:xSuspendedTaskList)
                  2000d2e4    00000014     tasks.obj (.bss:xTasksWaitingTermination)
                  2000d2f8    00000008     tasks.obj (.bss)
                  2000d300    00000008     heap_4.obj (.bss:xStart)
                  2000d308    00000004     grlib.lib : context.obj (.bss)
                  2000d30c    00000004     main.obj (.bss)
                  2000d310    00000004     tasks.obj (.bss:xIdleTaskHandles)
                  2000d314    00000004     (.common:xBuzzerSamples)
                  2000d318    00000002     (.common:Lcd_ScreenHeigth)
                  2000d31a    00000002     (.common:Lcd_ScreenWidth)
                  2000d31c    00000002     (.common:Lcd_TouchTrim)
                  2000d31e    00000001     (.common:Lcd_FlagRead)
                  2000d31f    00000001     (.common:Lcd_FontSolid)
                  2000d320    00000001     (.common:Lcd_Orientation)
                  2000d321    00000001     (.common:Lcd_PenSolid)

.stack     0    2000d328    00000800     UNINITIALIZED
                  2000d328    00000004     rtsv7M4_T_le_v4SPD16_eabi.lib : boot_cortex_m.c.obj (.stack)
                  2000d32c    000007fc     --HOLE--

__llvm_prf_cnts 
*          0    20000000    00000000     UNINITIALIZED

MODULE SUMMARY

       Module                                             code    ro data   rw data
       ------                                             ----    -------   -------
    .\
       main.obj                                           2064    34        432    
       startup_ccs.obj                                    12      512       0      
    +--+--------------------------------------------------+-------+---------+---------+
       Total:                                             2076    546       432    
                                                                                   
    .\FreeRTOS\
       tasks.obj                                          9312    4         480    
       queue.obj                                          3444    0         80     
       list.obj                                           304     0         0      
    +--+--------------------------------------------------+-------+---------+---------+
       Total:                                             13060   4         560    
                                                                                   
    .\FreeRTOS\portable\CCS\ARM_CM4F\
       port.obj                                           316     4         4      
       portasm.obj                                        218     0         0      
    +--+--------------------------------------------------+-------+---------+---------+
       Total:                                             534     4         4      
                                                                                   
    .\FreeRTOS\portable\MemMang\
       heap_4.obj                                         1056    0         20268  
    +--+--------------------------------------------------+-------+---------+---------+
       Total:                                             1056    0         20268  
                                                                                   
    .\libraries\buttonsDriver\
       button.obj                                         2654    256       0      
    +--+--------------------------------------------------+-------+---------+---------+
       Total:                                             2654    256       0      
                                                                                   
    .\libraries\display\
       Crystalfontz128x128_ST7735.obj                     1508    40        32778  
       HAL_EK_TM4C1294XL_Crystalfontz128x128_ST7735.obj   324     0         0      
    +--+--------------------------------------------------+-------+---------+---------+
       Total:                                             1832    40        32778  
                                                                                   
    C:/ti/TivaWare_C_Series-2.2.0.295/driverlib/ccs/Debug/driverlib.lib
       sysctl.obj                                         730     596       0      
       gpio.obj                                           588     144       0      
       pwm.obj                                            130     0         0      
       ssi.obj                                            88      0         0      
       fpu.obj                                            32      0         0      
       interrupt.obj                                      32      0         0      
       cpu.obj                                            24      0         0      
    +--+--------------------------------------------------+-------+---------+---------+
       Total:                                             1624    740       0      
                                                                                   
    C:/ti/TivaWare_C_Series-2.2.0.295/grlib/ccs/Debug/grlib.lib
       string.obj                                         1334    0         0      
       fontfixed6x8.obj                                   0       960       0      
       rectangle.obj                                      236     0         0      
       line.obj                                           140     0         0      
       context.obj                                        104     16        4      
       charmap.obj                                        8       0         0      
    +--+--------------------------------------------------+-------+---------+---------+
       Total:                                             1822    976       4      
                                                                                   
    C:\ti\ccs1281\ccs\tools\compiler\ti-cgt-arm_20.2.7.LTS\lib\rtsv7M4_T_le_v4SPD16_eabi.lib
       _printfi.c.obj                                     4851    0         0      
       fd_add_t2.asm.obj                                  438     0         0      
       fd_div_t2.asm.obj                                  310     0         0      
       s_scalbn.c.obj                                     272     0         0      
       fd_cmp_t2.asm.obj                                  268     0         0      
       ctype.c.obj                                        0       257       0      
       fd_mul_t2.asm.obj                                  252     0         0      
       memcpy_t2.asm.obj                                  156     0         0      
       ull_div_t2.asm.obj                                 150     0         0      
       snprintf.c.obj                                     148     0         0      
       memset_t2.asm.obj                                  122     0         0      
       copy_decompress_lzss.c.obj                         104     0         0      
       s_frexp.c.obj                                      100     0         0      
       autoinit.c.obj                                     96      0         0      
       _ltoa.c.obj                                        84      0         0      
       atoi.c.obj                                         76      0         0      
       fd_toi_t2.asm.obj                                  72      0         0      
       boot_cortex_m.c.obj                                52      0         0      
       i_tofd_t2.asm.obj                                  46      0         0      
       memccpy.c.obj                                      28      0         0      
       s_copysign.c.obj                                   26      0         0      
       strchr.c.obj                                       22      0         0      
       strlen.c.obj                                       20      0         0      
       wcslen.c.obj                                       18      0         0      
       copy_decompress_none.c.obj                         14      0         0      
       copy_zero_init.c.obj                               12      0         0      
       errno.c.obj                                        8       0         4      
       exit.c.obj                                         4       0         0      
       pre_init.c.obj                                     4       0         0      
       div0.asm.obj                                       2       0         0      
    +--+--------------------------------------------------+-------+---------+---------+
       Total:                                             7755    257       4      
                                                                                   
       Stack:                                             0       0         2048   
       Linker Generated:                                  0       88        0      
    +--+--------------------------------------------------+-------+---------+---------+
       Grand Total:                                       32413   2911      56098  


LINKER GENERATED COPY TABLES

__TI_cinit_table @ 00008a10 records: 2, size/record: 8, table size: 16
	.data: load addr=000089c8, load size=00000034 bytes, run addr=20000000, run size=0000808c bytes, compression=lzss
	.bss: load addr=00008a08, load size=00000008 bytes, run addr=2000808c, run size=00005296 bytes, compression=zero_init


LINKER GENERATED HANDLER TABLE

__TI_handler_table @ 000089fc records: 3, size/record: 4, table size: 12
	index: 0, handler: __TI_decompress_lzss
	index: 1, handler: __TI_decompress_none
	index: 2, handler: __TI_zero_init


GLOBAL SYMBOLS: SORTED ALPHABETICALLY BY Name 

address   name                                       
-------   ----                                       
000080b5  C$$EXIT                                    
0000802f  CPUcpsid                                   
0000803b  CPUcpsie                                   
00005095  Crystalfontz128x128_Init                   
0000513b  Crystalfontz128x128_SetDrawFrame           
00005217  Crystalfontz128x128_SetOrientation         
00007fd1  FPUEnable                                  
00007fe1  FPULazyStackingEnable                      
00007d8d  GPIODirModeSet                             
000064e5  GPIOPadConfigSet                           
0000795d  GPIOPinConfigure                           
00008099  GPIOPinRead                                
00007f15  GPIOPinTypeGPIOInput                       
00007ec9  GPIOPinTypeGPIOOutput                      
00007f2b  GPIOPinTypePWM                             
00007f41  GPIOPinTypeSSI                             
0000809f  GPIOPinWrite                               
000080a5  GrContextFontSet                           
000075a1  GrContextInit                              
0000707f  GrDefaultStringRenderer                    
00007db9  GrFontBaselineGet                          
00007e71  GrFontCodepageGet                          
00007e0b  GrFontGlyphDataGet                         
00005d09  GrFontGlyphRender                          
00007de5  GrFontInfoGet                              
00007b1d  GrLineDrawH                                
00007b63  GrLineDrawV                                
0000807f  GrMapISO8859_1_Unicode                     
000076d9  GrRectDraw                                 
00007325  GrRectFill                                 
00007f57  GrStringDraw                               
00007d31  GrStringNextCharGet                        
00007609  GrStringWidthGet                           
00006651  HAL_LCD_PortInit                           
000066a7  HAL_LCD_SpiInit                            
00006701  HAL_LCD_writeCommand                       
0000673b  HAL_LCD_writeData                          
00007ff1  IntMasterDisable                           
00008001  IntMasterEnable                            
2000d31e  Lcd_FlagRead                               
2000d31f  Lcd_FontSolid                              
2000d320  Lcd_Orientation                            
2000d321  Lcd_PenSolid                               
2000d318  Lcd_ScreenHeigth                           
2000d31a  Lcd_ScreenWidth                            
2000d31c  Lcd_TouchTrim                              
20000000  Lcd_buffer                                 
00007f85  PWMClockSet                                
00007e2d  PWMGenConfigure                            
00008047  PWMGenEnable                               
00008011  PWMGenPeriodSet                            
00007fad  PWMOutputState                             
00007e8f  PWMPulseWidthSet                           
0000805f  ResetISR                                   
000089c0  SHT$$INIT_ARRAY$$Base                      
000089c4  SHT$$INIT_ARRAY$$Limit                     
00008087  SSIBusy                                    
00007c23  SSIConfigSetExpClk                         
0000806b  SSIDataPut                                 
00008075  SSIEnable                                  
00005f5d  SysCtlClockFreqSet                         
000080ab  SysCtlDelay                                
00007c99  SysCtlPeripheralEnable                     
00007c61  SysCtlPeripheralReady                      
00004885  _Z11timeKeepingPv                          
000049e3  _Z13buzzerBuzzingPv                        
000048f5  _Z14buttonScanningPv                       
0000499d  _Z15displayUpdatingPv                      
00003967  _ZN6Button10attachIdleEPFvvE               
00003783  _ZN6Button10setClickMsEj                   
00003795  _ZN6Button10setPressMsEj                   
000039f7  _ZN6Button10wasPressedEv                   
0000381b  _ZN6Button11attachClickEPFvPvES0_          
00003809  _ZN6Button11attachClickEPFvvE              
000037ef  _ZN6Button11attachPressEPFvPvES0_          
000037dd  _ZN6Button11attachPressEPFvvE              
00003a21  _ZN6Button11wasReleasedEv                  
00003a81  _ZN6Button12readPhysicalEv                 
00003a5d  _ZN6Button13attachReleaseEPFvvE            
00003771  _ZN6Button13setDebounceMsEi                
00003add  _ZN6Button14applyPadConfigEv               
00003a3d  _ZN6Button15isDoubleClickedEv              
000038a9  _ZN6Button16attachMultiClickEPFvPvES0_     
00003889  _ZN6Button16attachMultiClickEPFvvE         
00003855  _ZN6Button17attachDoubleClickEPFvPvES0_    
00003835  _ZN6Button17attachDoubleClickEPFvvE        
000037cb  _ZN6Button17setTickIntervalMsEj            
00003917  _ZN6Button19attachLongPressStopEPFvPvES0_  
00003903  _ZN6Button19attachLongPressStopEPFvvE      
000038e5  _ZN6Button20attachLongPressStartEPFvPvES0_ 
000038d1  _ZN6Button20attachLongPressStartEPFvvE     
00003949  _ZN6Button21attachDuringLongPressEPFvPvES0_
00003935  _ZN6Button21attachDuringLongPressEPFvvE    
000037b9  _ZN6Button22setLongPressIntervalMsEj       
00003b25  _ZN6Button3fsmEb                           
000036a1  _ZN6Button4tickEb                          
0000360f  _ZN6Button4tickEv                          
00003719  _ZN6Button5beginEv                         
0000397b  _ZN6Button5resetEv                         
00003757  _ZN6Button7setPullE10ButtonPull            
00003dad  _ZN6Button8debounceEb                      
00003d9b  _ZN6Button8newStateENS_12StateMachineE     
000037a7  _ZN6Button9setIdleMsEj                     
00003471  _ZN6ButtonC1Ehjjj10ButtonPull              
00003471  _ZN6ButtonC2Ehjjj10ButtonPull              
00003a71  _ZNK6Button11getHoldTimeEv                 
000039df  _ZNK6Button13isLongPressedEv               
000039bd  _ZNK6Button15getNumberClicksEv             
000039cb  _ZNK6Button6isIdleEv                       
00003a13  _ZNK6Button9isPressedEv                    
2000db28  __STACK_END                                
00000800  __STACK_SIZE                               
2000d528  __STACK_TOP                                
00008a10  __TI_CINIT_Base                            
00008a20  __TI_CINIT_Limit                           
000089fc  __TI_Handler_Table_Base                    
00008a08  __TI_Handler_Table_Limit                   
000077a5  __TI_auto_init_nobinit                     
00007671  __TI_decompress_lzss                       
00008021  __TI_decompress_none                       
000078b5  __TI_ltoa                                  
ffffffff  __TI_pprof_out_hndl                        
00003e35  __TI_printfi                               
ffffffff  __TI_prof_data_size                        
ffffffff  __TI_prof_data_start                       
00000000  __TI_static_base__                         
00008053  __TI_zero_init                             
000073ab  __aeabi_cdcmpeq                            
000073ab  __aeabi_cdcmple                            
00007431  __aeabi_cdrcmple                           
00007ad5  __aeabi_d2iz                               
00006337  __aeabi_dadd                               
00006a0d  __aeabi_ddiv                               
00006ea9  __aeabi_dmul                               
0000632d  __aeabi_dsub                               
00008091  __aeabi_errno_addr                         
00007d5f  __aeabi_i2d                                
00003e33  __aeabi_idiv0                              
00003e33  __aeabi_ldiv0                              
000074b7  __aeabi_memclr                             
000074b7  __aeabi_memclr4                            
000074b7  __aeabi_memclr8                            
000071f3  __aeabi_memcpy                             
000071f3  __aeabi_memcpy4                            
000071f3  __aeabi_memcpy8                            
000074b9  __aeabi_memset                             
000074b9  __aeabi_memset4                            
000074b9  __aeabi_memset8                            
0000728f  __aeabi_uldivmod                           
ffffffff  __binit__                                  
ffffffff  __c_args__                                 
UNDEFED   __mpu_init                                 
2000d328  __stack                                    
20000000  __start___llvm_prf_cnts                    
0000503d  __sti___8_main_cpp_gSysClk                 
20000000  __stop___llvm_prf_cnts                     
00007ccd  _c_int00_noargs                            
00008560  _ctypes_                                   
UNDEFED   _system_post_cinit                         
000080b1  _system_pre_init                           
000080b5  abort                                      
000079a9  atoi                                       
ffffffff  binit                                      
00007ee3  copysign                                   
00007ee3  copysignl                                  
00000621  eTaskGetState                              
20008084  errno                                      
00007741  frexp                                      
00007741  frexpl                                     
20008074  gRunning                                   
20008070  gSysClk                                    
2000807a  g_hr                                       
20008079  g_min                                      
20008076  g_ms                                       
00000000  g_pfnVectors                               
00008980  g_psDefaultCodePointMapTable               
00008958  g_sCrystalfontz128x128                     
00008664  g_sFontFixed6x8                            
20008078  g_sec                                      
00006d99  ldexp                                      
00006d99  ldexpl                                     
00004a0d  main                                       
00007ead  memccpy                                    
000071f3  memcpy                                     
000074bf  memset                                     
00003347  pcQueueGetName                             
00000f73  pcTaskGetName                              
00005825  pvPortCalloc                               
00005679  pvPortMalloc                               
00001d89  pvTaskIncrementMutexHeldCount              
20008000  pxCurrentTCB                               
000068d1  pxPortInitialiseStack                      
00006d99  scalbn                                     
00006d99  scalbnl                                    
000079f5  snprintf                                   
00007f6d  strchr                                     
00007f99  strlen                                     
2000d30c  timeKeepLastWake                           
00003057  ucQueueGetQueueType                        
000089b8  ulMaxSyscallInterruptPriority              
00006fb5  ulPortGetIPSR                              
00001da5  ulTaskGenericNotifyTake                    
0000248b  ulTaskGenericNotifyValueClear              
00006c29  uxListRemove                               
00003067  uxQueueGetQueueItemSize                    
00003075  uxQueueGetQueueLength                      
00003037  uxQueueGetQueueNumber                      
00002fd5  uxQueueMessagesWaiting                     
0000300b  uxQueueMessagesWaitingFromISR              
00002feb  uxQueueSpacesAvailable                     
00000751  uxTaskBasePriorityGet                      
0000077d  uxTaskBasePriorityGetFromISR               
00000f6d  uxTaskGetNumberOfTasks                     
00001981  uxTaskGetStackHighWaterMark                
00000fa5  uxTaskGetSystemState                       
000016e1  uxTaskGetTaskNumber                        
000006f3  uxTaskPriorityGet                          
00000717  uxTaskPriorityGetFromISR                   
00001d61  uxTaskResetEventItemValue                  
00006b43  vListInitialise                            
00006b73  vListInitialiseItem                        
00006bc1  vListInsert                                
00006b83  vListInsertEnd                             
00007071  vPortEnableVFP                             
00006971  vPortEndScheduler                          
00006973  vPortEnterCritical                         
00006993  vPortExitCritical                          
000057bd  vPortFree                                  
000059b1  vPortGetHeapStats                          
00005a57  vPortHeapResetState                        
00005823  vPortInitialiseBlocks                      
0000702d  vPortSVCHandler                            
000069cf  vPortSetupTimerInterrupt                   
0000704d  vPortStartFirstTask                        
000032d9  vQueueAddToRegistry                        
00003021  vQueueDelete                               
00003045  vQueueSetQueueNumber                       
00003387  vQueueUnregisterQueue                      
000005c9  vTaskDelay                                 
00000465  vTaskDelete                                
00000d1f  vTaskEndScheduler                          
000022d1  vTaskGenericNotifyGiveFromISR              
000017d9  vTaskGetInfo                               
00001635  vTaskInternalSetTimeOutState               
000016d9  vTaskMissedYield                           
000012f1  vTaskPlaceOnEventList                      
00001315  vTaskPlaceOnUnorderedEventList             
00001c49  vTaskPriorityDisinheritAfterTimeout        
000007cd  vTaskPrioritySet                           
000014fd  vTaskRemoveFromUnorderedEventList          
000025ad  vTaskResetState                            
00000a9b  vTaskResume                                
00001701  vTaskSetTaskNumber                         
00001617  vTaskSetTimeOutState                       
00000ce5  vTaskStartScheduler                        
00000943  vTaskSuspend                               
00000d61  vTaskSuspendAll                            
00001289  vTaskSwitchContext                         
00007fbf  wcslen                                     
2000d314  xBuzzerSamples                             
00005817  xPortGetFreeHeapSize                       
0000581d  xPortGetMinimumEverFreeHeapSize            
00006fcd  xPortPendSVHandler                         
0000693b  xPortStartScheduler                        
000069a9  xPortSysTickHandler                        
0000280d  xQueueCreateMutex                          
00002733  xQueueGenericCreate                        
00002661  xQueueGenericReset                         
000028b9  xQueueGenericSend                          
000029e9  xQueueGenericSendFromISR                   
00002a9b  xQueueGiveFromISR                          
00002839  xQueueGiveMutexRecursive                   
0000326d  xQueueIsQueueEmptyFromISR                  
000032b3  xQueueIsQueueFullFromISR                   
00002db7  xQueuePeek                                 
00002f83  xQueuePeekFromISR                          
00002b3f  xQueueReceive                              
00002ed9  xQueueReceiveFromISR                       
2000d244  xQueueRegistry                             
00002c5d  xQueueSemaphoreTake                        
00002875  xQueueTakeMutexRecursive                   
0000107d  xTaskCatchUpTicks                          
00001655  xTaskCheckForTimeOut                       
0000026d  xTaskCreate                                
00000539  xTaskDelayUntil                            
00001f55  xTaskGenericNotify                         
000020e1  xTaskGenericNotifyFromISR                  
00002441  xTaskGenericNotifyStateClear               
00001e65  xTaskGenericNotifyWait                     
000019fd  xTaskGetCurrentTaskHandle                  
00001a21  xTaskGetCurrentTaskHandleForCore           
00000f41  xTaskGetTickCount                          
00000f55  xTaskGetTickCountFromISR                   
000010b9  xTaskIncrementTick                         
00001b65  xTaskPriorityDisinherit                    
00001a4b  xTaskPriorityInherit                       
00001385  xTaskRemoveFromEventList                   
00000d7d  xTaskResumeAll                             
00000b79  xTaskResumeFromISR                         


GLOBAL SYMBOLS: SORTED BY Symbol Address 

address   name                                       
-------   ----                                       
00000000  __TI_static_base__                         
00000000  g_pfnVectors                               
0000026d  xTaskCreate                                
00000465  vTaskDelete                                
00000539  xTaskDelayUntil                            
000005c9  vTaskDelay                                 
00000621  eTaskGetState                              
000006f3  uxTaskPriorityGet                          
00000717  uxTaskPriorityGetFromISR                   
00000751  uxTaskBasePriorityGet                      
0000077d  uxTaskBasePriorityGetFromISR               
000007cd  vTaskPrioritySet                           
00000800  __STACK_SIZE                               
00000943  vTaskSuspend                               
00000a9b  vTaskResume                                
00000b79  xTaskResumeFromISR                         
00000ce5  vTaskStartScheduler                        
00000d1f  vTaskEndScheduler                          
00000d61  vTaskSuspendAll                            
00000d7d  xTaskResumeAll                             
00000f41  xTaskGetTickCount                          
00000f55  xTaskGetTickCountFromISR                   
00000f6d  uxTaskGetNumberOfTasks                     
00000f73  pcTaskGetName                              
00000fa5  uxTaskGetSystemState                       
0000107d  xTaskCatchUpTicks                          
000010b9  xTaskIncrementTick                         
00001289  vTaskSwitchContext                         
000012f1  vTaskPlaceOnEventList                      
00001315  vTaskPlaceOnUnorderedEventList             
00001385  xTaskRemoveFromEventList                   
000014fd  vTaskRemoveFromUnorderedEventList          
00001617  vTaskSetTimeOutState                       
00001635  vTaskInternalSetTimeOutState               
00001655  xTaskCheckForTimeOut                       
000016d9  vTaskMissedYield                           
000016e1  uxTaskGetTaskNumber                        
00001701  vTaskSetTaskNumber                         
000017d9  vTaskGetInfo                               
00001981  uxTaskGetStackHighWaterMark                
000019fd  xTaskGetCurrentTaskHandle                  
00001a21  xTaskGetCurrentTaskHandleForCore           
00001a4b  xTaskPriorityInherit                       
00001b65  xTaskPriorityDisinherit                    
00001c49  vTaskPriorityDisinheritAfterTimeout        
00001d61  uxTaskResetEventItemValue                  
00001d89  pvTaskIncrementMutexHeldCount              
00001da5  ulTaskGenericNotifyTake                    
00001e65  xTaskGenericNotifyWait                     
00001f55  xTaskGenericNotify                         
000020e1  xTaskGenericNotifyFromISR                  
000022d1  vTaskGenericNotifyGiveFromISR              
00002441  xTaskGenericNotifyStateClear               
0000248b  ulTaskGenericNotifyValueClear              
000025ad  vTaskResetState                            
00002661  xQueueGenericReset                         
00002733  xQueueGenericCreate                        
0000280d  xQueueCreateMutex                          
00002839  xQueueGiveMutexRecursive                   
00002875  xQueueTakeMutexRecursive                   
000028b9  xQueueGenericSend                          
000029e9  xQueueGenericSendFromISR                   
00002a9b  xQueueGiveFromISR                          
00002b3f  xQueueReceive                              
00002c5d  xQueueSemaphoreTake                        
00002db7  xQueuePeek                                 
00002ed9  xQueueReceiveFromISR                       
00002f83  xQueuePeekFromISR                          
00002fd5  uxQueueMessagesWaiting                     
00002feb  uxQueueSpacesAvailable                     
0000300b  uxQueueMessagesWaitingFromISR              
00003021  vQueueDelete                               
00003037  uxQueueGetQueueNumber                      
00003045  vQueueSetQueueNumber                       
00003057  ucQueueGetQueueType                        
00003067  uxQueueGetQueueItemSize                    
00003075  uxQueueGetQueueLength                      
0000326d  xQueueIsQueueEmptyFromISR                  
000032b3  xQueueIsQueueFullFromISR                   
000032d9  vQueueAddToRegistry                        
00003347  pcQueueGetName                             
00003387  vQueueUnregisterQueue                      
00003471  _ZN6ButtonC1Ehjjj10ButtonPull              
00003471  _ZN6ButtonC2Ehjjj10ButtonPull              
0000360f  _ZN6Button4tickEv                          
000036a1  _ZN6Button4tickEb                          
00003719  _ZN6Button5beginEv                         
00003757  _ZN6Button7setPullE10ButtonPull            
00003771  _ZN6Button13setDebounceMsEi                
00003783  _ZN6Button10setClickMsEj                   
00003795  _ZN6Button10setPressMsEj                   
000037a7  _ZN6Button9setIdleMsEj                     
000037b9  _ZN6Button22setLongPressIntervalMsEj       
000037cb  _ZN6Button17setTickIntervalMsEj            
000037dd  _ZN6Button11attachPressEPFvvE              
000037ef  _ZN6Button11attachPressEPFvPvES0_          
00003809  _ZN6Button11attachClickEPFvvE              
0000381b  _ZN6Button11attachClickEPFvPvES0_          
00003835  _ZN6Button17attachDoubleClickEPFvvE        
00003855  _ZN6Button17attachDoubleClickEPFvPvES0_    
00003889  _ZN6Button16attachMultiClickEPFvvE         
000038a9  _ZN6Button16attachMultiClickEPFvPvES0_     
000038d1  _ZN6Button20attachLongPressStartEPFvvE     
000038e5  _ZN6Button20attachLongPressStartEPFvPvES0_ 
00003903  _ZN6Button19attachLongPressStopEPFvvE      
00003917  _ZN6Button19attachLongPressStopEPFvPvES0_  
00003935  _ZN6Button21attachDuringLongPressEPFvvE    
00003949  _ZN6Button21attachDuringLongPressEPFvPvES0_
00003967  _ZN6Button10attachIdleEPFvvE               
0000397b  _ZN6Button5resetEv                         
000039bd  _ZNK6Button15getNumberClicksEv             
000039cb  _ZNK6Button6isIdleEv                       
000039df  _ZNK6Button13isLongPressedEv               
000039f7  _ZN6Button10wasPressedEv                   
00003a13  _ZNK6Button9isPressedEv                    
00003a21  _ZN6Button11wasReleasedEv                  
00003a3d  _ZN6Button15isDoubleClickedEv              
00003a5d  _ZN6Button13attachReleaseEPFvvE            
00003a71  _ZNK6Button11getHoldTimeEv                 
00003a81  _ZN6Button12readPhysicalEv                 
00003add  _ZN6Button14applyPadConfigEv               
00003b25  _ZN6Button3fsmEb                           
00003d9b  _ZN6Button8newStateENS_12StateMachineE     
00003dad  _ZN6Button8debounceEb                      
00003e33  __aeabi_idiv0                              
00003e33  __aeabi_ldiv0                              
00003e35  __TI_printfi                               
00004885  _Z11timeKeepingPv                          
000048f5  _Z14buttonScanningPv                       
0000499d  _Z15displayUpdatingPv                      
000049e3  _Z13buzzerBuzzingPv                        
00004a0d  main                                       
0000503d  __sti___8_main_cpp_gSysClk                 
00005095  Crystalfontz128x128_Init                   
0000513b  Crystalfontz128x128_SetDrawFrame           
00005217  Crystalfontz128x128_SetOrientation         
00005679  pvPortMalloc                               
000057bd  vPortFree                                  
00005817  xPortGetFreeHeapSize                       
0000581d  xPortGetMinimumEverFreeHeapSize            
00005823  vPortInitialiseBlocks                      
00005825  pvPortCalloc                               
000059b1  vPortGetHeapStats                          
00005a57  vPortHeapResetState                        
00005d09  GrFontGlyphRender                          
00005f5d  SysCtlClockFreqSet                         
0000632d  __aeabi_dsub                               
00006337  __aeabi_dadd                               
000064e5  GPIOPadConfigSet                           
00006651  HAL_LCD_PortInit                           
000066a7  HAL_LCD_SpiInit                            
00006701  HAL_LCD_writeCommand                       
0000673b  HAL_LCD_writeData                          
000068d1  pxPortInitialiseStack                      
0000693b  xPortStartScheduler                        
00006971  vPortEndScheduler                          
00006973  vPortEnterCritical                         
00006993  vPortExitCritical                          
000069a9  xPortSysTickHandler                        
000069cf  vPortSetupTimerInterrupt                   
00006a0d  __aeabi_ddiv                               
00006b43  vListInitialise                            
00006b73  vListInitialiseItem                        
00006b83  vListInsertEnd                             
00006bc1  vListInsert                                
00006c29  uxListRemove                               
00006d99  ldexp                                      
00006d99  ldexpl                                     
00006d99  scalbn                                     
00006d99  scalbnl                                    
00006ea9  __aeabi_dmul                               
00006fb5  ulPortGetIPSR                              
00006fcd  xPortPendSVHandler                         
0000702d  vPortSVCHandler                            
0000704d  vPortStartFirstTask                        
00007071  vPortEnableVFP                             
0000707f  GrDefaultStringRenderer                    
000071f3  __aeabi_memcpy                             
000071f3  __aeabi_memcpy4                            
000071f3  __aeabi_memcpy8                            
000071f3  memcpy                                     
0000728f  __aeabi_uldivmod                           
00007325  GrRectFill                                 
000073ab  __aeabi_cdcmpeq                            
000073ab  __aeabi_cdcmple                            
00007431  __aeabi_cdrcmple                           
000074b7  __aeabi_memclr                             
000074b7  __aeabi_memclr4                            
000074b7  __aeabi_memclr8                            
000074b9  __aeabi_memset                             
000074b9  __aeabi_memset4                            
000074b9  __aeabi_memset8                            
000074bf  memset                                     
000075a1  GrContextInit                              
00007609  GrStringWidthGet                           
00007671  __TI_decompress_lzss                       
000076d9  GrRectDraw                                 
00007741  frexp                                      
00007741  frexpl                                     
000077a5  __TI_auto_init_nobinit                     
000078b5  __TI_ltoa                                  
0000795d  GPIOPinConfigure                           
000079a9  atoi                                       
000079f5  snprintf                                   
00007ad5  __aeabi_d2iz                               
00007b1d  GrLineDrawH                                
00007b63  GrLineDrawV                                
00007c23  SSIConfigSetExpClk                         
00007c61  SysCtlPeripheralReady                      
00007c99  SysCtlPeripheralEnable                     
00007ccd  _c_int00_noargs                            
00007d31  GrStringNextCharGet                        
00007d5f  __aeabi_i2d                                
00007d8d  GPIODirModeSet                             
00007db9  GrFontBaselineGet                          
00007de5  GrFontInfoGet                              
00007e0b  GrFontGlyphDataGet                         
00007e2d  PWMGenConfigure                            
00007e71  GrFontCodepageGet                          
00007e8f  PWMPulseWidthSet                           
00007ead  memccpy                                    
00007ec9  GPIOPinTypeGPIOOutput                      
00007ee3  copysign                                   
00007ee3  copysignl                                  
00007f15  GPIOPinTypeGPIOInput                       
00007f2b  GPIOPinTypePWM                             
00007f41  GPIOPinTypeSSI                             
00007f57  GrStringDraw                               
00007f6d  strchr                                     
00007f85  PWMClockSet                                
00007f99  strlen                                     
00007fad  PWMOutputState                             
00007fbf  wcslen                                     
00007fd1  FPUEnable                                  
00007fe1  FPULazyStackingEnable                      
00007ff1  IntMasterDisable                           
00008001  IntMasterEnable                            
00008011  PWMGenPeriodSet                            
00008021  __TI_decompress_none                       
0000802f  CPUcpsid                                   
0000803b  CPUcpsie                                   
00008047  PWMGenEnable                               
00008053  __TI_zero_init                             
0000805f  ResetISR                                   
0000806b  SSIDataPut                                 
00008075  SSIEnable                                  
0000807f  GrMapISO8859_1_Unicode                     
00008087  SSIBusy                                    
00008091  __aeabi_errno_addr                         
00008099  GPIOPinRead                                
0000809f  GPIOPinWrite                               
000080a5  GrContextFontSet                           
000080ab  SysCtlDelay                                
000080b1  _system_pre_init                           
000080b5  C$$EXIT                                    
000080b5  abort                                      
00008560  _ctypes_                                   
00008664  g_sFontFixed6x8                            
00008958  g_sCrystalfontz128x128                     
00008980  g_psDefaultCodePointMapTable               
000089b8  ulMaxSyscallInterruptPriority              
000089c0  SHT$$INIT_ARRAY$$Base                      
000089c4  SHT$$INIT_ARRAY$$Limit                     
000089fc  __TI_Handler_Table_Base                    
00008a08  __TI_Handler_Table_Limit                   
00008a10  __TI_CINIT_Base                            
00008a20  __TI_CINIT_Limit                           
20000000  Lcd_buffer                                 
20000000  __start___llvm_prf_cnts                    
20000000  __stop___llvm_prf_cnts                     
20008000  pxCurrentTCB                               
20008070  gSysClk                                    
20008074  gRunning                                   
20008076  g_ms                                       
20008078  g_sec                                      
20008079  g_min                                      
2000807a  g_hr                                       
20008084  errno                                      
2000d244  xQueueRegistry                             
2000d30c  timeKeepLastWake                           
2000d314  xBuzzerSamples                             
2000d318  Lcd_ScreenHeigth                           
2000d31a  Lcd_ScreenWidth                            
2000d31c  Lcd_TouchTrim                              
2000d31e  Lcd_FlagRead                               
2000d31f  Lcd_FontSolid                              
2000d320  Lcd_Orientation                            
2000d321  Lcd_PenSolid                               
2000d328  __stack                                    
2000d528  __STACK_TOP                                
2000db28  __STACK_END                                
ffffffff  __TI_pprof_out_hndl                        
ffffffff  __TI_prof_data_size                        
ffffffff  __TI_prof_data_start                       
ffffffff  __binit__                                  
ffffffff  __c_args__                                 
ffffffff  binit                                      
UNDEFED   __mpu_init                                 
UNDEFED   _system_post_cinit                         

[299 symbols]
