<?xml version="1.0" encoding="ISO-8859-1" ?>
<link_info>
   <banner>TI ARM Linker PC v20.2.7.LTS</banner>
   <copyright>Copyright (c) 1996-2018 Texas Instruments Incorporated</copyright>
   <link_time>0x69cf2ac9</link_time>
   <link_errors>0x0</link_errors>
   <output_file>Lab2_FreeRTOS.out</output_file>
   <entry_point>
      <name>_c_int00_noargs</name>
      <address>0x7ccd</address>
   </entry_point>
   <input_file_list>
      <input_file id="fl-2">
         <path>.\</path>
         <kind>object</kind>
         <file>main.obj</file>
         <name>main.obj</name>
      </input_file>
      <input_file id="fl-3">
         <path>.\</path>
         <kind>object</kind>
         <file>startup_ccs.obj</file>
         <name>startup_ccs.obj</name>
      </input_file>
      <input_file id="fl-4">
         <path>.\FreeRTOS\</path>
         <kind>object</kind>
         <file>croutine.obj</file>
         <name>croutine.obj</name>
      </input_file>
      <input_file id="fl-5">
         <path>.\FreeRTOS\</path>
         <kind>object</kind>
         <file>event_groups.obj</file>
         <name>event_groups.obj</name>
      </input_file>
      <input_file id="fl-6">
         <path>.\FreeRTOS\</path>
         <kind>object</kind>
         <file>list.obj</file>
         <name>list.obj</name>
      </input_file>
      <input_file id="fl-7">
         <path>.\FreeRTOS\</path>
         <kind>object</kind>
         <file>queue.obj</file>
         <name>queue.obj</name>
      </input_file>
      <input_file id="fl-8">
         <path>.\FreeRTOS\</path>
         <kind>object</kind>
         <file>stream_buffer.obj</file>
         <name>stream_buffer.obj</name>
      </input_file>
      <input_file id="fl-9">
         <path>.\FreeRTOS\</path>
         <kind>object</kind>
         <file>tasks.obj</file>
         <name>tasks.obj</name>
      </input_file>
      <input_file id="fl-a">
         <path>.\FreeRTOS\</path>
         <kind>object</kind>
         <file>timers.obj</file>
         <name>timers.obj</name>
      </input_file>
      <input_file id="fl-b">
         <path>.\FreeRTOS\portable\CCS\ARM_CM4F\</path>
         <kind>object</kind>
         <file>port.obj</file>
         <name>port.obj</name>
      </input_file>
      <input_file id="fl-c">
         <path>.\FreeRTOS\portable\CCS\ARM_CM4F\</path>
         <kind>object</kind>
         <file>portasm.obj</file>
         <name>portasm.obj</name>
      </input_file>
      <input_file id="fl-d">
         <path>.\FreeRTOS\portable\MemMang\</path>
         <kind>object</kind>
         <file>heap_4.obj</file>
         <name>heap_4.obj</name>
      </input_file>
      <input_file id="fl-e">
         <path>.\libraries\OPT3001\</path>
         <kind>object</kind>
         <file>OPT3001.obj</file>
         <name>OPT3001.obj</name>
      </input_file>
      <input_file id="fl-f">
         <path>.\libraries\buttonsDriver\</path>
         <kind>object</kind>
         <file>button.obj</file>
         <name>button.obj</name>
      </input_file>
      <input_file id="fl-10">
         <path>.\libraries\display\</path>
         <kind>object</kind>
         <file>Crystalfontz128x128_ST7735.obj</file>
         <name>Crystalfontz128x128_ST7735.obj</name>
      </input_file>
      <input_file id="fl-11">
         <path>.\libraries\display\</path>
         <kind>object</kind>
         <file>HAL_EK_TM4C1294XL_Crystalfontz128x128_ST7735.obj</file>
         <name>HAL_EK_TM4C1294XL_Crystalfontz128x128_ST7735.obj</name>
      </input_file>
      <input_file id="fl-12">
         <path>.\libraries\joystickDriver\</path>
         <kind>object</kind>
         <file>joystick.obj</file>
         <name>joystick.obj</name>
      </input_file>
      <input_file id="fl-13">
         <path>.\libraries\</path>
         <kind>object</kind>
         <file>sysctl_pll.obj</file>
         <name>sysctl_pll.obj</name>
      </input_file>
      <input_file id="fl-14">
         <path>.\libraries\timerLib\</path>
         <kind>object</kind>
         <file>timerLib.obj</file>
         <name>timerLib.obj</name>
      </input_file>
      <input_file id="fl-1a">
         <kind>object</kind>
         <file>&lt;internal&gt;</file>
         <name>&lt;internal&gt;</name>
      </input_file>
      <input_file id="fl-d0">
         <path>C:\ti\ccs1281\ccs\tools\compiler\ti-cgt-arm_20.2.7.LTS\lib\</path>
         <kind>archive</kind>
         <file>rtsv7M4_T_le_v4SPD16_eabi.lib</file>
         <name>e_atan2f.c.obj</name>
      </input_file>
      <input_file id="fl-d1">
         <path>C:\ti\ccs1281\ccs\tools\compiler\ti-cgt-arm_20.2.7.LTS\lib\</path>
         <kind>archive</kind>
         <file>rtsv7M4_T_le_v4SPD16_eabi.lib</file>
         <name>e_sqrtf.c.obj</name>
      </input_file>
      <input_file id="fl-d2">
         <path>C:\ti\ccs1281\ccs\tools\compiler\ti-cgt-arm_20.2.7.LTS\lib\</path>
         <kind>archive</kind>
         <file>rtsv7M4_T_le_v4SPD16_eabi.lib</file>
         <name>s_atanf.c.obj</name>
      </input_file>
      <input_file id="fl-d3">
         <path>C:\ti\ccs1281\ccs\tools\compiler\ti-cgt-arm_20.2.7.LTS\lib\</path>
         <kind>archive</kind>
         <file>rtsv7M4_T_le_v4SPD16_eabi.lib</file>
         <name>s_floorf.c.obj</name>
      </input_file>
      <input_file id="fl-d4">
         <path>C:\ti\ccs1281\ccs\tools\compiler\ti-cgt-arm_20.2.7.LTS\lib\</path>
         <kind>archive</kind>
         <file>rtsv7M4_T_le_v4SPD16_eabi.lib</file>
         <name>snprintf.c.obj</name>
      </input_file>
      <input_file id="fl-d5">
         <path>C:\ti\ccs1281\ccs\tools\compiler\ti-cgt-arm_20.2.7.LTS\lib\</path>
         <kind>archive</kind>
         <file>rtsv7M4_T_le_v4SPD16_eabi.lib</file>
         <name>memcpy_t2.asm.obj</name>
      </input_file>
      <input_file id="fl-d6">
         <path>C:\ti\ccs1281\ccs\tools\compiler\ti-cgt-arm_20.2.7.LTS\lib\</path>
         <kind>archive</kind>
         <file>rtsv7M4_T_le_v4SPD16_eabi.lib</file>
         <name>memset_t2.asm.obj</name>
      </input_file>
      <input_file id="fl-d7">
         <path>C:\ti\ccs1281\ccs\tools\compiler\ti-cgt-arm_20.2.7.LTS\lib\</path>
         <kind>archive</kind>
         <file>rtsv7M4_T_le_v4SPD16_eabi.lib</file>
         <name>ull_div_t2.asm.obj</name>
      </input_file>
      <input_file id="fl-d8">
         <path>C:\ti\ccs1281\ccs\tools\compiler\ti-cgt-arm_20.2.7.LTS\lib\</path>
         <kind>archive</kind>
         <file>rtsv7M4_T_le_v4SPD16_eabi.lib</file>
         <name>copy_zero_init.c.obj</name>
      </input_file>
      <input_file id="fl-d9">
         <path>C:\ti\ccs1281\ccs\tools\compiler\ti-cgt-arm_20.2.7.LTS\lib\</path>
         <kind>archive</kind>
         <file>rtsv7M4_T_le_v4SPD16_eabi.lib</file>
         <name>copy_decompress_none.c.obj</name>
      </input_file>
      <input_file id="fl-da">
         <path>C:\ti\ccs1281\ccs\tools\compiler\ti-cgt-arm_20.2.7.LTS\lib\</path>
         <kind>archive</kind>
         <file>rtsv7M4_T_le_v4SPD16_eabi.lib</file>
         <name>copy_decompress_lzss.c.obj</name>
      </input_file>
      <input_file id="fl-db">
         <path>C:\ti\ccs1281\ccs\tools\compiler\ti-cgt-arm_20.2.7.LTS\lib\</path>
         <kind>archive</kind>
         <file>rtsv7M4_T_le_v4SPD16_eabi.lib</file>
         <name>boot_cortex_m.c.obj</name>
      </input_file>
      <input_file id="fl-dc">
         <path>C:\ti\ccs1281\ccs\tools\compiler\ti-cgt-arm_20.2.7.LTS\lib\</path>
         <kind>archive</kind>
         <file>rtsv7M4_T_le_v4SPD16_eabi.lib</file>
         <name>errno.c.obj</name>
      </input_file>
      <input_file id="fl-dd">
         <path>C:\ti\ccs1281\ccs\tools\compiler\ti-cgt-arm_20.2.7.LTS\lib\</path>
         <kind>archive</kind>
         <file>rtsv7M4_T_le_v4SPD16_eabi.lib</file>
         <name>_printfi.c.obj</name>
      </input_file>
      <input_file id="fl-de">
         <path>C:\ti\ccs1281\ccs\tools\compiler\ti-cgt-arm_20.2.7.LTS\lib\</path>
         <kind>archive</kind>
         <file>rtsv7M4_T_le_v4SPD16_eabi.lib</file>
         <name>div0.asm.obj</name>
      </input_file>
      <input_file id="fl-df">
         <path>C:\ti\ccs1281\ccs\tools\compiler\ti-cgt-arm_20.2.7.LTS\lib\</path>
         <kind>archive</kind>
         <file>rtsv7M4_T_le_v4SPD16_eabi.lib</file>
         <name>fd_add_t2.asm.obj</name>
      </input_file>
      <input_file id="fl-e0">
         <path>C:\ti\ccs1281\ccs\tools\compiler\ti-cgt-arm_20.2.7.LTS\lib\</path>
         <kind>archive</kind>
         <file>rtsv7M4_T_le_v4SPD16_eabi.lib</file>
         <name>fd_cmp_t2.asm.obj</name>
      </input_file>
      <input_file id="fl-e1">
         <path>C:\ti\ccs1281\ccs\tools\compiler\ti-cgt-arm_20.2.7.LTS\lib\</path>
         <kind>archive</kind>
         <file>rtsv7M4_T_le_v4SPD16_eabi.lib</file>
         <name>fd_div_t2.asm.obj</name>
      </input_file>
      <input_file id="fl-e2">
         <path>C:\ti\ccs1281\ccs\tools\compiler\ti-cgt-arm_20.2.7.LTS\lib\</path>
         <kind>archive</kind>
         <file>rtsv7M4_T_le_v4SPD16_eabi.lib</file>
         <name>fd_mul_t2.asm.obj</name>
      </input_file>
      <input_file id="fl-e3">
         <path>C:\ti\ccs1281\ccs\tools\compiler\ti-cgt-arm_20.2.7.LTS\lib\</path>
         <kind>archive</kind>
         <file>rtsv7M4_T_le_v4SPD16_eabi.lib</file>
         <name>fd_toi_t2.asm.obj</name>
      </input_file>
      <input_file id="fl-e4">
         <path>C:\ti\ccs1281\ccs\tools\compiler\ti-cgt-arm_20.2.7.LTS\lib\</path>
         <kind>archive</kind>
         <file>rtsv7M4_T_le_v4SPD16_eabi.lib</file>
         <name>i_tofd_t2.asm.obj</name>
      </input_file>
      <input_file id="fl-e5">
         <path>C:\ti\ccs1281\ccs\tools\compiler\ti-cgt-arm_20.2.7.LTS\lib\</path>
         <kind>archive</kind>
         <file>rtsv7M4_T_le_v4SPD16_eabi.lib</file>
         <name>autoinit.c.obj</name>
      </input_file>
      <input_file id="fl-e6">
         <path>C:\ti\ccs1281\ccs\tools\compiler\ti-cgt-arm_20.2.7.LTS\lib\</path>
         <kind>archive</kind>
         <file>rtsv7M4_T_le_v4SPD16_eabi.lib</file>
         <name>pre_init.c.obj</name>
      </input_file>
      <input_file id="fl-e7">
         <path>C:\ti\ccs1281\ccs\tools\compiler\ti-cgt-arm_20.2.7.LTS\lib\</path>
         <kind>archive</kind>
         <file>rtsv7M4_T_le_v4SPD16_eabi.lib</file>
         <name>cpy_tbl.c.obj</name>
      </input_file>
      <input_file id="fl-e8">
         <path>C:\ti\ccs1281\ccs\tools\compiler\ti-cgt-arm_20.2.7.LTS\lib\</path>
         <kind>archive</kind>
         <file>rtsv7M4_T_le_v4SPD16_eabi.lib</file>
         <name>exit.c.obj</name>
      </input_file>
      <input_file id="fl-e9">
         <path>C:\ti\ccs1281\ccs\tools\compiler\ti-cgt-arm_20.2.7.LTS\lib\</path>
         <kind>archive</kind>
         <file>rtsv7M4_T_le_v4SPD16_eabi.lib</file>
         <name>_lock.c.obj</name>
      </input_file>
      <input_file id="fl-ea">
         <path>C:\ti\ccs1281\ccs\tools\compiler\ti-cgt-arm_20.2.7.LTS\lib\</path>
         <kind>archive</kind>
         <file>rtsv7M4_T_le_v4SPD16_eabi.lib</file>
         <name>_ltoa.c.obj</name>
      </input_file>
      <input_file id="fl-eb">
         <path>C:\ti\ccs1281\ccs\tools\compiler\ti-cgt-arm_20.2.7.LTS\lib\</path>
         <kind>archive</kind>
         <file>rtsv7M4_T_le_v4SPD16_eabi.lib</file>
         <name>args_main.c.obj</name>
      </input_file>
      <input_file id="fl-ec">
         <path>C:\ti\ccs1281\ccs\tools\compiler\ti-cgt-arm_20.2.7.LTS\lib\</path>
         <kind>archive</kind>
         <file>rtsv7M4_T_le_v4SPD16_eabi.lib</file>
         <name>atoi.c.obj</name>
      </input_file>
      <input_file id="fl-ed">
         <path>C:\ti\ccs1281\ccs\tools\compiler\ti-cgt-arm_20.2.7.LTS\lib\</path>
         <kind>archive</kind>
         <file>rtsv7M4_T_le_v4SPD16_eabi.lib</file>
         <name>ctype.c.obj</name>
      </input_file>
      <input_file id="fl-ee">
         <path>C:\ti\ccs1281\ccs\tools\compiler\ti-cgt-arm_20.2.7.LTS\lib\</path>
         <kind>archive</kind>
         <file>rtsv7M4_T_le_v4SPD16_eabi.lib</file>
         <name>memccpy.c.obj</name>
      </input_file>
      <input_file id="fl-ef">
         <path>C:\ti\ccs1281\ccs\tools\compiler\ti-cgt-arm_20.2.7.LTS\lib\</path>
         <kind>archive</kind>
         <file>rtsv7M4_T_le_v4SPD16_eabi.lib</file>
         <name>strchr.c.obj</name>
      </input_file>
      <input_file id="fl-f0">
         <path>C:\ti\ccs1281\ccs\tools\compiler\ti-cgt-arm_20.2.7.LTS\lib\</path>
         <kind>archive</kind>
         <file>rtsv7M4_T_le_v4SPD16_eabi.lib</file>
         <name>strlen.c.obj</name>
      </input_file>
      <input_file id="fl-f1">
         <path>C:\ti\ccs1281\ccs\tools\compiler\ti-cgt-arm_20.2.7.LTS\lib\</path>
         <kind>archive</kind>
         <file>rtsv7M4_T_le_v4SPD16_eabi.lib</file>
         <name>wcslen.c.obj</name>
      </input_file>
      <input_file id="fl-f2">
         <path>C:\ti\ccs1281\ccs\tools\compiler\ti-cgt-arm_20.2.7.LTS\lib\</path>
         <kind>archive</kind>
         <file>rtsv7M4_T_le_v4SPD16_eabi.lib</file>
         <name>s_frexp.c.obj</name>
      </input_file>
      <input_file id="fl-f3">
         <path>C:\ti\ccs1281\ccs\tools\compiler\ti-cgt-arm_20.2.7.LTS\lib\</path>
         <kind>archive</kind>
         <file>rtsv7M4_T_le_v4SPD16_eabi.lib</file>
         <name>s_scalbn.c.obj</name>
      </input_file>
      <input_file id="fl-f4">
         <path>C:\ti\ccs1281\ccs\tools\compiler\ti-cgt-arm_20.2.7.LTS\lib\</path>
         <kind>archive</kind>
         <file>rtsv7M4_T_le_v4SPD16_eabi.lib</file>
         <name>s_copysign.c.obj</name>
      </input_file>
      <input_file id="fl-f5">
         <path>C:\ti\TivaWare_C_Series-2.2.0.295\grlib\ccs\Debug\</path>
         <kind>archive</kind>
         <file>grlib.lib</file>
         <name>context.obj</name>
      </input_file>
      <input_file id="fl-f6">
         <path>C:\ti\TivaWare_C_Series-2.2.0.295\grlib\ccs\Debug\</path>
         <kind>archive</kind>
         <file>grlib.lib</file>
         <name>rectangle.obj</name>
      </input_file>
      <input_file id="fl-f7">
         <path>C:\ti\TivaWare_C_Series-2.2.0.295\grlib\ccs\Debug\</path>
         <kind>archive</kind>
         <file>grlib.lib</file>
         <name>string.obj</name>
      </input_file>
      <input_file id="fl-f8">
         <path>C:\ti\TivaWare_C_Series-2.2.0.295\grlib\ccs\Debug\</path>
         <kind>archive</kind>
         <file>grlib.lib</file>
         <name>fontfixed6x8.obj</name>
      </input_file>
      <input_file id="fl-f9">
         <path>C:\ti\TivaWare_C_Series-2.2.0.295\grlib\ccs\Debug\</path>
         <kind>archive</kind>
         <file>grlib.lib</file>
         <name>charmap.obj</name>
      </input_file>
      <input_file id="fl-fa">
         <path>C:\ti\TivaWare_C_Series-2.2.0.295\grlib\ccs\Debug\</path>
         <kind>archive</kind>
         <file>grlib.lib</file>
         <name>line.obj</name>
      </input_file>
      <input_file id="fl-fb">
         <path>C:\ti\TivaWare_C_Series-2.2.0.295\driverlib\ccs\Debug\</path>
         <kind>archive</kind>
         <file>driverlib.lib</file>
         <name>adc.obj</name>
      </input_file>
      <input_file id="fl-fc">
         <path>C:\ti\TivaWare_C_Series-2.2.0.295\driverlib\ccs\Debug\</path>
         <kind>archive</kind>
         <file>driverlib.lib</file>
         <name>fpu.obj</name>
      </input_file>
      <input_file id="fl-fd">
         <path>C:\ti\TivaWare_C_Series-2.2.0.295\driverlib\ccs\Debug\</path>
         <kind>archive</kind>
         <file>driverlib.lib</file>
         <name>gpio.obj</name>
      </input_file>
      <input_file id="fl-fe">
         <path>C:\ti\TivaWare_C_Series-2.2.0.295\driverlib\ccs\Debug\</path>
         <kind>archive</kind>
         <file>driverlib.lib</file>
         <name>i2c.obj</name>
      </input_file>
      <input_file id="fl-ff">
         <path>C:\ti\TivaWare_C_Series-2.2.0.295\driverlib\ccs\Debug\</path>
         <kind>archive</kind>
         <file>driverlib.lib</file>
         <name>interrupt.obj</name>
      </input_file>
      <input_file id="fl-100">
         <path>C:\ti\TivaWare_C_Series-2.2.0.295\driverlib\ccs\Debug\</path>
         <kind>archive</kind>
         <file>driverlib.lib</file>
         <name>pwm.obj</name>
      </input_file>
      <input_file id="fl-101">
         <path>C:\ti\TivaWare_C_Series-2.2.0.295\driverlib\ccs\Debug\</path>
         <kind>archive</kind>
         <file>driverlib.lib</file>
         <name>ssi.obj</name>
      </input_file>
      <input_file id="fl-102">
         <path>C:\ti\TivaWare_C_Series-2.2.0.295\driverlib\ccs\Debug\</path>
         <kind>archive</kind>
         <file>driverlib.lib</file>
         <name>sysctl.obj</name>
      </input_file>
      <input_file id="fl-103">
         <path>C:\ti\TivaWare_C_Series-2.2.0.295\driverlib\ccs\Debug\</path>
         <kind>archive</kind>
         <file>driverlib.lib</file>
         <name>timer.obj</name>
      </input_file>
      <input_file id="fl-104">
         <path>C:\ti\TivaWare_C_Series-2.2.0.295\driverlib\ccs\Debug\</path>
         <kind>archive</kind>
         <file>driverlib.lib</file>
         <name>cpu.obj</name>
      </input_file>
   </input_file_list>
   <object_component_list>
      <object_component id="oc-12">
         <name>.intvecs</name>
         <load_address>0x0</load_address>
         <run_address>0x0</run_address>
         <size>0x200</size>
         <input_file_ref idref="fl-3"/>
      </object_component>
      <object_component id="oc-86">
         <name>.text</name>
         <load_address>0x200</load_address>
         <run_address>0x200</run_address>
         <size>0x2460</size>
         <input_file_ref idref="fl-9"/>
      </object_component>
      <object_component id="oc-db">
         <name>.text</name>
         <load_address>0x2660</load_address>
         <run_address>0x2660</run_address>
         <size>0xd74</size>
         <input_file_ref idref="fl-7"/>
      </object_component>
      <object_component id="oc-d5">
         <name>.text</name>
         <load_address>0x33d4</load_address>
         <run_address>0x33d4</run_address>
         <size>0xa5e</size>
         <input_file_ref idref="fl-f"/>
      </object_component>
      <object_component id="oc-5cc">
         <name>.text</name>
         <load_address>0x3e32</load_address>
         <run_address>0x3e32</run_address>
         <size>0x2</size>
         <input_file_ref idref="fl-de"/>
      </object_component>
      <object_component id="oc-356">
         <name>.text:__TI_printfi</name>
         <load_address>0x3e34</load_address>
         <run_address>0x3e34</run_address>
         <size>0xa4e</size>
         <input_file_ref idref="fl-dd"/>
      </object_component>
      <object_component id="oc-77">
         <name>.text</name>
         <load_address>0x4884</load_address>
         <run_address>0x4884</run_address>
         <size>0x810</size>
         <input_file_ref idref="fl-2"/>
      </object_component>
      <object_component id="oc-120">
         <name>.text</name>
         <load_address>0x5094</load_address>
         <run_address>0x5094</run_address>
         <size>0x5e4</size>
         <input_file_ref idref="fl-10"/>
      </object_component>
      <object_component id="oc-1a8">
         <name>.text</name>
         <load_address>0x5678</load_address>
         <run_address>0x5678</run_address>
         <size>0x420</size>
         <input_file_ref idref="fl-d"/>
      </object_component>
      <object_component id="oc-4b5">
         <name>.text:_pconv_a</name>
         <load_address>0x5a98</load_address>
         <run_address>0x5a98</run_address>
         <size>0x270</size>
         <input_file_ref idref="fl-dd"/>
      </object_component>
      <object_component id="oc-45b">
         <name>.text:GrFontGlyphRender</name>
         <load_address>0x5d08</load_address>
         <run_address>0x5d08</run_address>
         <size>0x252</size>
         <input_file_ref idref="fl-f7"/>
      </object_component>
      <object_component id="oc-f3">
         <name>.text:SysCtlClockFreqSet</name>
         <load_address>0x5f5c</load_address>
         <run_address>0x5f5c</run_address>
         <size>0x200</size>
         <input_file_ref idref="fl-102"/>
      </object_component>
      <object_component id="oc-4a3">
         <name>.text:_pconv_g</name>
         <load_address>0x615c</load_address>
         <run_address>0x615c</run_address>
         <size>0x1d0</size>
         <input_file_ref idref="fl-dd"/>
      </object_component>
      <object_component id="oc-563">
         <name>.text</name>
         <load_address>0x632c</load_address>
         <run_address>0x632c</run_address>
         <size>0x1b6</size>
         <input_file_ref idref="fl-df"/>
      </object_component>
      <object_component id="oc-259">
         <name>.text:GPIOPadConfigSet</name>
         <load_address>0x64e4</load_address>
         <run_address>0x64e4</run_address>
         <size>0x16c</size>
         <input_file_ref idref="fl-fd"/>
      </object_component>
      <object_component id="oc-2b3">
         <name>.text</name>
         <load_address>0x6650</load_address>
         <run_address>0x6650</run_address>
         <size>0x144</size>
         <input_file_ref idref="fl-11"/>
      </object_component>
      <object_component id="oc-4af">
         <name>.text:_pconv_e</name>
         <load_address>0x6794</load_address>
         <run_address>0x6794</run_address>
         <size>0x13c</size>
         <input_file_ref idref="fl-dd"/>
      </object_component>
      <object_component id="oc-33">
         <name>.text</name>
         <load_address>0x68d0</load_address>
         <run_address>0x68d0</run_address>
         <size>0x13c</size>
         <input_file_ref idref="fl-b"/>
      </object_component>
      <object_component id="oc-549">
         <name>.text</name>
         <load_address>0x6a0c</load_address>
         <run_address>0x6a0c</run_address>
         <size>0x136</size>
         <input_file_ref idref="fl-e1"/>
      </object_component>
      <object_component id="oc-1ae">
         <name>.text</name>
         <load_address>0x6b42</load_address>
         <run_address>0x6b42</run_address>
         <size>0x130</size>
         <input_file_ref idref="fl-6"/>
      </object_component>
      <object_component id="oc-575">
         <name>.text:fcvt</name>
         <load_address>0x6c74</load_address>
         <run_address>0x6c74</run_address>
         <size>0x124</size>
         <input_file_ref idref="fl-dd"/>
      </object_component>
      <object_component id="oc-589">
         <name>.text:scalbn</name>
         <load_address>0x6d98</load_address>
         <run_address>0x6d98</run_address>
         <size>0x110</size>
         <input_file_ref idref="fl-f3"/>
      </object_component>
      <object_component id="oc-544">
         <name>.text</name>
         <load_address>0x6ea8</load_address>
         <run_address>0x6ea8</run_address>
         <size>0xfc</size>
         <input_file_ref idref="fl-e2"/>
      </object_component>
      <object_component id="oc-2e">
         <name>.text</name>
         <load_address>0x6fa4</load_address>
         <run_address>0x6fa4</run_address>
         <size>0xda</size>
         <input_file_ref idref="fl-c"/>
      </object_component>
      <object_component id="oc-2c7">
         <name>.text:GrDefaultStringRenderer</name>
         <load_address>0x707e</load_address>
         <run_address>0x707e</run_address>
         <size>0xc0</size>
         <input_file_ref idref="fl-f7"/>
      </object_component>
      <object_component id="oc-498">
         <name>.text:_ltostr</name>
         <load_address>0x7140</load_address>
         <run_address>0x7140</run_address>
         <size>0xb1</size>
         <input_file_ref idref="fl-dd"/>
      </object_component>
      <object_component id="oc-47">
         <name>.text</name>
         <load_address>0x71f2</load_address>
         <run_address>0x71f2</run_address>
         <size>0x9c</size>
         <input_file_ref idref="fl-d5"/>
      </object_component>
      <object_component id="oc-53d">
         <name>.text</name>
         <load_address>0x728e</load_address>
         <run_address>0x728e</run_address>
         <size>0x96</size>
         <input_file_ref idref="fl-d7"/>
      </object_component>
      <object_component id="oc-132">
         <name>.text:GrRectFill</name>
         <load_address>0x7324</load_address>
         <run_address>0x7324</run_address>
         <size>0x86</size>
         <input_file_ref idref="fl-f6"/>
      </object_component>
      <object_component id="oc-49e">
         <name>.text:__aeabi_cdcmple</name>
         <load_address>0x73aa</load_address>
         <run_address>0x73aa</run_address>
         <size>0x86</size>
         <input_file_ref idref="fl-e0"/>
      </object_component>
      <object_component id="oc-54e">
         <name>.text:__aeabi_cdrcmple</name>
         <load_address>0x7430</load_address>
         <run_address>0x7430</run_address>
         <size>0x86</size>
         <input_file_ref idref="fl-e0"/>
      </object_component>
      <object_component id="oc-bd">
         <name>.text</name>
         <load_address>0x74b6</load_address>
         <run_address>0x74b6</run_address>
         <size>0x7a</size>
         <input_file_ref idref="fl-d6"/>
      </object_component>
      <object_component id="oc-56e">
         <name>.text:_mcpy</name>
         <load_address>0x7530</load_address>
         <run_address>0x7530</run_address>
         <size>0x6e</size>
         <input_file_ref idref="fl-dd"/>
      </object_component>
      <object_component id="oc-126">
         <name>.text:GrContextInit</name>
         <load_address>0x75a0</load_address>
         <run_address>0x75a0</run_address>
         <size>0x68</size>
         <input_file_ref idref="fl-f5"/>
      </object_component>
      <object_component id="oc-154">
         <name>.text:GrStringWidthGet</name>
         <load_address>0x7608</load_address>
         <run_address>0x7608</run_address>
         <size>0x68</size>
         <input_file_ref idref="fl-f7"/>
      </object_component>
      <object_component id="oc-15">
         <name>.text:decompress:lzss:__TI_decompress_lzss</name>
         <load_address>0x7670</load_address>
         <run_address>0x7670</run_address>
         <size>0x68</size>
         <input_file_ref idref="fl-da"/>
      </object_component>
      <object_component id="oc-16f">
         <name>.text:GrRectDraw</name>
         <load_address>0x76d8</load_address>
         <run_address>0x76d8</run_address>
         <size>0x66</size>
         <input_file_ref idref="fl-f6"/>
      </object_component>
      <object_component id="oc-583">
         <name>.text:frexp</name>
         <load_address>0x7740</load_address>
         <run_address>0x7740</run_address>
         <size>0x64</size>
         <input_file_ref idref="fl-f2"/>
      </object_component>
      <object_component id="oc-218">
         <name>.text:__TI_auto_init_nobinit:__TI_auto_init_nobinit</name>
         <load_address>0x77a4</load_address>
         <run_address>0x77a4</run_address>
         <size>0x60</size>
         <input_file_ref idref="fl-e5"/>
      </object_component>
      <object_component id="oc-47e">
         <name>.text:FontWideGlyphDataGet</name>
         <load_address>0x7804</load_address>
         <run_address>0x7804</run_address>
         <size>0x5a</size>
         <input_file_ref idref="fl-f7"/>
      </object_component>
      <object_component id="oc-4a9">
         <name>.text:_pconv_f</name>
         <load_address>0x785e</load_address>
         <run_address>0x785e</run_address>
         <size>0x56</size>
         <input_file_ref idref="fl-dd"/>
      </object_component>
      <object_component id="oc-558">
         <name>.text:__TI_ltoa</name>
         <load_address>0x78b4</load_address>
         <run_address>0x78b4</run_address>
         <size>0x54</size>
         <input_file_ref idref="fl-ea"/>
      </object_component>
      <object_component id="oc-568">
         <name>.text:_ecpy</name>
         <load_address>0x7908</load_address>
         <run_address>0x7908</run_address>
         <size>0x52</size>
         <input_file_ref idref="fl-dd"/>
      </object_component>
      <object_component id="oc-10b">
         <name>.text:GPIOPinConfigure</name>
         <load_address>0x795c</load_address>
         <run_address>0x795c</run_address>
         <size>0x4c</size>
         <input_file_ref idref="fl-fd"/>
      </object_component>
      <object_component id="oc-492">
         <name>.text:atoi</name>
         <load_address>0x79a8</load_address>
         <run_address>0x79a8</run_address>
         <size>0x4c</size>
         <input_file_ref idref="fl-ec"/>
      </object_component>
      <object_component id="oc-166">
         <name>.text:snprintf</name>
         <load_address>0x79f4</load_address>
         <run_address>0x79f4</run_address>
         <size>0x4c</size>
         <input_file_ref idref="fl-d4"/>
      </object_component>
      <object_component id="oc-2d5">
         <name>.text:UpdateContextCharMapping</name>
         <load_address>0x7a40</load_address>
         <run_address>0x7a40</run_address>
         <size>0x4a</size>
         <input_file_ref idref="fl-f7"/>
      </object_component>
      <object_component id="oc-284">
         <name>.text:_SysCtlFrequencyGet</name>
         <load_address>0x7a8c</load_address>
         <run_address>0x7a8c</run_address>
         <size>0x48</size>
         <input_file_ref idref="fl-102"/>
      </object_component>
      <object_component id="oc-553">
         <name>.text</name>
         <load_address>0x7ad4</load_address>
         <run_address>0x7ad4</run_address>
         <size>0x48</size>
         <input_file_ref idref="fl-e3"/>
      </object_component>
      <object_component id="oc-37b">
         <name>.text:GrLineDrawH</name>
         <load_address>0x7b1c</load_address>
         <run_address>0x7b1c</run_address>
         <size>0x46</size>
         <input_file_ref idref="fl-fa"/>
      </object_component>
      <object_component id="oc-381">
         <name>.text:GrLineDrawV</name>
         <load_address>0x7b62</load_address>
         <run_address>0x7b62</run_address>
         <size>0x46</size>
         <input_file_ref idref="fl-fa"/>
      </object_component>
      <object_component id="oc-57b">
         <name>.text:_fcpy</name>
         <load_address>0x7ba8</load_address>
         <run_address>0x7ba8</run_address>
         <size>0x3e</size>
         <input_file_ref idref="fl-dd"/>
      </object_component>
      <object_component id="oc-484">
         <name>.text:FontGlyphDataGet</name>
         <load_address>0x7be6</load_address>
         <run_address>0x7be6</run_address>
         <size>0x3c</size>
         <input_file_ref idref="fl-f7"/>
      </object_component>
      <object_component id="oc-433">
         <name>.text:SSIConfigSetExpClk</name>
         <load_address>0x7c22</load_address>
         <run_address>0x7c22</run_address>
         <size>0x3c</size>
         <input_file_ref idref="fl-101"/>
      </object_component>
      <object_component id="oc-105">
         <name>.text:SysCtlPeripheralReady</name>
         <load_address>0x7c60</load_address>
         <run_address>0x7c60</run_address>
         <size>0x38</size>
         <input_file_ref idref="fl-102"/>
      </object_component>
      <object_component id="oc-ff">
         <name>.text:SysCtlPeripheralEnable</name>
         <load_address>0x7c98</load_address>
         <run_address>0x7c98</run_address>
         <size>0x34</size>
         <input_file_ref idref="fl-102"/>
      </object_component>
      <object_component id="oc-65">
         <name>.text:_c_int00_noargs:_c_int00_noargs</name>
         <load_address>0x7ccc</load_address>
         <run_address>0x7ccc</run_address>
         <size>0x34</size>
         <input_file_ref idref="fl-db"/>
      </object_component>
      <object_component id="oc-35c">
         <name>.text:_outs</name>
         <load_address>0x7d00</load_address>
         <run_address>0x7d00</run_address>
         <size>0x30</size>
         <input_file_ref idref="fl-d4"/>
      </object_component>
      <object_component id="oc-341">
         <name>.text:GrStringNextCharGet</name>
         <load_address>0x7d30</load_address>
         <run_address>0x7d30</run_address>
         <size>0x2e</size>
         <input_file_ref idref="fl-f7"/>
      </object_component>
      <object_component id="oc-55e">
         <name>.text</name>
         <load_address>0x7d5e</load_address>
         <run_address>0x7d5e</run_address>
         <size>0x2e</size>
         <input_file_ref idref="fl-e4"/>
      </object_component>
      <object_component id="oc-2a8">
         <name>.text:GPIODirModeSet</name>
         <load_address>0x7d8c</load_address>
         <run_address>0x7d8c</run_address>
         <size>0x2c</size>
         <input_file_ref idref="fl-fd"/>
      </object_component>
      <object_component id="oc-15a">
         <name>.text:GrFontBaselineGet</name>
         <load_address>0x7db8</load_address>
         <run_address>0x7db8</run_address>
         <size>0x2c</size>
         <input_file_ref idref="fl-f7"/>
      </object_component>
      <object_component id="oc-34d">
         <name>.text:GrFontInfoGet</name>
         <load_address>0x7de4</load_address>
         <run_address>0x7de4</run_address>
         <size>0x26</size>
         <input_file_ref idref="fl-f7"/>
      </object_component>
      <object_component id="oc-347">
         <name>.text:GrFontGlyphDataGet</name>
         <load_address>0x7e0a</load_address>
         <run_address>0x7e0a</run_address>
         <size>0x22</size>
         <input_file_ref idref="fl-f7"/>
      </object_component>
      <object_component id="oc-175">
         <name>.text:PWMGenConfigure</name>
         <load_address>0x7e2c</load_address>
         <run_address>0x7e2c</run_address>
         <size>0x22</size>
         <input_file_ref idref="fl-100"/>
      </object_component>
      <object_component id="oc-27e">
         <name>.text:_SysCtlMemTimingGet</name>
         <load_address>0x7e50</load_address>
         <run_address>0x7e50</run_address>
         <size>0x20</size>
         <input_file_ref idref="fl-102"/>
      </object_component>
      <object_component id="oc-46e">
         <name>.text:GrFontCodepageGet</name>
         <load_address>0x7e70</load_address>
         <run_address>0x7e70</run_address>
         <size>0x1e</size>
         <input_file_ref idref="fl-f7"/>
      </object_component>
      <object_component id="oc-181">
         <name>.text:PWMPulseWidthSet</name>
         <load_address>0x7e8e</load_address>
         <run_address>0x7e8e</run_address>
         <size>0x1e</size>
         <input_file_ref idref="fl-100"/>
      </object_component>
      <object_component id="oc-4bb">
         <name>.text:memccpy</name>
         <load_address>0x7eac</load_address>
         <run_address>0x7eac</run_address>
         <size>0x1c</size>
         <input_file_ref idref="fl-ee"/>
      </object_component>
      <object_component id="oc-42d">
         <name>.text:GPIOPinTypeGPIOOutput</name>
         <load_address>0x7ec8</load_address>
         <run_address>0x7ec8</run_address>
         <size>0x1a</size>
         <input_file_ref idref="fl-fd"/>
      </object_component>
      <object_component id="oc-5e5">
         <name>.text:copysign</name>
         <load_address>0x7ee2</load_address>
         <run_address>0x7ee2</run_address>
         <size>0x1a</size>
         <input_file_ref idref="fl-f4"/>
      </object_component>
      <object_component id="oc-362">
         <name>.text:_outc</name>
         <load_address>0x7efc</load_address>
         <run_address>0x7efc</run_address>
         <size>0x18</size>
         <input_file_ref idref="fl-d4"/>
      </object_component>
      <object_component id="oc-244">
         <name>.text:GPIOPinTypeGPIOInput</name>
         <load_address>0x7f14</load_address>
         <run_address>0x7f14</run_address>
         <size>0x16</size>
         <input_file_ref idref="fl-fd"/>
      </object_component>
      <object_component id="oc-111">
         <name>.text:GPIOPinTypePWM</name>
         <load_address>0x7f2a</load_address>
         <run_address>0x7f2a</run_address>
         <size>0x16</size>
         <input_file_ref idref="fl-fd"/>
      </object_component>
      <object_component id="oc-427">
         <name>.text:GPIOPinTypeSSI</name>
         <load_address>0x7f40</load_address>
         <run_address>0x7f40</run_address>
         <size>0x16</size>
         <input_file_ref idref="fl-fd"/>
      </object_component>
      <object_component id="oc-160">
         <name>.text:GrStringDraw</name>
         <load_address>0x7f56</load_address>
         <run_address>0x7f56</run_address>
         <size>0x16</size>
         <input_file_ref idref="fl-f7"/>
      </object_component>
      <object_component id="oc-58f">
         <name>.text:strchr</name>
         <load_address>0x7f6c</load_address>
         <run_address>0x7f6c</run_address>
         <size>0x16</size>
         <input_file_ref idref="fl-ef"/>
      </object_component>
      <object_component id="oc-117">
         <name>.text:PWMClockSet</name>
         <load_address>0x7f84</load_address>
         <run_address>0x7f84</run_address>
         <size>0x14</size>
         <input_file_ref idref="fl-100"/>
      </object_component>
      <object_component id="oc-48c">
         <name>.text:strlen</name>
         <load_address>0x7f98</load_address>
         <run_address>0x7f98</run_address>
         <size>0x14</size>
         <input_file_ref idref="fl-f0"/>
      </object_component>
      <object_component id="oc-187">
         <name>.text:PWMOutputState</name>
         <load_address>0x7fac</load_address>
         <run_address>0x7fac</run_address>
         <size>0x12</size>
         <input_file_ref idref="fl-100"/>
      </object_component>
      <object_component id="oc-4c1">
         <name>.text:wcslen</name>
         <load_address>0x7fbe</load_address>
         <run_address>0x7fbe</run_address>
         <size>0x12</size>
         <input_file_ref idref="fl-f1"/>
      </object_component>
      <object_component id="oc-e7">
         <name>.text:FPUEnable</name>
         <load_address>0x7fd0</load_address>
         <run_address>0x7fd0</run_address>
         <size>0x10</size>
         <input_file_ref idref="fl-fc"/>
      </object_component>
      <object_component id="oc-ed">
         <name>.text:FPULazyStackingEnable</name>
         <load_address>0x7fe0</load_address>
         <run_address>0x7fe0</run_address>
         <size>0x10</size>
         <input_file_ref idref="fl-fc"/>
      </object_component>
      <object_component id="oc-e1">
         <name>.text:IntMasterDisable</name>
         <load_address>0x7ff0</load_address>
         <run_address>0x7ff0</run_address>
         <size>0x10</size>
         <input_file_ref idref="fl-ff"/>
      </object_component>
      <object_component id="oc-f9">
         <name>.text:IntMasterEnable</name>
         <load_address>0x8000</load_address>
         <run_address>0x8000</run_address>
         <size>0x10</size>
         <input_file_ref idref="fl-ff"/>
      </object_component>
      <object_component id="oc-17b">
         <name>.text:PWMGenPeriodSet</name>
         <load_address>0x8010</load_address>
         <run_address>0x8010</run_address>
         <size>0x10</size>
         <input_file_ref idref="fl-100"/>
      </object_component>
      <object_component id="oc-1b">
         <name>.text:decompress:none:__TI_decompress_none</name>
         <load_address>0x8020</load_address>
         <run_address>0x8020</run_address>
         <size>0xe</size>
         <input_file_ref idref="fl-d9"/>
      </object_component>
      <object_component id="oc-275">
         <name>.text:CPUcpsid</name>
         <load_address>0x802e</load_address>
         <run_address>0x802e</run_address>
         <size>0xc</size>
         <input_file_ref idref="fl-104"/>
      </object_component>
      <object_component id="oc-29a">
         <name>.text:CPUcpsie</name>
         <load_address>0x803a</load_address>
         <run_address>0x803a</run_address>
         <size>0xc</size>
         <input_file_ref idref="fl-104"/>
      </object_component>
      <object_component id="oc-18d">
         <name>.text:PWMGenEnable</name>
         <load_address>0x8046</load_address>
         <run_address>0x8046</run_address>
         <size>0xc</size>
         <input_file_ref idref="fl-100"/>
      </object_component>
      <object_component id="oc-59">
         <name>.text:decompress:ZI:__TI_zero_init</name>
         <load_address>0x8052</load_address>
         <run_address>0x8052</run_address>
         <size>0xc</size>
         <input_file_ref idref="fl-d8"/>
      </object_component>
      <object_component id="oc-28">
         <name>.text</name>
         <load_address>0x805e</load_address>
         <run_address>0x805e</run_address>
         <size>0xc</size>
         <input_file_ref idref="fl-3"/>
      </object_component>
      <object_component id="oc-44b">
         <name>.text:SSIDataPut</name>
         <load_address>0x806a</load_address>
         <run_address>0x806a</run_address>
         <size>0xa</size>
         <input_file_ref idref="fl-101"/>
      </object_component>
      <object_component id="oc-439">
         <name>.text:SSIEnable</name>
         <load_address>0x8074</load_address>
         <run_address>0x8074</run_address>
         <size>0xa</size>
         <input_file_ref idref="fl-101"/>
      </object_component>
      <object_component id="oc-462">
         <name>.text:GrMapISO8859_1_Unicode</name>
         <load_address>0x807e</load_address>
         <run_address>0x807e</run_address>
         <size>0x8</size>
         <input_file_ref idref="fl-f9"/>
      </object_component>
      <object_component id="oc-445">
         <name>.text:SSIBusy</name>
         <load_address>0x8086</load_address>
         <run_address>0x8086</run_address>
         <size>0x8</size>
         <input_file_ref idref="fl-101"/>
      </object_component>
      <object_component id="oc-4c7">
         <name>.text:__aeabi_errno_addr</name>
         <load_address>0x8090</load_address>
         <run_address>0x8090</run_address>
         <size>0x8</size>
         <input_file_ref idref="fl-dc"/>
      </object_component>
      <object_component id="oc-253">
         <name>.text:GPIOPinRead</name>
         <load_address>0x8098</load_address>
         <run_address>0x8098</run_address>
         <size>0x6</size>
         <input_file_ref idref="fl-fd"/>
      </object_component>
      <object_component id="oc-43f">
         <name>.text:GPIOPinWrite</name>
         <load_address>0x809e</load_address>
         <run_address>0x809e</run_address>
         <size>0x6</size>
         <input_file_ref idref="fl-fd"/>
      </object_component>
      <object_component id="oc-12c">
         <name>.text:GrContextFontSet</name>
         <load_address>0x80a4</load_address>
         <run_address>0x80a4</run_address>
         <size>0x6</size>
         <input_file_ref idref="fl-f7"/>
      </object_component>
      <object_component id="oc-2b9">
         <name>.text:SysCtlDelay</name>
         <load_address>0x80aa</load_address>
         <run_address>0x80aa</run_address>
         <size>0x6</size>
         <input_file_ref idref="fl-102"/>
      </object_component>
      <object_component id="oc-c3">
         <name>.text:_system_pre_init</name>
         <load_address>0x80b0</load_address>
         <run_address>0x80b0</run_address>
         <size>0x4</size>
         <input_file_ref idref="fl-e6"/>
      </object_component>
      <object_component id="oc-206">
         <name>.text:abort:abort</name>
         <load_address>0x80b4</load_address>
         <run_address>0x80b4</run_address>
         <size>0x4</size>
         <input_file_ref idref="fl-e8"/>
      </object_component>
      <object_component id="oc-339">
         <name>.const:.string:g_pui8FontFixed6x8Data</name>
         <load_address>0x80b8</load_address>
         <run_address>0x80b8</run_address>
         <size>0x2f8</size>
         <input_file_ref idref="fl-f8"/>
      </object_component>
      <object_component id="oc-28d">
         <name>.const:g_pppui32XTALtoVCO</name>
         <load_address>0x83b0</load_address>
         <run_address>0x83b0</run_address>
         <size>0x1b0</size>
         <input_file_ref idref="fl-102"/>
      </object_component>
      <object_component id="oc-538">
         <name>.const:.string:_ctypes_</name>
         <load_address>0x8560</load_address>
         <run_address>0x8560</run_address>
         <size>0x101</size>
         <input_file_ref idref="fl-ed"/>
      </object_component>
      <object_component id="oc-14e">
         <name>.const:g_sFontFixed6x8</name>
         <load_address>0x8664</load_address>
         <run_address>0x8664</run_address>
         <size>0xc8</size>
         <input_file_ref idref="fl-f8"/>
      </object_component>
      <object_component id="oc-2a3">
         <name>.const:g_pui32GPIOBaseAddrs</name>
         <load_address>0x872c</load_address>
         <run_address>0x872c</run_address>
         <size>0x90</size>
         <input_file_ref idref="fl-fd"/>
      </object_component>
      <object_component id="oc-28a">
         <name>.const:g_pui32Xtals</name>
         <load_address>0x87bc</load_address>
         <run_address>0x87bc</run_address>
         <size>0x6c</size>
         <input_file_ref idref="fl-102"/>
      </object_component>
      <object_component id="oc-250">
         <name>.const:.string:digital_pin_to_bit_mask</name>
         <load_address>0x8828</load_address>
         <run_address>0x8828</run_address>
         <size>0x60</size>
         <input_file_ref idref="fl-f"/>
      </object_component>
      <object_component id="oc-24a">
         <name>.const:.string:digital_pin_to_port</name>
         <load_address>0x8888</load_address>
         <run_address>0x8888</run_address>
         <size>0x60</size>
         <input_file_ref idref="fl-f"/>
      </object_component>
      <object_component id="oc-24d">
         <name>.const:port_to_base</name>
         <load_address>0x88e8</load_address>
         <run_address>0x88e8</run_address>
         <size>0x40</size>
         <input_file_ref idref="fl-f"/>
      </object_component>
      <object_component id="oc-3ff">
         <name>.const:g_sXTALtoMEMTIM</name>
         <load_address>0x8928</load_address>
         <run_address>0x8928</run_address>
         <size>0x30</size>
         <input_file_ref idref="fl-102"/>
      </object_component>
      <object_component id="oc-14b">
         <name>.const:g_sCrystalfontz128x128</name>
         <load_address>0x8958</load_address>
         <run_address>0x8958</run_address>
         <size>0x28</size>
         <input_file_ref idref="fl-10"/>
      </object_component>
      <object_component id="oc-2cd">
         <name>.const:g_psDefaultCodePointMapTable</name>
         <load_address>0x8980</load_address>
         <run_address>0x8980</run_address>
         <size>0x10</size>
         <input_file_ref idref="fl-f5"/>
      </object_component>
      <object_component id="oc-332">
         <name>.const:.string</name>
         <load_address>0x8990</load_address>
         <run_address>0x8990</run_address>
         <size>0xe</size>
         <input_file_ref idref="fl-2"/>
      </object_component>
      <object_component id="oc-151">
         <name>.const:$P$T0$3</name>
         <load_address>0x899e</load_address>
         <run_address>0x899e</run_address>
         <size>0x8</size>
         <input_file_ref idref="fl-2"/>
      </object_component>
      <object_component id="oc-16c">
         <name>.const:$P$T1$4</name>
         <load_address>0x89a6</load_address>
         <run_address>0x89a6</run_address>
         <size>0x8</size>
         <input_file_ref idref="fl-2"/>
      </object_component>
      <object_component id="oc-290">
         <name>.const:g_pui32VCOFrequencies</name>
         <load_address>0x89b0</load_address>
         <run_address>0x89b0</run_address>
         <size>0x8</size>
         <input_file_ref idref="fl-102"/>
      </object_component>
      <object_component id="oc-83">
         <name>.const</name>
         <load_address>0x89b8</load_address>
         <run_address>0x89b8</run_address>
         <size>0x4</size>
         <input_file_ref idref="fl-b"/>
      </object_component>
      <object_component id="oc-1c9">
         <name>.const</name>
         <load_address>0x89bc</load_address>
         <run_address>0x89bc</run_address>
         <size>0x4</size>
         <input_file_ref idref="fl-9"/>
      </object_component>
      <object_component id="oc-63d">
         <name>.cinit..data.load</name>
         <load_address>0x89c8</load_address>
         <run_address>0x89c8</run_address>
         <size>0x34</size>
      </object_component>
      <object_component id="oc-63b">
         <name>__TI_handler_table</name>
         <load_address>0x89fc</load_address>
         <run_address>0x89fc</run_address>
         <size>0xc</size>
      </object_component>
      <object_component id="oc-63e">
         <name>.cinit..bss.load</name>
         <load_address>0x8a08</load_address>
         <run_address>0x8a08</run_address>
         <size>0x8</size>
      </object_component>
      <object_component id="oc-63c">
         <name>__TI_cinit_table</name>
         <load_address>0x8a10</load_address>
         <run_address>0x8a10</run_address>
         <size>0x10</size>
      </object_component>
      <object_component id="oc-24">
         <name>.init_array</name>
         <load_address>0x89c0</load_address>
         <run_address>0x89c0</run_address>
         <size>0x4</size>
         <input_file_ref idref="fl-2"/>
      </object_component>
      <object_component id="oc-63f">
         <name>SHT$$INIT_ARRAY$$Limit</name>
         <load_address>0x89c4</load_address>
         <run_address>0x89c4</run_address>
         <size>0x0</size>
      </object_component>
      <object_component id="oc-11d">
         <name>.data</name>
         <load_address>0x20008070</load_address>
         <run_address>0x20008070</run_address>
         <size>0x10</size>
         <input_file_ref idref="fl-2"/>
      </object_component>
      <object_component id="oc-145">
         <name>.data:btnStart</name>
         <load_address>0x20008044</load_address>
         <run_address>0x20008044</run_address>
         <size>0x18</size>
         <input_file_ref idref="fl-2"/>
      </object_component>
      <object_component id="oc-148">
         <name>.data:btnReset</name>
         <load_address>0x2000802c</load_address>
         <run_address>0x2000802c</run_address>
         <size>0x18</size>
         <input_file_ref idref="fl-2"/>
      </object_component>
      <object_component id="oc-80">
         <name>.data</name>
         <load_address>0x20008000</load_address>
         <run_address>0x20008000</run_address>
         <size>0x2c</size>
         <input_file_ref idref="fl-9"/>
      </object_component>
      <object_component id="oc-1c3">
         <name>.data:xYieldPendings</name>
         <load_address>0x20008088</load_address>
         <run_address>0x20008088</run_address>
         <size>0x4</size>
         <input_file_ref idref="fl-9"/>
      </object_component>
      <object_component id="oc-8d">
         <name>.data</name>
         <load_address>0x20008080</load_address>
         <run_address>0x20008080</run_address>
         <size>0x4</size>
         <input_file_ref idref="fl-b"/>
      </object_component>
      <object_component id="oc-3a3">
         <name>.data</name>
         <load_address>0x2000805c</load_address>
         <run_address>0x2000805c</run_address>
         <size>0x14</size>
         <input_file_ref idref="fl-d"/>
      </object_component>
      <object_component id="oc-2c3">
         <name>.data:Lcd_buffer</name>
         <load_address>0x20000000</load_address>
         <run_address>0x20000000</run_address>
         <size>0x8000</size>
         <input_file_ref idref="fl-10"/>
      </object_component>
      <object_component id="oc-59f">
         <name>.data</name>
         <load_address>0x20008084</load_address>
         <run_address>0x20008084</run_address>
         <size>0x4</size>
         <input_file_ref idref="fl-dc"/>
      </object_component>
      <object_component id="oc-138">
         <name>.bss</name>
         <uninitialized>true</uninitialized>
         <run_address>0x2000d30c</run_address>
         <size>0x4</size>
         <input_file_ref idref="fl-2"/>
      </object_component>
      <object_component id="oc-13b">
         <name>.bss:btnPlayPause</name>
         <uninitialized>true</uninitialized>
         <run_address>0x2000d0dc</run_address>
         <size>0xb4</size>
         <input_file_ref idref="fl-2"/>
      </object_component>
      <object_component id="oc-13e">
         <name>.bss:btnRestart</name>
         <uninitialized>true</uninitialized>
         <run_address>0x2000d190</run_address>
         <size>0xb4</size>
         <input_file_ref idref="fl-2"/>
      </object_component>
      <object_component id="oc-1b4">
         <name>.bss:pxReadyTasksLists</name>
         <uninitialized>true</uninitialized>
         <run_address>0x2000cf9c</run_address>
         <size>0x140</size>
         <input_file_ref idref="fl-9"/>
      </object_component>
      <object_component id="oc-1cc">
         <name>.bss:xDelayedTaskList1</name>
         <uninitialized>true</uninitialized>
         <run_address>0x2000d294</run_address>
         <size>0x14</size>
         <input_file_ref idref="fl-9"/>
      </object_component>
      <object_component id="oc-1cf">
         <name>.bss:xDelayedTaskList2</name>
         <uninitialized>true</uninitialized>
         <run_address>0x2000d2a8</run_address>
         <size>0x14</size>
         <input_file_ref idref="fl-9"/>
      </object_component>
      <object_component id="oc-1ba">
         <name>.bss</name>
         <uninitialized>true</uninitialized>
         <run_address>0x2000d2f8</run_address>
         <size>0x8</size>
         <input_file_ref idref="fl-9"/>
      </object_component>
      <object_component id="oc-1bd">
         <name>.bss:xPendingReadyList</name>
         <uninitialized>true</uninitialized>
         <run_address>0x2000d2bc</run_address>
         <size>0x14</size>
         <input_file_ref idref="fl-9"/>
      </object_component>
      <object_component id="oc-1b7">
         <name>.bss:xTasksWaitingTermination</name>
         <uninitialized>true</uninitialized>
         <run_address>0x2000d2e4</run_address>
         <size>0x14</size>
         <input_file_ref idref="fl-9"/>
      </object_component>
      <object_component id="oc-1c0">
         <name>.bss:xSuspendedTaskList</name>
         <uninitialized>true</uninitialized>
         <run_address>0x2000d2d0</run_address>
         <size>0x14</size>
         <input_file_ref idref="fl-9"/>
      </object_component>
      <object_component id="oc-1c6">
         <name>.bss:xIdleTaskHandles</name>
         <uninitialized>true</uninitialized>
         <run_address>0x2000d310</run_address>
         <size>0x4</size>
         <input_file_ref idref="fl-9"/>
      </object_component>
      <object_component id="oc-3a9">
         <name>.bss:ucHeap</name>
         <uninitialized>true</uninitialized>
         <run_address>0x2000808c</run_address>
         <size>0x4f10</size>
         <input_file_ref idref="fl-d"/>
      </object_component>
      <object_component id="oc-3a6">
         <name>.bss:xStart</name>
         <uninitialized>true</uninitialized>
         <run_address>0x2000d300</run_address>
         <size>0x8</size>
         <input_file_ref idref="fl-d"/>
      </object_component>
      <object_component id="oc-2d0">
         <name>.bss</name>
         <uninitialized>true</uninitialized>
         <run_address>0x2000d308</run_address>
         <size>0x4</size>
         <input_file_ref idref="fl-f5"/>
      </object_component>
      <object_component id="oc-141">
         <name>.common:xBuzzerSamples</name>
         <uninitialized>true</uninitialized>
         <run_address>0x2000d314</run_address>
         <size>0x4</size>
      </object_component>
      <object_component id="oc-267">
         <name>.common:xQueueRegistry</name>
         <uninitialized>true</uninitialized>
         <run_address>0x2000d244</run_address>
         <size>0x50</size>
      </object_component>
      <object_component id="oc-2c2">
         <name>.common:Lcd_Orientation</name>
         <uninitialized>true</uninitialized>
         <run_address>0x2000d320</run_address>
         <size>0x1</size>
      </object_component>
      <object_component id="oc-2ba">
         <name>.common:Lcd_ScreenWidth</name>
         <uninitialized>true</uninitialized>
         <run_address>0x2000d31a</run_address>
         <size>0x2</size>
      </object_component>
      <object_component id="oc-2bd">
         <name>.common:Lcd_ScreenHeigth</name>
         <uninitialized>true</uninitialized>
         <run_address>0x2000d318</run_address>
         <size>0x2</size>
      </object_component>
      <object_component id="oc-2be">
         <name>.common:Lcd_PenSolid</name>
         <uninitialized>true</uninitialized>
         <run_address>0x2000d321</run_address>
         <size>0x1</size>
      </object_component>
      <object_component id="oc-2bf">
         <name>.common:Lcd_FontSolid</name>
         <uninitialized>true</uninitialized>
         <run_address>0x2000d31f</run_address>
         <size>0x1</size>
      </object_component>
      <object_component id="oc-2c0">
         <name>.common:Lcd_FlagRead</name>
         <uninitialized>true</uninitialized>
         <run_address>0x2000d31e</run_address>
         <size>0x1</size>
      </object_component>
      <object_component id="oc-2c1">
         <name>.common:Lcd_TouchTrim</name>
         <uninitialized>true</uninitialized>
         <run_address>0x2000d31c</run_address>
         <size>0x2</size>
      </object_component>
      <object_component id="oc-25">
         <name>.stack</name>
         <uninitialized>true</uninitialized>
         <run_address>0x2000d328</run_address>
         <size>0x4</size>
         <input_file_ref idref="fl-db"/>
      </object_component>
      <object_component id="oc-641">
         <name>.stack</name>
         <uninitialized>true</uninitialized>
         <run_address>0x2000d328</run_address>
         <size>0x0</size>
      </object_component>
      <object_component id="oc-142">
         <name>.debug_info</name>
         <load_address>0x0</load_address>
         <run_address>0x0</run_address>
         <size>0x25d5</size>
         <input_file_ref idref="fl-2"/>
      </object_component>
      <object_component id="oc-11e">
         <name>.debug_info</name>
         <load_address>0x25d5</load_address>
         <run_address>0x25d5</run_address>
         <size>0x161</size>
         <input_file_ref idref="fl-2"/>
      </object_component>
      <object_component id="oc-139">
         <name>.debug_info</name>
         <load_address>0x2736</load_address>
         <run_address>0x2736</run_address>
         <size>0xea</size>
         <input_file_ref idref="fl-2"/>
      </object_component>
      <object_component id="oc-13c">
         <name>.debug_info</name>
         <load_address>0x2820</load_address>
         <run_address>0x2820</run_address>
         <size>0xe1</size>
         <input_file_ref idref="fl-2"/>
      </object_component>
      <object_component id="oc-13f">
         <name>.debug_info</name>
         <load_address>0x2901</load_address>
         <run_address>0x2901</run_address>
         <size>0xdd</size>
         <input_file_ref idref="fl-2"/>
      </object_component>
      <object_component id="oc-146">
         <name>.debug_info</name>
         <load_address>0x29de</load_address>
         <run_address>0x29de</run_address>
         <size>0xd9</size>
         <input_file_ref idref="fl-2"/>
      </object_component>
      <object_component id="oc-149">
         <name>.debug_info</name>
         <load_address>0x2ab7</load_address>
         <run_address>0x2ab7</run_address>
         <size>0xd9</size>
         <input_file_ref idref="fl-2"/>
      </object_component>
      <object_component id="oc-152">
         <name>.debug_info</name>
         <load_address>0x2b90</load_address>
         <run_address>0x2b90</run_address>
         <size>0xd8</size>
         <input_file_ref idref="fl-2"/>
      </object_component>
      <object_component id="oc-16d">
         <name>.debug_info</name>
         <load_address>0x2c68</load_address>
         <run_address>0x2c68</run_address>
         <size>0xd8</size>
         <input_file_ref idref="fl-2"/>
      </object_component>
      <object_component id="oc-78">
         <name>.debug_info</name>
         <load_address>0x2d40</load_address>
         <run_address>0x2d40</run_address>
         <size>0x158f</size>
         <input_file_ref idref="fl-2"/>
      </object_component>
      <object_component id="oc-2f1">
         <name>.debug_info</name>
         <load_address>0x42cf</load_address>
         <run_address>0x42cf</run_address>
         <size>0x638</size>
         <input_file_ref idref="fl-2"/>
      </object_component>
      <object_component id="oc-260">
         <name>.debug_info</name>
         <load_address>0x4907</load_address>
         <run_address>0x4907</run_address>
         <size>0x83f</size>
         <input_file_ref idref="fl-2"/>
      </object_component>
      <object_component id="oc-2f6">
         <name>.debug_info</name>
         <load_address>0x5146</load_address>
         <run_address>0x5146</run_address>
         <size>0xbe2</size>
         <input_file_ref idref="fl-2"/>
      </object_component>
      <object_component id="oc-2fb">
         <name>.debug_info</name>
         <load_address>0x5d28</load_address>
         <run_address>0x5d28</run_address>
         <size>0x16d</size>
         <input_file_ref idref="fl-2"/>
      </object_component>
      <object_component id="oc-300">
         <name>.debug_info</name>
         <load_address>0x5e95</load_address>
         <run_address>0x5e95</run_address>
         <size>0xd7</size>
         <input_file_ref idref="fl-2"/>
      </object_component>
      <object_component id="oc-305">
         <name>.debug_info</name>
         <load_address>0x5f6c</load_address>
         <run_address>0x5f6c</run_address>
         <size>0x4f</size>
         <input_file_ref idref="fl-2"/>
      </object_component>
      <object_component id="oc-30a">
         <name>.debug_info</name>
         <load_address>0x5fbb</load_address>
         <run_address>0x5fbb</run_address>
         <size>0x151c</size>
         <input_file_ref idref="fl-2"/>
      </object_component>
      <object_component id="oc-19e">
         <name>.debug_info</name>
         <load_address>0x74d7</load_address>
         <run_address>0x74d7</run_address>
         <size>0x8b</size>
         <input_file_ref idref="fl-2"/>
      </object_component>
      <object_component id="oc-32d">
         <name>.debug_info</name>
         <load_address>0x7562</load_address>
         <run_address>0x7562</run_address>
         <size>0x2c</size>
         <input_file_ref idref="fl-2"/>
      </object_component>
      <object_component id="oc-199">
         <name>.debug_info</name>
         <load_address>0x758e</load_address>
         <run_address>0x758e</run_address>
         <size>0x941</size>
         <input_file_ref idref="fl-2"/>
      </object_component>
      <object_component id="oc-30f">
         <name>.debug_info</name>
         <load_address>0x7ecf</load_address>
         <run_address>0x7ecf</run_address>
         <size>0xa0a</size>
         <input_file_ref idref="fl-2"/>
      </object_component>
      <object_component id="oc-31e">
         <name>.debug_info</name>
         <load_address>0x88d9</load_address>
         <run_address>0x88d9</run_address>
         <size>0x2d6</size>
         <input_file_ref idref="fl-2"/>
      </object_component>
      <object_component id="oc-194">
         <name>.debug_info</name>
         <load_address>0x8baf</load_address>
         <run_address>0x8baf</run_address>
         <size>0xbb</size>
         <input_file_ref idref="fl-2"/>
      </object_component>
      <object_component id="oc-319">
         <name>.debug_info</name>
         <load_address>0x8c6a</load_address>
         <run_address>0x8c6a</run_address>
         <size>0x2a1</size>
         <input_file_ref idref="fl-2"/>
      </object_component>
      <object_component id="oc-2e6">
         <name>.debug_info</name>
         <load_address>0x8f0b</load_address>
         <run_address>0x8f0b</run_address>
         <size>0x53</size>
         <input_file_ref idref="fl-2"/>
      </object_component>
      <object_component id="oc-314">
         <name>.debug_info</name>
         <load_address>0x8f5e</load_address>
         <run_address>0x8f5e</run_address>
         <size>0xfe</size>
         <input_file_ref idref="fl-2"/>
      </object_component>
      <object_component id="oc-323">
         <name>.debug_info</name>
         <load_address>0x905c</load_address>
         <run_address>0x905c</run_address>
         <size>0x3f6</size>
         <input_file_ref idref="fl-2"/>
      </object_component>
      <object_component id="oc-328">
         <name>.debug_info</name>
         <load_address>0x9452</load_address>
         <run_address>0x9452</run_address>
         <size>0x1e2</size>
         <input_file_ref idref="fl-2"/>
      </object_component>
      <object_component id="oc-3b">
         <name>.debug_info</name>
         <load_address>0x9634</load_address>
         <run_address>0x9634</run_address>
         <size>0x328</size>
         <input_file_ref idref="fl-3"/>
      </object_component>
      <object_component id="oc-13">
         <name>.debug_info</name>
         <load_address>0x995c</load_address>
         <run_address>0x995c</run_address>
         <size>0xe7</size>
         <input_file_ref idref="fl-3"/>
      </object_component>
      <object_component id="oc-29">
         <name>.debug_info</name>
         <load_address>0x9a43</load_address>
         <run_address>0x9a43</run_address>
         <size>0x1f8</size>
         <input_file_ref idref="fl-3"/>
      </object_component>
      <object_component id="oc-9e">
         <name>.debug_info</name>
         <load_address>0x9c3b</load_address>
         <run_address>0x9c3b</run_address>
         <size>0x26b</size>
         <input_file_ref idref="fl-3"/>
      </object_component>
      <object_component id="oc-42">
         <name>.debug_info</name>
         <load_address>0x9ea6</load_address>
         <run_address>0x9ea6</run_address>
         <size>0x84</size>
         <input_file_ref idref="fl-3"/>
      </object_component>
      <object_component id="oc-1f1">
         <name>.debug_info</name>
         <load_address>0x9f2a</load_address>
         <run_address>0x9f2a</run_address>
         <size>0x2a4</size>
         <input_file_ref idref="fl-3"/>
      </object_component>
      <object_component id="oc-a3">
         <name>.debug_info</name>
         <load_address>0xa1ce</load_address>
         <run_address>0xa1ce</run_address>
         <size>0xbb</size>
         <input_file_ref idref="fl-3"/>
      </object_component>
      <object_component id="oc-1f0">
         <name>.debug_info</name>
         <load_address>0xa289</load_address>
         <run_address>0xa289</run_address>
         <size>0x227</size>
         <input_file_ref idref="fl-4"/>
      </object_component>
      <object_component id="oc-1e1">
         <name>.debug_info</name>
         <load_address>0xa4b0</load_address>
         <run_address>0xa4b0</run_address>
         <size>0x322</size>
         <input_file_ref idref="fl-4"/>
      </object_component>
      <object_component id="oc-1eb">
         <name>.debug_info</name>
         <load_address>0xa7d2</load_address>
         <run_address>0xa7d2</run_address>
         <size>0x476</size>
         <input_file_ref idref="fl-4"/>
      </object_component>
      <object_component id="oc-3c6">
         <name>.debug_info</name>
         <load_address>0xac48</load_address>
         <run_address>0xac48</run_address>
         <size>0xcc</size>
         <input_file_ref idref="fl-4"/>
      </object_component>
      <object_component id="oc-92">
         <name>.debug_info</name>
         <load_address>0xad14</load_address>
         <run_address>0xad14</run_address>
         <size>0x2c</size>
         <input_file_ref idref="fl-4"/>
      </object_component>
      <object_component id="oc-1dc">
         <name>.debug_info</name>
         <load_address>0xad40</load_address>
         <run_address>0xad40</run_address>
         <size>0x53</size>
         <input_file_ref idref="fl-4"/>
      </object_component>
      <object_component id="oc-97">
         <name>.debug_info</name>
         <load_address>0xad93</load_address>
         <run_address>0xad93</run_address>
         <size>0x53</size>
         <input_file_ref idref="fl-4"/>
      </object_component>
      <object_component id="oc-1e6">
         <name>.debug_info</name>
         <load_address>0xade6</load_address>
         <run_address>0xade6</run_address>
         <size>0x14c</size>
         <input_file_ref idref="fl-4"/>
      </object_component>
      <object_component id="oc-3fd">
         <name>.debug_info</name>
         <load_address>0xaf32</load_address>
         <run_address>0xaf32</run_address>
         <size>0x672</size>
         <input_file_ref idref="fl-5"/>
      </object_component>
      <object_component id="oc-270">
         <name>.debug_info</name>
         <load_address>0xb5a4</load_address>
         <run_address>0xb5a4</run_address>
         <size>0x110</size>
         <input_file_ref idref="fl-5"/>
      </object_component>
      <object_component id="oc-39e">
         <name>.debug_info</name>
         <load_address>0xb6b4</load_address>
         <run_address>0xb6b4</run_address>
         <size>0x476</size>
         <input_file_ref idref="fl-5"/>
      </object_component>
      <object_component id="oc-51c">
         <name>.debug_info</name>
         <load_address>0xbb2a</load_address>
         <run_address>0xbb2a</run_address>
         <size>0x76</size>
         <input_file_ref idref="fl-5"/>
      </object_component>
      <object_component id="oc-521">
         <name>.debug_info</name>
         <load_address>0xbba0</load_address>
         <run_address>0xbba0</run_address>
         <size>0x39</size>
         <input_file_ref idref="fl-5"/>
      </object_component>
      <object_component id="oc-4f2">
         <name>.debug_info</name>
         <load_address>0xbbd9</load_address>
         <run_address>0xbbd9</run_address>
         <size>0x109</size>
         <input_file_ref idref="fl-5"/>
      </object_component>
      <object_component id="oc-38f">
         <name>.debug_info</name>
         <load_address>0xbce2</load_address>
         <run_address>0xbce2</run_address>
         <size>0x4f</size>
         <input_file_ref idref="fl-5"/>
      </object_component>
      <object_component id="oc-3af">
         <name>.debug_info</name>
         <load_address>0xbd31</load_address>
         <run_address>0xbd31</run_address>
         <size>0x3a3</size>
         <input_file_ref idref="fl-6"/>
      </object_component>
      <object_component id="oc-1b0">
         <name>.debug_info</name>
         <load_address>0xc0d4</load_address>
         <run_address>0xc0d4</run_address>
         <size>0x626</size>
         <input_file_ref idref="fl-6"/>
      </object_component>
      <object_component id="oc-268">
         <name>.debug_info</name>
         <load_address>0xc6fa</load_address>
         <run_address>0xc6fa</run_address>
         <size>0x8c1</size>
         <input_file_ref idref="fl-7"/>
      </object_component>
      <object_component id="oc-dd">
         <name>.debug_info</name>
         <load_address>0xcfbb</load_address>
         <run_address>0xcfbb</run_address>
         <size>0x3f88</size>
         <input_file_ref idref="fl-7"/>
      </object_component>
      <object_component id="oc-3f8">
         <name>.debug_info</name>
         <load_address>0x10f43</load_address>
         <run_address>0x10f43</run_address>
         <size>0x23f</size>
         <input_file_ref idref="fl-7"/>
      </object_component>
      <object_component id="oc-26b">
         <name>.debug_info</name>
         <load_address>0x11182</load_address>
         <run_address>0x11182</run_address>
         <size>0x46</size>
         <input_file_ref idref="fl-7"/>
      </object_component>
      <object_component id="oc-394">
         <name>.debug_info</name>
         <load_address>0x111c8</load_address>
         <run_address>0x111c8</run_address>
         <size>0x35</size>
         <input_file_ref idref="fl-7"/>
      </object_component>
      <object_component id="oc-1fd">
         <name>.debug_info</name>
         <load_address>0x111fd</load_address>
         <run_address>0x111fd</run_address>
         <size>0x2c</size>
         <input_file_ref idref="fl-8"/>
      </object_component>
      <object_component id="oc-1a5">
         <name>.debug_info</name>
         <load_address>0x11229</load_address>
         <run_address>0x11229</run_address>
         <size>0x7d3</size>
         <input_file_ref idref="fl-9"/>
      </object_component>
      <object_component id="oc-81">
         <name>.debug_info</name>
         <load_address>0x119fc</load_address>
         <run_address>0x119fc</run_address>
         <size>0x313</size>
         <input_file_ref idref="fl-9"/>
      </object_component>
      <object_component id="oc-1b5">
         <name>.debug_info</name>
         <load_address>0x11d0f</load_address>
         <run_address>0x11d0f</run_address>
         <size>0x116</size>
         <input_file_ref idref="fl-9"/>
      </object_component>
      <object_component id="oc-1cd">
         <name>.debug_info</name>
         <load_address>0x11e25</load_address>
         <run_address>0x11e25</run_address>
         <size>0x116</size>
         <input_file_ref idref="fl-9"/>
      </object_component>
      <object_component id="oc-1d0">
         <name>.debug_info</name>
         <load_address>0x11f3b</load_address>
         <run_address>0x11f3b</run_address>
         <size>0x116</size>
         <input_file_ref idref="fl-9"/>
      </object_component>
      <object_component id="oc-1bb">
         <name>.debug_info</name>
         <load_address>0x12051</load_address>
         <run_address>0x12051</run_address>
         <size>0x159</size>
         <input_file_ref idref="fl-9"/>
      </object_component>
      <object_component id="oc-1be">
         <name>.debug_info</name>
         <load_address>0x121aa</load_address>
         <run_address>0x121aa</run_address>
         <size>0x116</size>
         <input_file_ref idref="fl-9"/>
      </object_component>
      <object_component id="oc-1b8">
         <name>.debug_info</name>
         <load_address>0x122c0</load_address>
         <run_address>0x122c0</run_address>
         <size>0x124</size>
         <input_file_ref idref="fl-9"/>
      </object_component>
      <object_component id="oc-1c1">
         <name>.debug_info</name>
         <load_address>0x123e4</load_address>
         <run_address>0x123e4</run_address>
         <size>0x118</size>
         <input_file_ref idref="fl-9"/>
      </object_component>
      <object_component id="oc-1c4">
         <name>.debug_info</name>
         <load_address>0x124fc</load_address>
         <run_address>0x124fc</run_address>
         <size>0x110</size>
         <input_file_ref idref="fl-9"/>
      </object_component>
      <object_component id="oc-1c7">
         <name>.debug_info</name>
         <load_address>0x1260c</load_address>
         <run_address>0x1260c</run_address>
         <size>0x114</size>
         <input_file_ref idref="fl-9"/>
      </object_component>
      <object_component id="oc-1ca">
         <name>.debug_info</name>
         <load_address>0x12720</load_address>
         <run_address>0x12720</run_address>
         <size>0x116</size>
         <input_file_ref idref="fl-9"/>
      </object_component>
      <object_component id="oc-87">
         <name>.debug_info</name>
         <load_address>0x12836</load_address>
         <run_address>0x12836</run_address>
         <size>0x6d10</size>
         <input_file_ref idref="fl-9"/>
      </object_component>
      <object_component id="oc-1d3">
         <name>.debug_info</name>
         <load_address>0x19546</load_address>
         <run_address>0x19546</run_address>
         <size>0x319</size>
         <input_file_ref idref="fl-9"/>
      </object_component>
      <object_component id="oc-399">
         <name>.debug_info</name>
         <load_address>0x1985f</load_address>
         <run_address>0x1985f</run_address>
         <size>0x146</size>
         <input_file_ref idref="fl-9"/>
      </object_component>
      <object_component id="oc-91">
         <name>.debug_info</name>
         <load_address>0x199a5</load_address>
         <run_address>0x199a5</run_address>
         <size>0x444</size>
         <input_file_ref idref="fl-b"/>
      </object_component>
      <object_component id="oc-84">
         <name>.debug_info</name>
         <load_address>0x19de9</load_address>
         <run_address>0x19de9</run_address>
         <size>0x143</size>
         <input_file_ref idref="fl-b"/>
      </object_component>
      <object_component id="oc-8e">
         <name>.debug_info</name>
         <load_address>0x19f2c</load_address>
         <run_address>0x19f2c</run_address>
         <size>0x12a</size>
         <input_file_ref idref="fl-b"/>
      </object_component>
      <object_component id="oc-35">
         <name>.debug_info</name>
         <load_address>0x1a056</load_address>
         <run_address>0x1a056</run_address>
         <size>0x8fa</size>
         <input_file_ref idref="fl-b"/>
      </object_component>
      <object_component id="oc-2f">
         <name>.debug_info</name>
         <load_address>0x1a950</load_address>
         <run_address>0x1a950</run_address>
         <size>0x278</size>
         <input_file_ref idref="fl-c"/>
      </object_component>
      <object_component id="oc-3ad">
         <name>.debug_info</name>
         <load_address>0x1abc8</load_address>
         <run_address>0x1abc8</run_address>
         <size>0x4e1</size>
         <input_file_ref idref="fl-d"/>
      </object_component>
      <object_component id="oc-3aa">
         <name>.debug_info</name>
         <load_address>0x1b0a9</load_address>
         <run_address>0x1b0a9</run_address>
         <size>0x111</size>
         <input_file_ref idref="fl-d"/>
      </object_component>
      <object_component id="oc-3a7">
         <name>.debug_info</name>
         <load_address>0x1b1ba</load_address>
         <run_address>0x1b1ba</run_address>
         <size>0x111</size>
         <input_file_ref idref="fl-d"/>
      </object_component>
      <object_component id="oc-3a4">
         <name>.debug_info</name>
         <load_address>0x1b2cb</load_address>
         <run_address>0x1b2cb</run_address>
         <size>0x21d</size>
         <input_file_ref idref="fl-d"/>
      </object_component>
      <object_component id="oc-1ab">
         <name>.debug_info</name>
         <load_address>0x1b4e8</load_address>
         <run_address>0x1b4e8</run_address>
         <size>0xdae</size>
         <input_file_ref idref="fl-d"/>
      </object_component>
      <object_component id="oc-4e9">
         <name>.debug_info</name>
         <load_address>0x1c296</load_address>
         <run_address>0x1c296</run_address>
         <size>0x62</size>
         <input_file_ref idref="fl-d"/>
      </object_component>
      <object_component id="oc-265">
         <name>.debug_info</name>
         <load_address>0x1c2f8</load_address>
         <run_address>0x1c2f8</run_address>
         <size>0x59d</size>
         <input_file_ref idref="fl-f"/>
      </object_component>
      <object_component id="oc-24e">
[...]
         <value>0x39cb</value>
         <object_component_ref idref="oc-d5"/>
      </symbol>
      <symbol id="sm-6fa">
         <name>_ZN6Button22setLongPressIntervalMsEj</name>
         <value>0x37b9</value>
         <object_component_ref idref="oc-d5"/>
      </symbol>
      <symbol id="sm-6fb">
         <name>_ZN6Button13attachReleaseEPFvvE</name>
         <value>0x3a5d</value>
         <object_component_ref idref="oc-d5"/>
      </symbol>
      <symbol id="sm-6fc">
         <name>_ZNK6Button13isLongPressedEv</name>
         <value>0x39df</value>
         <object_component_ref idref="oc-d5"/>
      </symbol>
      <symbol id="sm-6fd">
         <name>_ZN6Button10wasPressedEv</name>
         <value>0x39f7</value>
         <object_component_ref idref="oc-d5"/>
      </symbol>
      <symbol id="sm-6fe">
         <name>_ZN6Button20attachLongPressStartEPFvvE</name>
         <value>0x38d1</value>
         <object_component_ref idref="oc-d5"/>
      </symbol>
      <symbol id="sm-6ff">
         <name>_ZN6Button11wasReleasedEv</name>
         <value>0x3a21</value>
         <object_component_ref idref="oc-d5"/>
      </symbol>
      <symbol id="sm-700">
         <name>_ZN6Button3fsmEb</name>
         <value>0x3b25</value>
         <object_component_ref idref="oc-d5"/>
      </symbol>
      <symbol id="sm-701">
         <name>_ZN6Button8debounceEb</name>
         <value>0x3dad</value>
         <object_component_ref idref="oc-d5"/>
      </symbol>
      <symbol id="sm-702">
         <name>_ZN6Button12readPhysicalEv</name>
         <value>0x3a81</value>
         <object_component_ref idref="oc-d5"/>
      </symbol>
      <symbol id="sm-703">
         <name>_ZNK6Button11getHoldTimeEv</name>
         <value>0x3a71</value>
         <object_component_ref idref="oc-d5"/>
      </symbol>
      <symbol id="sm-76e">
         <name>Lcd_Orientation</name>
         <value>0x2000d320</value>
      </symbol>
      <symbol id="sm-76f">
         <name>Lcd_ScreenWidth</name>
         <value>0x2000d31a</value>
      </symbol>
      <symbol id="sm-770">
         <name>Lcd_ScreenHeigth</name>
         <value>0x2000d318</value>
      </symbol>
      <symbol id="sm-771">
         <name>Lcd_PenSolid</name>
         <value>0x2000d321</value>
      </symbol>
      <symbol id="sm-772">
         <name>Lcd_FontSolid</name>
         <value>0x2000d31f</value>
      </symbol>
      <symbol id="sm-773">
         <name>Lcd_FlagRead</name>
         <value>0x2000d31e</value>
      </symbol>
      <symbol id="sm-774">
         <name>Lcd_TouchTrim</name>
         <value>0x2000d31c</value>
      </symbol>
      <symbol id="sm-775">
         <name>Lcd_buffer</name>
         <value>0x20000000</value>
         <object_component_ref idref="oc-2c3"/>
      </symbol>
      <symbol id="sm-776">
         <name>Crystalfontz128x128_SetDrawFrame</name>
         <value>0x513b</value>
         <object_component_ref idref="oc-120"/>
      </symbol>
      <symbol id="sm-777">
         <name>Crystalfontz128x128_SetOrientation</name>
         <value>0x5217</value>
         <object_component_ref idref="oc-120"/>
      </symbol>
      <symbol id="sm-778">
         <name>g_sCrystalfontz128x128</name>
         <value>0x8958</value>
         <object_component_ref idref="oc-14b"/>
      </symbol>
      <symbol id="sm-779">
         <name>Crystalfontz128x128_Init</name>
         <value>0x5095</value>
         <object_component_ref idref="oc-120"/>
      </symbol>
      <symbol id="sm-799">
         <name>HAL_LCD_writeData</name>
         <value>0x673b</value>
         <object_component_ref idref="oc-2b3"/>
      </symbol>
      <symbol id="sm-79a">
         <name>HAL_LCD_SpiInit</name>
         <value>0x66a7</value>
         <object_component_ref idref="oc-2b3"/>
      </symbol>
      <symbol id="sm-79b">
         <name>HAL_LCD_PortInit</name>
         <value>0x6651</value>
         <object_component_ref idref="oc-2b3"/>
      </symbol>
      <symbol id="sm-79c">
         <name>HAL_LCD_writeCommand</name>
         <value>0x6701</value>
         <object_component_ref idref="oc-2b3"/>
      </symbol>
      <symbol id="sm-7e6">
         <name>snprintf</name>
         <value>0x79f5</value>
         <object_component_ref idref="oc-166"/>
      </symbol>
      <symbol id="sm-801">
         <name>memcpy</name>
         <value>0x71f3</value>
         <object_component_ref idref="oc-47"/>
      </symbol>
      <symbol id="sm-802">
         <name>__aeabi_memcpy</name>
         <value>0x71f3</value>
         <object_component_ref idref="oc-47"/>
      </symbol>
      <symbol id="sm-803">
         <name>__aeabi_memcpy8</name>
         <value>0x71f3</value>
         <object_component_ref idref="oc-47"/>
      </symbol>
      <symbol id="sm-804">
         <name>__aeabi_memcpy4</name>
         <value>0x71f3</value>
         <object_component_ref idref="oc-47"/>
      </symbol>
      <symbol id="sm-813">
         <name>__aeabi_memset</name>
         <value>0x74b9</value>
         <object_component_ref idref="oc-bd"/>
      </symbol>
      <symbol id="sm-814">
         <name>memset</name>
         <value>0x74bf</value>
         <object_component_ref idref="oc-bd"/>
      </symbol>
      <symbol id="sm-815">
         <name>__aeabi_memset8</name>
         <value>0x74b9</value>
         <object_component_ref idref="oc-bd"/>
      </symbol>
      <symbol id="sm-816">
         <name>__aeabi_memset4</name>
         <value>0x74b9</value>
         <object_component_ref idref="oc-bd"/>
      </symbol>
      <symbol id="sm-817">
         <name>__aeabi_memclr8</name>
         <value>0x74b7</value>
         <object_component_ref idref="oc-bd"/>
      </symbol>
      <symbol id="sm-818">
         <name>__aeabi_memclr4</name>
         <value>0x74b7</value>
         <object_component_ref idref="oc-bd"/>
      </symbol>
      <symbol id="sm-819">
         <name>__aeabi_memclr</name>
         <value>0x74b7</value>
         <object_component_ref idref="oc-bd"/>
      </symbol>
      <symbol id="sm-826">
         <name>__aeabi_uldivmod</name>
         <value>0x728f</value>
         <object_component_ref idref="oc-53d"/>
      </symbol>
      <symbol id="sm-838">
         <name>__TI_zero_init</name>
         <value>0x8053</value>
         <object_component_ref idref="oc-59"/>
      </symbol>
      <symbol id="sm-84f">
         <name>__TI_decompress_none</name>
         <value>0x8021</value>
         <object_component_ref idref="oc-1b"/>
      </symbol>
      <symbol id="sm-872">
         <name>__TI_decompress_lzss</name>
         <value>0x7671</value>
         <object_component_ref idref="oc-15"/>
      </symbol>
      <symbol id="sm-885">
         <name>__stack</name>
         <value>0x2000d328</value>
         <object_component_ref idref="oc-25"/>
      </symbol>
      <symbol id="sm-886">
         <name>_c_int00_noargs</name>
         <value>0x7ccd</value>
         <object_component_ref idref="oc-65"/>
      </symbol>
      <symbol id="sm-89c">
         <name>__aeabi_errno_addr</name>
         <value>0x8091</value>
         <object_component_ref idref="oc-4c7"/>
      </symbol>
      <symbol id="sm-89d">
         <name>errno</name>
         <value>0x20008084</value>
         <object_component_ref idref="oc-59f"/>
      </symbol>
      <symbol id="sm-a02">
         <name>__TI_printfi</name>
         <value>0x3e35</value>
         <object_component_ref idref="oc-356"/>
      </symbol>
      <symbol id="sm-a0c">
         <name>__aeabi_idiv0</name>
         <value>0x3e33</value>
         <object_component_ref idref="oc-5cc"/>
      </symbol>
      <symbol id="sm-a0d">
         <name>__aeabi_ldiv0</name>
         <value>0x3e33</value>
         <object_component_ref idref="oc-5cc"/>
      </symbol>
      <symbol id="sm-a24">
         <name>__aeabi_dsub</name>
         <value>0x632d</value>
         <object_component_ref idref="oc-563"/>
      </symbol>
      <symbol id="sm-a25">
         <name>__aeabi_dadd</name>
         <value>0x6337</value>
         <object_component_ref idref="oc-563"/>
      </symbol>
      <symbol id="sm-a47">
         <name>__aeabi_cdcmpeq</name>
         <value>0x73ab</value>
         <object_component_ref idref="oc-49e"/>
      </symbol>
      <symbol id="sm-a48">
         <name>__aeabi_cdcmple</name>
         <value>0x73ab</value>
         <object_component_ref idref="oc-49e"/>
      </symbol>
      <symbol id="sm-a49">
         <name>__aeabi_cdrcmple</name>
         <value>0x7431</value>
         <object_component_ref idref="oc-54e"/>
      </symbol>
      <symbol id="sm-a5d">
         <name>__aeabi_ddiv</name>
         <value>0x6a0d</value>
         <object_component_ref idref="oc-549"/>
      </symbol>
      <symbol id="sm-a68">
         <name>__aeabi_dmul</name>
         <value>0x6ea9</value>
         <object_component_ref idref="oc-544"/>
      </symbol>
      <symbol id="sm-a72">
         <name>__aeabi_d2iz</name>
         <value>0x7ad5</value>
         <object_component_ref idref="oc-553"/>
      </symbol>
      <symbol id="sm-a7c">
         <name>__aeabi_i2d</name>
         <value>0x7d5f</value>
         <object_component_ref idref="oc-55e"/>
      </symbol>
      <symbol id="sm-aa9">
         <name>__TI_auto_init_nobinit</name>
         <value>0x77a5</value>
         <object_component_ref idref="oc-218"/>
      </symbol>
      <symbol id="sm-ab3">
         <name>_system_pre_init</name>
         <value>0x80b1</value>
         <object_component_ref idref="oc-c3"/>
      </symbol>
      <symbol id="sm-abf">
         <name>C$$EXIT</name>
         <value>0x80b5</value>
         <object_component_ref idref="oc-206"/>
      </symbol>
      <symbol id="sm-ac0">
         <name>abort</name>
         <value>0x80b5</value>
         <object_component_ref idref="oc-206"/>
      </symbol>
      <symbol id="sm-ad0">
         <name>__TI_ltoa</name>
         <value>0x78b5</value>
         <object_component_ref idref="oc-558"/>
      </symbol>
      <symbol id="sm-ae7">
         <name>atoi</name>
         <value>0x79a9</value>
         <object_component_ref idref="oc-492"/>
      </symbol>
      <symbol id="sm-af2">
         <name>_ctypes_</name>
         <value>0x8560</value>
         <object_component_ref idref="oc-538"/>
      </symbol>
      <symbol id="sm-b02">
         <name>memccpy</name>
         <value>0x7ead</value>
         <object_component_ref idref="oc-4bb"/>
      </symbol>
      <symbol id="sm-b12">
         <name>strchr</name>
         <value>0x7f6d</value>
         <object_component_ref idref="oc-58f"/>
      </symbol>
      <symbol id="sm-b20">
         <name>strlen</name>
         <value>0x7f99</value>
         <object_component_ref idref="oc-48c"/>
      </symbol>
      <symbol id="sm-b39">
         <name>wcslen</name>
         <value>0x7fbf</value>
         <object_component_ref idref="oc-4c1"/>
      </symbol>
      <symbol id="sm-b4f">
         <name>frexpl</name>
         <value>0x7741</value>
         <object_component_ref idref="oc-583"/>
      </symbol>
      <symbol id="sm-b50">
         <name>frexp</name>
         <value>0x7741</value>
         <object_component_ref idref="oc-583"/>
      </symbol>
      <symbol id="sm-b6d">
         <name>scalbn</name>
         <value>0x6d99</value>
         <object_component_ref idref="oc-589"/>
      </symbol>
      <symbol id="sm-b6e">
         <name>scalbnl</name>
         <value>0x6d99</value>
         <object_component_ref idref="oc-589"/>
      </symbol>
      <symbol id="sm-b6f">
         <name>ldexpl</name>
         <value>0x6d99</value>
         <object_component_ref idref="oc-589"/>
      </symbol>
      <symbol id="sm-b70">
         <name>ldexp</name>
         <value>0x6d99</value>
         <object_component_ref idref="oc-589"/>
      </symbol>
      <symbol id="sm-b7a">
         <name>copysign</name>
         <value>0x7ee3</value>
         <object_component_ref idref="oc-5e5"/>
      </symbol>
      <symbol id="sm-b7b">
         <name>copysignl</name>
         <value>0x7ee3</value>
         <object_component_ref idref="oc-5e5"/>
      </symbol>
      <symbol id="sm-bb3">
         <name>GrContextInit</name>
         <value>0x75a1</value>
         <object_component_ref idref="oc-126"/>
      </symbol>
      <symbol id="sm-bb4">
         <name>g_psDefaultCodePointMapTable</name>
         <value>0x8980</value>
         <object_component_ref idref="oc-2cd"/>
      </symbol>
      <symbol id="sm-bcb">
         <name>GrRectFill</name>
         <value>0x7325</value>
         <object_component_ref idref="oc-132"/>
      </symbol>
      <symbol id="sm-bcc">
         <name>GrRectDraw</name>
         <value>0x76d9</value>
         <object_component_ref idref="oc-16f"/>
      </symbol>
      <symbol id="sm-c70">
         <name>GrFontInfoGet</name>
         <value>0x7de5</value>
         <object_component_ref idref="oc-34d"/>
      </symbol>
      <symbol id="sm-c71">
         <name>GrDefaultStringRenderer</name>
         <value>0x707f</value>
         <object_component_ref idref="oc-2c7"/>
      </symbol>
      <symbol id="sm-c72">
         <name>GrFontGlyphRender</name>
         <value>0x5d09</value>
         <object_component_ref idref="oc-45b"/>
      </symbol>
      <symbol id="sm-c73">
         <name>GrContextFontSet</name>
         <value>0x80a5</value>
         <object_component_ref idref="oc-12c"/>
      </symbol>
      <symbol id="sm-c74">
         <name>GrFontGlyphDataGet</name>
         <value>0x7e0b</value>
         <object_component_ref idref="oc-347"/>
      </symbol>
      <symbol id="sm-c75">
         <name>GrStringDraw</name>
         <value>0x7f57</value>
         <object_component_ref idref="oc-160"/>
      </symbol>
      <symbol id="sm-c76">
         <name>GrFontCodepageGet</name>
         <value>0x7e71</value>
         <object_component_ref idref="oc-46e"/>
      </symbol>
      <symbol id="sm-c77">
         <name>GrStringNextCharGet</name>
         <value>0x7d31</value>
         <object_component_ref idref="oc-341"/>
      </symbol>
      <symbol id="sm-c78">
         <name>GrStringWidthGet</name>
         <value>0x7609</value>
         <object_component_ref idref="oc-154"/>
      </symbol>
      <symbol id="sm-c79">
         <name>GrFontBaselineGet</name>
         <value>0x7db9</value>
         <object_component_ref idref="oc-15a"/>
      </symbol>
      <symbol id="sm-c8b">
         <name>g_sFontFixed6x8</name>
         <value>0x8664</value>
         <object_component_ref idref="oc-14e"/>
      </symbol>
      <symbol id="sm-c98">
         <name>GrMapISO8859_1_Unicode</name>
         <value>0x807f</value>
         <object_component_ref idref="oc-462"/>
      </symbol>
      <symbol id="sm-cb1">
         <name>GrLineDrawH</name>
         <value>0x7b1d</value>
         <object_component_ref idref="oc-37b"/>
      </symbol>
      <symbol id="sm-cb2">
         <name>GrLineDrawV</name>
         <value>0x7b63</value>
         <object_component_ref idref="oc-381"/>
      </symbol>
      <symbol id="sm-cc9">
         <name>FPULazyStackingEnable</name>
         <value>0x7fe1</value>
         <object_component_ref idref="oc-ed"/>
      </symbol>
      <symbol id="sm-cca">
         <name>FPUEnable</name>
         <value>0x7fd1</value>
         <object_component_ref idref="oc-e7"/>
      </symbol>
      <symbol id="sm-d2c">
         <name>GPIOPinTypePWM</name>
         <value>0x7f2b</value>
         <object_component_ref idref="oc-111"/>
      </symbol>
      <symbol id="sm-d2d">
         <name>GPIOPinConfigure</name>
         <value>0x795d</value>
         <object_component_ref idref="oc-10b"/>
      </symbol>
      <symbol id="sm-d2e">
         <name>GPIOPinTypeGPIOInput</name>
         <value>0x7f15</value>
         <object_component_ref idref="oc-244"/>
      </symbol>
      <symbol id="sm-d2f">
         <name>GPIOPinTypeGPIOOutput</name>
         <value>0x7ec9</value>
         <object_component_ref idref="oc-42d"/>
      </symbol>
      <symbol id="sm-d30">
         <name>GPIOPinRead</name>
         <value>0x8099</value>
         <object_component_ref idref="oc-253"/>
      </symbol>
      <symbol id="sm-d31">
         <name>GPIODirModeSet</name>
         <value>0x7d8d</value>
         <object_component_ref idref="oc-2a8"/>
      </symbol>
      <symbol id="sm-d32">
         <name>GPIOPinWrite</name>
         <value>0x809f</value>
         <object_component_ref idref="oc-43f"/>
      </symbol>
      <symbol id="sm-d33">
         <name>GPIOPadConfigSet</name>
         <value>0x64e5</value>
         <object_component_ref idref="oc-259"/>
      </symbol>
      <symbol id="sm-d34">
         <name>GPIOPinTypeSSI</name>
         <value>0x7f41</value>
         <object_component_ref idref="oc-427"/>
      </symbol>
      <symbol id="sm-d49">
         <name>IntMasterDisable</name>
         <value>0x7ff1</value>
         <object_component_ref idref="oc-e1"/>
      </symbol>
      <symbol id="sm-d4a">
         <name>IntMasterEnable</name>
         <value>0x8001</value>
         <object_component_ref idref="oc-f9"/>
      </symbol>
      <symbol id="sm-d81">
         <name>PWMGenPeriodSet</name>
         <value>0x8011</value>
         <object_component_ref idref="oc-17b"/>
      </symbol>
      <symbol id="sm-d82">
         <name>PWMClockSet</name>
         <value>0x7f85</value>
         <object_component_ref idref="oc-117"/>
      </symbol>
      <symbol id="sm-d83">
         <name>PWMPulseWidthSet</name>
         <value>0x7e8f</value>
         <object_component_ref idref="oc-181"/>
      </symbol>
      <symbol id="sm-d84">
         <name>PWMOutputState</name>
         <value>0x7fad</value>
         <object_component_ref idref="oc-187"/>
      </symbol>
      <symbol id="sm-d85">
         <name>PWMGenEnable</name>
         <value>0x8047</value>
         <object_component_ref idref="oc-18d"/>
      </symbol>
      <symbol id="sm-d86">
         <name>PWMGenConfigure</name>
         <value>0x7e2d</value>
         <object_component_ref idref="oc-175"/>
      </symbol>
      <symbol id="sm-dad">
         <name>SSIDataPut</name>
         <value>0x806b</value>
         <object_component_ref idref="oc-44b"/>
      </symbol>
      <symbol id="sm-dae">
         <name>SSIConfigSetExpClk</name>
         <value>0x7c23</value>
         <object_component_ref idref="oc-433"/>
      </symbol>
      <symbol id="sm-daf">
         <name>SSIEnable</name>
         <value>0x8075</value>
         <object_component_ref idref="oc-439"/>
      </symbol>
      <symbol id="sm-db0">
         <name>SSIBusy</name>
         <value>0x8087</value>
         <object_component_ref idref="oc-445"/>
      </symbol>
      <symbol id="sm-e2b">
         <name>SysCtlDelay</name>
         <value>0x80ab</value>
         <object_component_ref idref="oc-2b9"/>
      </symbol>
      <symbol id="sm-e2c">
         <name>SysCtlPeripheralEnable</name>
         <value>0x7c99</value>
         <object_component_ref idref="oc-ff"/>
      </symbol>
      <symbol id="sm-e2d">
         <name>SysCtlPeripheralReady</name>
         <value>0x7c61</value>
         <object_component_ref idref="oc-105"/>
      </symbol>
      <symbol id="sm-e2e">
         <name>SysCtlClockFreqSet</name>
         <value>0x5f5d</value>
         <object_component_ref idref="oc-f3"/>
      </symbol>
      <symbol id="sm-e41">
         <name>CPUcpsie</name>
         <value>0x803b</value>
         <object_component_ref idref="oc-29a"/>
      </symbol>
      <symbol id="sm-e42">
         <name>CPUcpsid</name>
         <value>0x802f</value>
         <object_component_ref idref="oc-275"/>
      </symbol>
      <symbol id="sm-e43">
         <name>__TI_static_base__</name>
         <value>0x0</value>
      </symbol>
      <symbol id="sm-e46">
         <name>__mpu_init</name>
         <value>0x0</value>
      </symbol>
      <symbol id="sm-e47">
         <name>_system_post_cinit</name>
         <value>0x0</value>
      </symbol>
   </symbol_table>
   <title>Link successful</title>
</link_info>
