******************************************************************************
                  TI ARM Linker PC v20.2.7                     
******************************************************************************
>> Linked Thu Mar 26 10:47:52 2026

OUTPUT FILE NAME:   <lab0.out>
ENTRY POINT SYMBOL: "_c_int00_noargs"  address: 000039f1


MEMORY CONFIGURATION

         name            origin    length      used     unused   attr    fill
----------------------  --------  ---------  --------  --------  ----  --------
  FLASH                 00000000   00100000  000048f6  000fb70a  R  X
  SRAM                  20000000   00040000  000089b6  0003764a  RW X


SEGMENT ALLOCATION MAP

run origin  load origin   length   init length attrs members
----------  ----------- ---------- ----------- ----- -------
00000000    00000000    000048f8   000048f8    r-x
  00000000    00000000    00000200   00000200    r-- .intvecs
  00000200    00000200    00003dba   00003dba    r-x .text
  00003fbc    00003fbc    000008f0   000008f0    r-- .const
  000048ac    000048ac    00000004   00000004    r-- .init_array
  000048b0    000048b0    00000048   00000048    r-- .cinit
20000000    20000000    000089b6   00000000    rw-
  20000000    20000000    00008040   00000000    rw- .data
  20008040    20008040    00000800   00000000    rw- .stack
  20008840    20008840    00000176   00000000    rw- .bss


SECTION ALLOCATION MAP

 output                                  attributes/
section   page    origin      length       input sections
--------  ----  ----------  ----------   ----------------
.intvecs   0    00000000    00000200     
                  00000000    00000200     startup_ccs.obj (.intvecs)

.text      0    00000200    00003dba     
                  00000200    00000a4e     rtsv7M4_T_le_v4SPD16_eabi.lib : _printfi.c.obj (.text:__TI_printfi)
                  00000c4e    00000002     startup_ccs.obj (.text:FaultISR)
                  00000c50    00000270     rtsv7M4_T_le_v4SPD16_eabi.lib : _printfi.c.obj (.text:_pconv_a)
                  00000ec0    00000252     grlib.lib : string.obj (.text:GrFontGlyphRender)
                  00001112    00000002     startup_ccs.obj (.text:IntDefaultHandler)
                  00001114    00000218     main.obj (.text:_ZN29_INTERNAL_8_main_cpp_f9572fa819drawStopwatchScreenER9_tContextjb)
                  0000132c    00000200     driverlib.lib : sysctl.obj (.text:SysCtlClockFreqSet)
                  0000152c    000001dc     main.obj (.text:main)
                  00001708    000001d0     rtsv7M4_T_le_v4SPD16_eabi.lib : _printfi.c.obj (.text:_pconv_g)
                  000018d8    000001b6                                   : fd_add_t2.asm.obj (.text)
                  00001a8e    0000018a     button.obj (.text:_ZN6Button3fsmEb)
                  00001c18    0000016c     driverlib.lib : gpio.obj (.text:GPIOPadConfigSet)
                  00001d84    00000154     timerLib.obj (.text:_ZN5Timer23enablePeripheralForBaseEj)
                  00001ed8    00000144     button.obj (.text:_ZN6ButtonC1Ehjjj10ButtonPull)
                  0000201c    0000013c     rtsv7M4_T_le_v4SPD16_eabi.lib : _printfi.c.obj (.text:_pconv_e)
                  00002158    00000136                                   : fd_div_t2.asm.obj (.text)
                  0000228e    00000002     startup_ccs.obj (.text:NmiSR)
                  00002290    00000124     rtsv7M4_T_le_v4SPD16_eabi.lib : _printfi.c.obj (.text:fcvt)
                  000023b4    00000110                                   : s_scalbn.c.obj (.text:scalbn)
                  000024c4    000000fc                                   : fd_mul_t2.asm.obj (.text)
                  000025c0    000000cc     main.obj (.text:_ZN29_INTERNAL_8_main_cpp_f9572fa810drawButtonER9_tContextRK8MyButton)
                  0000268c    000000c8     Crystalfontz128x128_ST7735.obj (.text:Crystalfontz128x128_PixelDrawMultiple)
                  00002754    000000c0     grlib.lib : string.obj (.text:GrDefaultStringRenderer)
                  00002814    000000bc     Crystalfontz128x128_ST7735.obj (.text:Crystalfontz128x128_Init)
                  000028d0    000000b1     rtsv7M4_T_le_v4SPD16_eabi.lib : _printfi.c.obj (.text:_ltostr)
                  00002981    00000001     --HOLE-- [fill = 0]
                  00002982    00000002                                   : div0.asm.obj (.text)
                  00002984    000000a8     timerLib.obj (.text:_ZN5Timer5beginEjj)
                  00002a2c    0000009c     rtsv7M4_T_le_v4SPD16_eabi.lib : memcpy_t2.asm.obj (.text)
                  00002ac8    00000096                                   : ull_div_t2.asm.obj (.text)
                  00002b5e    00000002     --HOLE-- [fill = 0]
                  00002b60    0000008c     Crystalfontz128x128_ST7735.obj (.text:Crystalfontz128x128_SetDrawFrame)
                  00002bec    00000086     grlib.lib : rectangle.obj (.text:GrRectFill)
                  00002c72    00000086     rtsv7M4_T_le_v4SPD16_eabi.lib : fd_cmp_t2.asm.obj (.text:__aeabi_cdcmple)
                  00002cf8    00000086                                   : fd_cmp_t2.asm.obj (.text:__aeabi_cdrcmple)
                  00002d7e    00000002     --HOLE-- [fill = 0]
                  00002d80    0000007c     HAL_EK_TM4C1294XL_Crystalfontz128x128_ST7735.obj (.text:HAL_LCD_PortInit)
                  00002dfc    0000007c     HAL_EK_TM4C1294XL_Crystalfontz128x128_ST7735.obj (.text:HAL_LCD_SpiInit)
                  00002e78    0000007a     rtsv7M4_T_le_v4SPD16_eabi.lib : memset_t2.asm.obj (.text)
                  00002ef2    00000002     --HOLE-- [fill = 0]
                  00002ef4    00000070     Crystalfontz128x128_ST7735.obj (.text:Crystalfontz128x128_RectFill)
                  00002f64    0000006e     rtsv7M4_T_le_v4SPD16_eabi.lib : _printfi.c.obj (.text:_mcpy)
                  00002fd2    00000002     --HOLE-- [fill = 0]
                  00002fd4    00000068     grlib.lib : context.obj (.text:GrContextInit)
                  0000303c    00000068               : string.obj (.text:GrStringWidthGet)
                  000030a4    00000068     rtsv7M4_T_le_v4SPD16_eabi.lib : copy_decompress_lzss.c.obj (.text:decompress:lzss:__TI_decompress_lzss)
                  0000310c    00000066     grlib.lib : rectangle.obj (.text:GrRectDraw)
                  00003172    00000002     --HOLE-- [fill = 0]
                  00003174    00000064     rtsv7M4_T_le_v4SPD16_eabi.lib : s_frexp.c.obj (.text:frexp)
                  000031d8    00000060     driverlib.lib : timer.obj (.text:TimerConfigure)
                  00003238    00000060     rtsv7M4_T_le_v4SPD16_eabi.lib : autoinit.c.obj (.text:__TI_auto_init_nobinit:__TI_auto_init_nobinit)
                  00003298    0000005a     grlib.lib : string.obj (.text:FontWideGlyphDataGet)
                  000032f2    00000056     rtsv7M4_T_le_v4SPD16_eabi.lib : _printfi.c.obj (.text:_pconv_f)
                  00003348    00000054                                   : _ltoa.c.obj (.text:__TI_ltoa)
                  0000339c    00000052                                   : _printfi.c.obj (.text:_ecpy)
                  000033ee    00000002     --HOLE-- [fill = 0]
                  000033f0    00000050     main.obj (.text:_ZN29_INTERNAL_8_main_cpp_f9572fa817initializeDisplayER9_tContext)
                  00003440    0000004c     driverlib.lib : gpio.obj (.text:GPIOPinConfigure)
                  0000348c    0000004c     timerLib.obj (.text:_ZNK5Timer6microsEv)
                  000034d8    0000004c     rtsv7M4_T_le_v4SPD16_eabi.lib : atoi.c.obj (.text:atoi)
                  00003524    0000004c                                   : snprintf.c.obj (.text:snprintf)
                  00003570    0000004a     grlib.lib : string.obj (.text:UpdateContextCharMapping)
                  000035ba    00000002     --HOLE-- [fill = 0]
                  000035bc    00000048     driverlib.lib : sysctl.obj (.text:_SysCtlFrequencyGet)
                  00003604    00000048     button.obj (.text:_ZN6Button8debounceEb)
                  0000364c    00000048     rtsv7M4_T_le_v4SPD16_eabi.lib : fd_toi_t2.asm.obj (.text)
                  00003694    00000046     grlib.lib : line.obj (.text:GrLineDrawH)
                  000036da    00000046               : line.obj (.text:GrLineDrawV)
                  00003720    00000044     HAL_EK_TM4C1294XL_Crystalfontz128x128_ST7735.obj (.text:HAL_LCD_writeCommand)
                  00003764    00000040     Crystalfontz128x128_ST7735.obj (.text:Crystalfontz128x128_LineDrawH)
                  000037a4    00000040     Crystalfontz128x128_ST7735.obj (.text:Crystalfontz128x128_SetOrientation)
                  000037e4    0000003e     button.obj (.text:_ZN6Button4tickEv)
                  00003822    0000003e     rtsv7M4_T_le_v4SPD16_eabi.lib : _printfi.c.obj (.text:_fcpy)
                  00003860    0000003c     grlib.lib : string.obj (.text:FontGlyphDataGet)
                  0000389c    0000003c     driverlib.lib : ssi.obj (.text:SSIConfigSetExpClk)
                  000038d8    0000003c     main.obj (.text:_ZN29_INTERNAL_8_main_cpp_f9572fa812setupButtonsEv)
                  00003914    00000038     Crystalfontz128x128_ST7735.obj (.text:Crystalfontz128x128_Flush)
                  0000394c    00000038     driverlib.lib : sysctl.obj (.text:SysCtlPeripheralReady)
                  00003984    00000038     main.obj (.text:_ZN29_INTERNAL_8_main_cpp_f9572fa816onPlayPauseClickEv)
                  000039bc    00000034     driverlib.lib : sysctl.obj (.text:SysCtlPeripheralEnable)
                  000039f0    00000034     rtsv7M4_T_le_v4SPD16_eabi.lib : boot_cortex_m.c.obj (.text:_c_int00_noargs:_c_int00_noargs)
                  00003a24    00000030     timerLib.obj (.text:_ZN34_INTERNAL_12_timerLib_cpp_b416d18a11periphReadyEj)
                  00003a54    00000030     timerLib.obj (.text:_ZN5Timer10isWideBaseEj)
                  00003a84    00000030     main.obj (.text:__sti___8_main_cpp_f9572fa8)
                  00003ab4    00000030     rtsv7M4_T_le_v4SPD16_eabi.lib : snprintf.c.obj (.text:_outs)
                  00003ae4    0000002e     grlib.lib : string.obj (.text:GrStringNextCharGet)
                  00003b12    0000002e     button.obj (.text:_ZN6Button14applyPadConfigEv)
                  00003b40    0000002e     button.obj (.text:_ZN6Button5beginEv)
                  00003b6e    0000002e     rtsv7M4_T_le_v4SPD16_eabi.lib : i_tofd_t2.asm.obj (.text)
                  00003b9c    0000002c     driverlib.lib : gpio.obj (.text:GPIODirModeSet)
                  00003bc8    0000002c     grlib.lib : string.obj (.text:GrFontBaselineGet)
                  00003bf4    0000002a     button.obj (.text:_ZN6Button12readPhysicalEv)
                  00003c1e    00000026     grlib.lib : string.obj (.text:GrFontInfoGet)
                  00003c44    00000022               : string.obj (.text:GrFontGlyphDataGet)
                  00003c66    00000002     --HOLE-- [fill = 0]
                  00003c68    00000020     driverlib.lib : sysctl.obj (.text:_SysCtlMemTimingGet)
                  00003c88    0000001e     Crystalfontz128x128_ST7735.obj (.text:Crystalfontz128x128_ColorTranslate)
                  00003ca6    0000001e     grlib.lib : string.obj (.text:GrFontCodepageGet)
                  00003cc4    0000001c     Crystalfontz128x128_ST7735.obj (.text:Crystalfontz128x128_LineDrawV)
                  00003ce0    0000001c     HAL_EK_TM4C1294XL_Crystalfontz128x128_ST7735.obj (.text:HAL_LCD_writeData)
                  00003cfc    0000001c     button.obj (.text:_ZN6Button5resetEv)
                  00003d18    0000001c     rtsv7M4_T_le_v4SPD16_eabi.lib : copy_zero_init.c.obj (.text:decompress:ZI:__TI_zero_init_nomemset:__TI_zero_init_nomemset)
                  00003d34    0000001c                                   : memccpy.c.obj (.text:memccpy)
                  00003d50    0000001a     driverlib.lib : gpio.obj (.text:GPIOPinTypeGPIOOutput)
                  00003d6a    0000001a     rtsv7M4_T_le_v4SPD16_eabi.lib : s_copysign.c.obj (.text:copysign)
                  00003d84    00000018     driverlib.lib : timer.obj (.text:TimerDisable)
                  00003d9c    00000018     timerLib.obj (.text:_ZN5TimerC1Ev)
                  00003db4    00000018     rtsv7M4_T_le_v4SPD16_eabi.lib : snprintf.c.obj (.text:_outc)
                  00003dcc    00000016     driverlib.lib : gpio.obj (.text:GPIOPinTypeGPIOInput)
                  00003de2    00000016                   : gpio.obj (.text:GPIOPinTypeSSI)
                  00003df8    00000016     grlib.lib : string.obj (.text:GrStringDraw)
                  00003e0e    00000016     driverlib.lib : timer.obj (.text:TimerValueGet64)
                  00003e24    00000016     rtsv7M4_T_le_v4SPD16_eabi.lib : strchr.c.obj (.text:strchr)
                  00003e3a    00000002     --HOLE-- [fill = 0]
                  00003e3c    00000014     Crystalfontz128x128_ST7735.obj (.text:Crystalfontz128x128_PixelDraw)
                  00003e50    00000014     main.obj (.text:_ZN29_INTERNAL_8_main_cpp_f9572fa814configureTimerER5Timer)
                  00003e64    00000014     rtsv7M4_T_le_v4SPD16_eabi.lib : strlen.c.obj (.text:strlen)
                  00003e78    00000012     driverlib.lib : timer.obj (.text:TimerLoadSet)
                  00003e8a    00000012     timerLib.obj (.text:_ZNK5Timer6millisEv)
                  00003e9c    00000012     rtsv7M4_T_le_v4SPD16_eabi.lib : wcslen.c.obj (.text:wcslen)
                  00003eae    00000002     --HOLE-- [fill = 0]
                  00003eb0    00000010     driverlib.lib : fpu.obj (.text:FPUEnable)
                  00003ec0    00000010                   : fpu.obj (.text:FPULazyStackingEnable)
                  00003ed0    00000010                   : interrupt.obj (.text:IntMasterDisable)
                  00003ee0    00000010                   : interrupt.obj (.text:IntMasterEnable)
                  00003ef0    0000000e                   : timer.obj (.text:TimerEnable)
                  00003efe    0000000e     rtsv7M4_T_le_v4SPD16_eabi.lib : copy_decompress_none.c.obj (.text:decompress:none:__TI_decompress_none)
                  00003f0c    0000000c     driverlib.lib : cpu.obj (.text:CPUcpsid)
                  00003f18    0000000c                   : cpu.obj (.text:CPUcpsie)
                  00003f24    0000000c     main.obj (.text:_ZN29_INTERNAL_8_main_cpp_f9572fa814onRestartClickEv)
                  00003f30    0000000a     driverlib.lib : ssi.obj (.text:SSIDataPut)
                  00003f3a    0000000a                   : ssi.obj (.text:SSIEnable)
                  00003f44    0000000a                   : timer.obj (.text:TimerValueGet)
                  00003f4e    0000000a     button.obj (.text:_ZN6Button10wasPressedEv)
                  00003f58    0000000a     button.obj (.text:_ZN6Button11wasReleasedEv)
                  00003f62    00000008     grlib.lib : charmap.obj (.text:GrMapISO8859_1_Unicode)
                  00003f6a    00000008     driverlib.lib : ssi.obj (.text:SSIBusy)
                  00003f72    00000002     --HOLE-- [fill = 0]
                  00003f74    00000008     rtsv7M4_T_le_v4SPD16_eabi.lib : errno.c.obj (.text:__aeabi_errno_addr)
                  00003f7c    00000006     driverlib.lib : gpio.obj (.text:GPIOPinRead)
                  00003f82    00000006                   : gpio.obj (.text:GPIOPinWrite)
                  00003f88    00000006     grlib.lib : string.obj (.text:GrContextFontSet)
                  00003f8e    00000006     startup_ccs.obj (.text:ResetISR)
                  00003f94    00000006     driverlib.lib : sysctl.obj (.text:SysCtlDelay)
                  00003f9a    00000006                   : timer.obj (.text:TimerClockSourceSet)
                  00003fa0    00000006                   : timer.obj (.text:TimerLoadSet64)
                  00003fa6    00000004     button.obj (.text:_ZN6Button13setDebounceMsEi)
                  00003faa    00000004     button.obj (.text:_ZN6Button17setTickIntervalMsEj)
                  00003fae    00000004     button.obj (.text:_ZN6Button8newStateENS_12StateMachineE)
                  00003fb2    00000004     rtsv7M4_T_le_v4SPD16_eabi.lib : pre_init.c.obj (.text:_system_pre_init)
                  00003fb6    00000004                                   : exit.c.obj (.text:abort:abort)

.const     0    00003fbc    000008f0     
                  00003fbc    000002f8     grlib.lib : fontfixed6x8.obj (.const:.string:g_pui8FontFixed6x8Data)
                  000042b4    000001b0     driverlib.lib : sysctl.obj (.const:g_pppui32XTALtoVCO)
                  00004464    00000101     rtsv7M4_T_le_v4SPD16_eabi.lib : ctype.c.obj (.const:.string:_ctypes_)
                  00004565    00000003     --HOLE-- [fill = 0]
                  00004568    000000c8     grlib.lib : fontfixed6x8.obj (.const:g_sFontFixed6x8)
                  00004630    00000090     driverlib.lib : gpio.obj (.const:g_pui32GPIOBaseAddrs)
                  000046c0    0000006c                   : sysctl.obj (.const:g_pui32Xtals)
                  0000472c    00000060     button.obj (.const:.string:digital_pin_to_bit_mask)
                  0000478c    00000060     button.obj (.const:.string:digital_pin_to_port)
                  000047ec    00000040     button.obj (.const:port_to_base)
                  0000482c    00000030     driverlib.lib : sysctl.obj (.const:g_sXTALtoMEMTIM)
                  0000485c    00000028     Crystalfontz128x128_ST7735.obj (.const:g_sCrystalfontz128x128)
                  00004884    00000010     grlib.lib : context.obj (.const:g_psDefaultCodePointMapTable)
                  00004894    0000000e     main.obj (.const:.string)
                  000048a2    00000002     --HOLE-- [fill = 0]
                  000048a4    00000008     driverlib.lib : sysctl.obj (.const:g_pui32VCOFrequencies)

.cinit     0    000048b0    00000048     
                  000048b0    00000023     (.cinit..data.load) [load image, compression = lzss]
                  000048d3    00000001     --HOLE-- [fill = 0]
                  000048d4    0000000c     (__TI_handler_table)
                  000048e0    00000008     (.cinit..bss.load) [load image, compression = zero_init]
                  000048e8    00000010     (__TI_cinit_table)

.init_array 
*          0    000048ac    00000004     
                  000048ac    00000004     main.obj (.init_array)

.data      0    20000000    00008040     UNINITIALIZED
                  20000000    00008000     Crystalfontz128x128_ST7735.obj (.data:Lcd_buffer)
                  20008000    00000018     main.obj (.data:btnReset)
                  20008018    00000018     main.obj (.data:btnStart)
                  20008030    00000009     main.obj (.data)
                  20008039    00000003     --HOLE--
                  2000803c    00000004     rtsv7M4_T_le_v4SPD16_eabi.lib : errno.c.obj (.data)

.bss       0    20008840    00000176     UNINITIALIZED
                  20008840    000000b4     main.obj (.bss:btnPlayPause)
                  200088f4    000000b4     main.obj (.bss:btnRestart)
                  200089a8    00000004     grlib.lib : context.obj (.bss)
                  200089ac    00000002     (.common:Lcd_ScreenHeigth)
                  200089ae    00000002     (.common:Lcd_ScreenWidth)
                  200089b0    00000002     (.common:Lcd_TouchTrim)
                  200089b2    00000001     (.common:Lcd_FlagRead)
                  200089b3    00000001     (.common:Lcd_FontSolid)
                  200089b4    00000001     (.common:Lcd_Orientation)
                  200089b5    00000001     (.common:Lcd_PenSolid)

.stack     0    20008040    00000800     UNINITIALIZED
                  20008040    00000004     rtsv7M4_T_le_v4SPD16_eabi.lib : boot_cortex_m.c.obj (.stack)
                  20008044    000007fc     --HOLE--

__llvm_prf_cnts 
*          0    20000000    00000000     UNINITIALIZED

.binit     0    00000000    00000000     

MODULE SUMMARY

       Module                                             code    ro data   rw data
       ------                                             ----    -------   -------
    .\
       main.obj                                           1492    18        417    
       startup_ccs.obj                                    12      512       0      
    +--+--------------------------------------------------+-------+---------+---------+
       Total:                                             1504    530       417    
                                                                                   
    .\libraries\buttonsDriver\
       button.obj                                         1046    256       0      
    +--+--------------------------------------------------+-------+---------+---------+
       Total:                                             1046    256       0      
                                                                                   
    .\libraries\display\
       Crystalfontz128x128_ST7735.obj                     902     40        32778  
       HAL_EK_TM4C1294XL_Crystalfontz128x128_ST7735.obj   344     0         0      
    +--+--------------------------------------------------+-------+---------+---------+
       Total:                                             1246    40        32778  
                                                                                   
    .\libraries\timerLib\
       timerLib.obj                                       722     0         0      
    +--+--------------------------------------------------+-------+---------+---------+
       Total:                                             722     0         0      
                                                                                   
    C:/ti/TivaWare_C_Series-2.2.0.295/driverlib/ccs/Debug/driverlib.lib
       sysctl.obj                                         730     596       0      
       gpio.obj                                           566     144       0      
       timer.obj                                          196     0         0      
       ssi.obj                                            88      0         0      
       fpu.obj                                            32      0         0      
       interrupt.obj                                      32      0         0      
       cpu.obj                                            24      0         0      
    +--+--------------------------------------------------+-------+---------+---------+
       Total:                                             1668    740       0      
                                                                                   
    C:/ti/TivaWare_C_Series-2.2.0.295/grlib/ccs/Debug/grlib.lib
       string.obj                                         1334    0         0      
       fontfixed6x8.obj                                   0       960       0      
       rectangle.obj                                      236     0         0      
       line.obj                                           140     0         0      
       context.obj                                        104     16        4      
       charmap.obj                                        8       0         0      
    +--+--------------------------------------------------+-------+---------+---------+
       Total:                                             1822    976       4      
                                                                                   
    C:\ti\ccs1281\ccs\tools\compiler\ti-cgt-arm_20.2.7.LTS\lib\rtsv7M4_T_le_v4SPD16_eabi.lib
       _printfi.c.obj                                     4851    0         0      
       fd_add_t2.asm.obj                                  438     0         0      
       fd_div_t2.asm.obj                                  310     0         0      
       s_scalbn.c.obj                                     272     0         0      
       fd_cmp_t2.asm.obj                                  268     0         0      
       ctype.c.obj                                        0       257       0      
       fd_mul_t2.asm.obj                                  252     0         0      
       memcpy_t2.asm.obj                                  156     0         0      
       ull_div_t2.asm.obj                                 150     0         0      
       snprintf.c.obj                                     148     0         0      
       memset_t2.asm.obj                                  122     0         0      
       copy_decompress_lzss.c.obj                         104     0         0      
       s_frexp.c.obj                                      100     0         0      
       autoinit.c.obj                                     96      0         0      
       _ltoa.c.obj                                        84      0         0      
       atoi.c.obj                                         76      0         0      
       fd_toi_t2.asm.obj                                  72      0         0      
       boot_cortex_m.c.obj                                52      0         0      
       i_tofd_t2.asm.obj                                  46      0         0      
       copy_zero_init.c.obj                               28      0         0      
       memccpy.c.obj                                      28      0         0      
       s_copysign.c.obj                                   26      0         0      
       strchr.c.obj                                       22      0         0      
       strlen.c.obj                                       20      0         0      
       wcslen.c.obj                                       18      0         0      
       copy_decompress_none.c.obj                         14      0         0      
       errno.c.obj                                        8       0         4      
       exit.c.obj                                         4       0         0      
       pre_init.c.obj                                     4       0         0      
       div0.asm.obj                                       2       0         0      
    +--+--------------------------------------------------+-------+---------+---------+
       Total:                                             7771    257       4      
                                                                                   
       Stack:                                             0       0         2048   
       Linker Generated:                                  0       71        0      
    +--+--------------------------------------------------+-------+---------+---------+
       Grand Total:                                       15779   2870      35251  


LINKER GENERATED COPY TABLES

__TI_cinit_table @ 000048e8 records: 2, size/record: 8, table size: 16
	.data: load addr=000048b0, load size=00000023 bytes, run addr=20000000, run size=00008040 bytes, compression=lzss
	.bss: load addr=000048e0, load size=00000008 bytes, run addr=20008840, run size=00000176 bytes, compression=zero_init


LINKER GENERATED HANDLER TABLE

__TI_handler_table @ 000048d4 records: 3, size/record: 4, table size: 12
	index: 0, handler: __TI_decompress_lzss
	index: 1, handler: __TI_decompress_none
	index: 2, handler: __TI_zero_init


GLOBAL SYMBOLS: SORTED ALPHABETICALLY BY Name 

address   name                                  
-------   ----                                  
00003fb7  C$$EXIT                               
00003f0d  CPUcpsid                              
00003f19  CPUcpsie                              
00002815  Crystalfontz128x128_Init              
00002b61  Crystalfontz128x128_SetDrawFrame      
000037a5  Crystalfontz128x128_SetOrientation    
00003eb1  FPUEnable                             
00003ec1  FPULazyStackingEnable                 
00003b9d  GPIODirModeSet                        
00001c19  GPIOPadConfigSet                      
00003441  GPIOPinConfigure                      
00003f7d  GPIOPinRead                           
00003dcd  GPIOPinTypeGPIOInput                  
00003d51  GPIOPinTypeGPIOOutput                 
00003de3  GPIOPinTypeSSI                        
00003f83  GPIOPinWrite                          
00003f89  GrContextFontSet                      
00002fd5  GrContextInit                         
00002755  GrDefaultStringRenderer               
00003bc9  GrFontBaselineGet                     
00003ca7  GrFontCodepageGet                     
00003c45  GrFontGlyphDataGet                    
00000ec1  GrFontGlyphRender                     
00003c1f  GrFontInfoGet                         
00003695  GrLineDrawH                           
000036db  GrLineDrawV                           
00003f63  GrMapISO8859_1_Unicode                
0000310d  GrRectDraw                            
00002bed  GrRectFill                            
00003df9  GrStringDraw                          
00003ae5  GrStringNextCharGet                   
0000303d  GrStringWidthGet                      
00002d81  HAL_LCD_PortInit                      
00002dfd  HAL_LCD_SpiInit                       
00003721  HAL_LCD_writeCommand                  
00003ce1  HAL_LCD_writeData                     
00003ed1  IntMasterDisable                      
00003ee1  IntMasterEnable                       
200089b2  Lcd_FlagRead                          
200089b3  Lcd_FontSolid                         
200089b4  Lcd_Orientation                       
200089b5  Lcd_PenSolid                          
200089ac  Lcd_ScreenHeigth                      
200089ae  Lcd_ScreenWidth                       
200089b0  Lcd_TouchTrim                         
20000000  Lcd_buffer                            
00003f8f  ResetISR                              
000048ac  SHT$$INIT_ARRAY$$Base                 
000048b0  SHT$$INIT_ARRAY$$Limit                
00003f6b  SSIBusy                               
0000389d  SSIConfigSetExpClk                    
00003f31  SSIDataPut                            
00003f3b  SSIEnable                             
0000132d  SysCtlClockFreqSet                    
00003f95  SysCtlDelay                           
000039bd  SysCtlPeripheralEnable                
0000394d  SysCtlPeripheralReady                 
00003f9b  TimerClockSourceSet                   
000031d9  TimerConfigure                        
00003d85  TimerDisable                          
00003ef1  TimerEnable                           
00003e79  TimerLoadSet                          
00003fa1  TimerLoadSet64                        
00003f45  TimerValueGet                         
00003e0f  TimerValueGet64                       
00003a55  _ZN5Timer10isWideBaseEj               
00001d85  _ZN5Timer23enablePeripheralForBaseEj  
00002985  _ZN5Timer5beginEjj                    
00003d9d  _ZN5TimerC1Ev                         
00003d9d  _ZN5TimerC2Ev                         
00003f4f  _ZN6Button10wasPressedEv              
00003f59  _ZN6Button11wasReleasedEv             
00003bf5  _ZN6Button12readPhysicalEv            
00003fa7  _ZN6Button13setDebounceMsEi           
00003b13  _ZN6Button14applyPadConfigEv          
00003fab  _ZN6Button17setTickIntervalMsEj       
00001a8f  _ZN6Button3fsmEb                      
000037e5  _ZN6Button4tickEv                     
00003b41  _ZN6Button5beginEv                    
00003cfd  _ZN6Button5resetEv                    
00003605  _ZN6Button8debounceEb                 
00003faf  _ZN6Button8newStateENS_12StateMachineE
00001ed9  _ZN6ButtonC1Ehjjj10ButtonPull         
00001ed9  _ZN6ButtonC2Ehjjj10ButtonPull         
0000348d  _ZNK5Timer6microsEv                   
00003e8b  _ZNK5Timer6millisEv                   
20008840  __STACK_END                           
00000800  __STACK_SIZE                          
20008240  __STACK_TOP                           
000048e8  __TI_CINIT_Base                       
000048f8  __TI_CINIT_Limit                      
000048d4  __TI_Handler_Table_Base               
000048e0  __TI_Handler_Table_Limit              
00003239  __TI_auto_init_nobinit                
000030a5  __TI_decompress_lzss                  
00003eff  __TI_decompress_none                  
00003349  __TI_ltoa                             
ffffffff  __TI_pprof_out_hndl                   
00000201  __TI_printfi                          
ffffffff  __TI_prof_data_size                   
ffffffff  __TI_prof_data_start                  
00000000  __TI_static_base__                    
00003d19  __TI_zero_init_nomemset               
00002c73  __aeabi_cdcmpeq                       
00002c73  __aeabi_cdcmple                       
00002cf9  __aeabi_cdrcmple                      
0000364d  __aeabi_d2iz                          
000018e3  __aeabi_dadd                          
00002159  __aeabi_ddiv                          
000024c5  __aeabi_dmul                          
000018d9  __aeabi_dsub                          
00003f75  __aeabi_errno_addr                    
00003b6f  __aeabi_i2d                           
00002983  __aeabi_idiv0                         
00002983  __aeabi_ldiv0                         
00002e79  __aeabi_memclr                        
00002e79  __aeabi_memclr4                       
00002e79  __aeabi_memclr8                       
00002a2d  __aeabi_memcpy                        
00002a2d  __aeabi_memcpy4                       
00002a2d  __aeabi_memcpy8                       
00002e7b  __aeabi_memset                        
00002e7b  __aeabi_memset4                       
00002e7b  __aeabi_memset8                       
00002ac9  __aeabi_uldivmod                      
ffffffff  __binit__                             
ffffffff  __c_args__                            
UNDEFED   __mpu_init                            
20008040  __stack                               
20000000  __start___llvm_prf_cnts               
00003a85  __sti___8_main_cpp_f9572fa8           
20000000  __stop___llvm_prf_cnts                
000039f1  _c_int00_noargs                       
00004464  _ctypes_                              
UNDEFED   _system_post_cinit                    
00003fb3  _system_pre_init                      
00003fb7  abort                                 
000034d9  atoi                                  
ffffffff  binit                                 
00003d6b  copysign                              
00003d6b  copysignl                             
2000803c  errno                                 
00003175  frexp                                 
00003175  frexpl                                
20008038  gRunning                              
20008034  gStopwatchMs                          
20008030  gSystemClock                          
00000000  g_pfnVectors                          
00004884  g_psDefaultCodePointMapTable          
0000485c  g_sCrystalfontz128x128                
00004568  g_sFontFixed6x8                       
000023b5  ldexp                                 
000023b5  ldexpl                                
0000152d  main                                  
00003d35  memccpy                               
00002a2d  memcpy                                
00002e81  memset                                
000023b5  scalbn                                
000023b5  scalbnl                               
00003525  snprintf                              
00003e25  strchr                                
00003e65  strlen                                
00003e9d  wcslen                                


GLOBAL SYMBOLS: SORTED BY Symbol Address 

address   name                                  
-------   ----                                  
00000000  __TI_static_base__                    
00000000  g_pfnVectors                          
00000201  __TI_printfi                          
00000800  __STACK_SIZE                          
00000ec1  GrFontGlyphRender                     
0000132d  SysCtlClockFreqSet                    
0000152d  main                                  
000018d9  __aeabi_dsub                          
000018e3  __aeabi_dadd                          
00001a8f  _ZN6Button3fsmEb                      
00001c19  GPIOPadConfigSet                      
00001d85  _ZN5Timer23enablePeripheralForBaseEj  
00001ed9  _ZN6ButtonC1Ehjjj10ButtonPull         
00001ed9  _ZN6ButtonC2Ehjjj10ButtonPull         
00002159  __aeabi_ddiv                          
000023b5  ldexp                                 
000023b5  ldexpl                                
000023b5  scalbn                                
000023b5  scalbnl                               
000024c5  __aeabi_dmul                          
00002755  GrDefaultStringRenderer               
00002815  Crystalfontz128x128_Init              
00002983  __aeabi_idiv0                         
00002983  __aeabi_ldiv0                         
00002985  _ZN5Timer5beginEjj                    
00002a2d  __aeabi_memcpy                        
00002a2d  __aeabi_memcpy4                       
00002a2d  __aeabi_memcpy8                       
00002a2d  memcpy                                
00002ac9  __aeabi_uldivmod                      
00002b61  Crystalfontz128x128_SetDrawFrame      
00002bed  GrRectFill                            
00002c73  __aeabi_cdcmpeq                       
00002c73  __aeabi_cdcmple                       
00002cf9  __aeabi_cdrcmple                      
00002d81  HAL_LCD_PortInit                      
00002dfd  HAL_LCD_SpiInit                       
00002e79  __aeabi_memclr                        
00002e79  __aeabi_memclr4                       
00002e79  __aeabi_memclr8                       
00002e7b  __aeabi_memset                        
00002e7b  __aeabi_memset4                       
00002e7b  __aeabi_memset8                       
00002e81  memset                                
00002fd5  GrContextInit                         
0000303d  GrStringWidthGet                      
000030a5  __TI_decompress_lzss                  
0000310d  GrRectDraw                            
00003175  frexp                                 
00003175  frexpl                                
000031d9  TimerConfigure                        
00003239  __TI_auto_init_nobinit                
00003349  __TI_ltoa                             
00003441  GPIOPinConfigure                      
0000348d  _ZNK5Timer6microsEv                   
000034d9  atoi                                  
00003525  snprintf                              
00003605  _ZN6Button8debounceEb                 
0000364d  __aeabi_d2iz                          
00003695  GrLineDrawH                           
000036db  GrLineDrawV                           
00003721  HAL_LCD_writeCommand                  
000037a5  Crystalfontz128x128_SetOrientation    
000037e5  _ZN6Button4tickEv                     
0000389d  SSIConfigSetExpClk                    
0000394d  SysCtlPeripheralReady                 
000039bd  SysCtlPeripheralEnable                
000039f1  _c_int00_noargs                       
00003a55  _ZN5Timer10isWideBaseEj               
00003a85  __sti___8_main_cpp_f9572fa8           
00003ae5  GrStringNextCharGet                   
00003b13  _ZN6Button14applyPadConfigEv          
00003b41  _ZN6Button5beginEv                    
00003b6f  __aeabi_i2d                           
00003b9d  GPIODirModeSet                        
00003bc9  GrFontBaselineGet                     
00003bf5  _ZN6Button12readPhysicalEv            
00003c1f  GrFontInfoGet                         
00003c45  GrFontGlyphDataGet                    
00003ca7  GrFontCodepageGet                     
00003ce1  HAL_LCD_writeData                     
00003cfd  _ZN6Button5resetEv                    
00003d19  __TI_zero_init_nomemset               
00003d35  memccpy                               
00003d51  GPIOPinTypeGPIOOutput                 
00003d6b  copysign                              
00003d6b  copysignl                             
00003d85  TimerDisable                          
00003d9d  _ZN5TimerC1Ev                         
00003d9d  _ZN5TimerC2Ev                         
00003dcd  GPIOPinTypeGPIOInput                  
00003de3  GPIOPinTypeSSI                        
00003df9  GrStringDraw                          
00003e0f  TimerValueGet64                       
00003e25  strchr                                
00003e65  strlen                                
00003e79  TimerLoadSet                          
00003e8b  _ZNK5Timer6millisEv                   
00003e9d  wcslen                                
00003eb1  FPUEnable                             
00003ec1  FPULazyStackingEnable                 
00003ed1  IntMasterDisable                      
00003ee1  IntMasterEnable                       
00003ef1  TimerEnable                           
00003eff  __TI_decompress_none                  
00003f0d  CPUcpsid                              
00003f19  CPUcpsie                              
00003f31  SSIDataPut                            
00003f3b  SSIEnable                             
00003f45  TimerValueGet                         
00003f4f  _ZN6Button10wasPressedEv              
00003f59  _ZN6Button11wasReleasedEv             
00003f63  GrMapISO8859_1_Unicode                
00003f6b  SSIBusy                               
00003f75  __aeabi_errno_addr                    
00003f7d  GPIOPinRead                           
00003f83  GPIOPinWrite                          
00003f89  GrContextFontSet                      
00003f8f  ResetISR                              
00003f95  SysCtlDelay                           
00003f9b  TimerClockSourceSet                   
00003fa1  TimerLoadSet64                        
00003fa7  _ZN6Button13setDebounceMsEi           
00003fab  _ZN6Button17setTickIntervalMsEj       
00003faf  _ZN6Button8newStateENS_12StateMachineE
00003fb3  _system_pre_init                      
00003fb7  C$$EXIT                               
00003fb7  abort                                 
00004464  _ctypes_                              
00004568  g_sFontFixed6x8                       
0000485c  g_sCrystalfontz128x128                
00004884  g_psDefaultCodePointMapTable          
000048ac  SHT$$INIT_ARRAY$$Base                 
000048b0  SHT$$INIT_ARRAY$$Limit                
000048d4  __TI_Handler_Table_Base               
000048e0  __TI_Handler_Table_Limit              
000048e8  __TI_CINIT_Base                       
000048f8  __TI_CINIT_Limit                      
20000000  Lcd_buffer                            
20000000  __start___llvm_prf_cnts               
20000000  __stop___llvm_prf_cnts                
20008030  gSystemClock                          
20008034  gStopwatchMs                          
20008038  gRunning                              
2000803c  errno                                 
20008040  __stack                               
20008240  __STACK_TOP                           
20008840  __STACK_END                           
200089ac  Lcd_ScreenHeigth                      
200089ae  Lcd_ScreenWidth                       
200089b0  Lcd_TouchTrim                         
200089b2  Lcd_FlagRead                          
200089b3  Lcd_FontSolid                         
200089b4  Lcd_Orientation                       
200089b5  Lcd_PenSolid                          
ffffffff  __TI_pprof_out_hndl                   
ffffffff  __TI_prof_data_size                   
ffffffff  __TI_prof_data_start                  
ffffffff  __binit__                             
ffffffff  __c_args__                            
ffffffff  binit                                 
UNDEFED   __mpu_init                            
UNDEFED   _system_post_cinit                    

[163 symbols]
